******************************************************************************
                  TI ARM Linker Unix v18.1.3                   
******************************************************************************
>> Linked Wed Sep  4 19:39:53 2019

OUTPUT FILE NAME:   <TCC.out>
ENTRY POINT SYMBOL: "_c_int00_noargs"  address: 00009451


MEMORY CONFIGURATION

         name            origin    length      used     unused   attr    fill
----------------------  --------  ---------  --------  --------  ----  --------
  FLASH                 00000000   00040000  0000a1ae  00035e52  R  X
  SRAM                  20000000   00008000  00001500  00006b00  RW X


SEGMENT ALLOCATION MAP

run origin  load origin   length   init length attrs members
----------  ----------- ---------- ----------- ----- -------
00000000    00000000    0000a1b0   0000a1b0    r-x
  00000000    00000000    0000026c   0000026c    r-- .intvecs
  0000026c    0000026c    00009422   00009422    r-x .text
  00009690    00009690    00000aa0   00000aa0    r-- .const
  0000a130    0000a130    00000080   00000080    r-- .cinit
20000000    20000000    00001504   00000000    rw-
  20000000    20000000    0000026c   00000000    rw- .vtable
  20000270    20000270    00001000   00000000    rw- .stack
  20001270    20001270    0000015c   00000000    rw- .data
  200013cc    200013cc    00000138   00000000    rw- .bss


SECTION ALLOCATION MAP

 output                                  attributes/
section   page    origin      length       input sections
--------  ----  ----------  ----------   ----------------
.intvecs   0    00000000    0000026c     
                  00000000    0000026c     tm4c123gh6pm_startup_ccs.obj (.intvecs)

.text      0    0000026c    00009422     
                  0000026c    00002b04     timer.obj (.text)
                  00002d70    000012ec     MadgwickAHRS.obj (.text)
                  0000405c    00000d44     MPU9250.obj (.text)
                  00004da0    00000964     gps.obj (.text)
                  00005704    00000738     rtsv7M4_T_le_v4SPD16_eabi.lib : k_rem_pio2.c.obj (.text:__kernel_rem_pio2)
                  00005e3c    000005dc                                   : s_cos.c.obj (.text:cos)
                  00006418    000005c4                                   : s_sin.c.obj (.text:sin)
                  000069dc    0000049c     uartstdio.obj (.text)
                  00006e78    00000460     rtsv7M4_T_le_v4SPD16_eabi.lib : strtod.c.obj (.text:strtod)
                  000072d8    000003d8                                   : e_asin.c.obj (.text:asin)
                  000076b0    000002ec                                   : s_atan.c.obj (.text:atan)
                  0000799c    000002bc     uartout.obj (.text)
                  00007c58    00000238     rtsv7M4_T_le_v4SPD16_eabi.lib : e_fmod.c.obj (.text:fmod)
                  00007e90    000001ec                                   : e_atan2.c.obj (.text:atan2)
                  0000807c    000001b6                                   : fd_add_t2.asm.obj (.text)
                  00008232    00000002                                   : div0.asm.obj (.text)
                  00008234    00000174                                   : k_sin.c.obj (.text:__kernel_sin)
                  000083a8    00000170                                   : e_asinf.c.obj (.text:asinf)
                  00008518    0000016c                                   : k_cos.c.obj (.text:__kernel_cos)
                  00008684    00000158                                   : e_atan2f.c.obj (.text:atan2f)
                  000087dc    00000158                                   : e_sqrt.c.obj (.text:sqrt)
                  00008934    00000150                                   : s_atanf.c.obj (.text:atanf)
                  00008a84    00000136                                   : fd_div_t2.asm.obj (.text)
                  00008bba    00000002     --HOLE-- [fill = 0]
                  00008bbc    00000110     i2c1.obj (.text)
                  00008ccc    00000110     rtsv7M4_T_le_v4SPD16_eabi.lib : s_scalbn.c.obj (.text:scalbn)
                  00008ddc    000000fc                                   : fd_mul_t2.asm.obj (.text)
                  00008ed8    000000f8                                   : s_floor.c.obj (.text:floor)
                  00008fd0    0000009c                                   : memcpy_t2.asm.obj (.text)
                  0000906c    00000086                                   : fd_cmp_t2.asm.obj (.text:__aeabi_cdcmple)
                  000090f2    00000086                                   : fd_cmp_t2.asm.obj (.text:__aeabi_cdrcmple)
                  00009178    0000006e                                   : fd_tos_t2.asm.obj (.text)
                  000091e6    00000068                                   : copy_decompress_lzss.c.obj (.text:decompress:lzss:__TI_decompress_lzss)
                  0000924e    00000002     --HOLE-- [fill = 0]
                  00009250    00000054     main.obj (.text)
                  000092a4    0000004c     driverlib.lib : i2c.obj (.text:I2CMasterInitExpClk)
                  000092f0    0000004c     rtsv7M4_T_le_v4SPD16_eabi.lib : atoi.c.obj (.text:atoi)
                  0000933c    00000048                                   : fd_toi_t2.asm.obj (.text)
                  00009384    00000046     driverlib.lib : uart.obj (.text:UARTConfigSetExpClk)
                  000093ca    00000002     --HOLE-- [fill = 0]
                  000093cc    00000044     rtsv7M4_T_le_v4SPD16_eabi.lib : autoinit.c.obj (.text:__TI_auto_init_nobinit_nopinit:__TI_auto_init_nobinit_nopinit)
                  00009410    00000040                                   : u_divt2.asm.obj (.text)
                  00009450    00000038                                   : boot_cortex_m.c.obj (.text:_c_int00_noargs:_c_int00_noargs)
                  00009488    00000038                                   : fs_tod_t2.asm.obj (.text)
                  000094c0    00000034                                   : strstr.c.obj (.text:strstr)
                  000094f4    0000002e                                   : i_tofd_t2.asm.obj (.text)
                  00009522    00000002     --HOLE-- [fill = 0]
                  00009524    00000020     driverlib.lib : uart.obj (.text:UARTDisable)
                  00009544    00000014                   : uart.obj (.text:UARTEnable)
                  00009558    00000014     rtsv7M4_T_le_v4SPD16_eabi.lib : s_copysign.c.obj (.text:copysign)
                  0000956c    00000012                                   : atof.c.obj (.text:atof)
                  0000957e    00000012                                   : copy_zero_init.c.obj (.text:decompress:ZI:__TI_zero_init_nomemset:__TI_zero_init_nomemset)
                  00009590    00000010     driverlib.lib : fpu.obj (.text:FPUEnable)
                  000095a0    00000010                   : fpu.obj (.text:FPULazyStackingEnable)
                  000095b0    0000000e                   : uart.obj (.text:UARTCharGetNonBlocking)
                  000095be    0000000e                   : uart.obj (.text:UARTCharPutNonBlocking)
                  000095cc    0000000e                   : uart.obj (.text:UARTCharsAvail)
                  000095da    0000000e     rtsv7M4_T_le_v4SPD16_eabi.lib : copy_decompress_none.c.obj (.text:decompress:none:__TI_decompress_none)
                  000095e8    0000000c     driverlib.lib : cpu.obj (.text:CPUcpsid)
                  000095f4    0000000c                   : cpu.obj (.text:CPUcpsie)
                  00009600    0000000c     tm4c123gh6pm_startup_ccs.obj (.text)
                  0000960c    0000000a     driverlib.lib : cpu.obj (.text:CPUbasepriGet)
                  00009616    0000000a                   : i2c.obj (.text:I2CMasterEnable)
                  00009620    0000000a                   : uart.obj (.text:UARTCharGet)
                  0000962a    0000000a                   : uart.obj (.text:UARTCharPut)
                  00009634    0000000a                   : uart.obj (.text:UARTIntStatus)
                  0000963e    00000008                   : i2c.obj (.text:I2CMasterBusy)
                  00009646    00000008                   : i2c.obj (.text:I2CMasterSlaveAddrSet)
                  0000964e    00000008                   : uart.obj (.text:UARTIntEnable)
                  00009656    00000002     --HOLE-- [fill = 0]
                  00009658    00000008     rtsv7M4_T_le_v4SPD16_eabi.lib : errno.c.obj (.text:__aeabi_errno_addr)
                  00009660    00000006     driverlib.lib : cpu.obj (.text:CPUbasepriSet)
                  00009666    00000006     timer.obj (.text:SysCtlDelay)
                  0000966c    00000006     driverlib.lib : uart.obj (.text:UARTClockSourceSet)
                  00009672    00000004                   : cpu.obj (.text:CPUwfi)
                  00009676    00000004                   : i2c.obj (.text:I2CMasterControl)
                  0000967a    00000004                   : i2c.obj (.text:I2CMasterDataGet)
                  0000967e    00000004                   : i2c.obj (.text:I2CMasterDataPut)
                  00009682    00000004                   : uart.obj (.text:UARTIntClear)
                  00009686    00000004     rtsv7M4_T_le_v4SPD16_eabi.lib : pre_init.c.obj (.text:_system_pre_init)
                  0000968a    00000004                                   : exit.c.obj (.text:abort:abort)

.const     0    00009690    00000aa0     
                  00009690    000001b0     timer.obj (.const:g_pppui32XTALtoVCO)
                  00009840    00000158     rtsv7M4_T_le_v4SPD16_eabi.lib : k_rem_pio2.c.obj (.const:$O1$$)
                  00009998    00000101                                   : ctype.c.obj (.const:.string:_ctypes_)
                  00009a99    00000003     --HOLE-- [fill = 0]
                  00009a9c    000000d8     timer.obj (.const:g_ppui32GPIOIntMapSnowflake)
                  00009b74    00000004     uartstdio.obj (.const)
                  00009b78    000000c8     rtsv7M4_T_le_v4SPD16_eabi.lib : strtod.c.obj (.const:$O1$$)
                  00009c40    000000c0     timer.obj (.const:g_ppui32GPIOIntMapBlizzard)
                  00009d00    0000009c     timer.obj (.const:g_pui32Regs)
                  00009d9c    00000004     --HOLE-- [fill = 0]
                  00009da0    00000098     rtsv7M4_T_le_v4SPD16_eabi.lib : s_atan.c.obj (.const:$O1$$)
                  00009e38    00000090     timer.obj (.const:g_pui32GPIOBaseAddrs)
                  00009ec8    0000006c     timer.obj (.const:g_pui32Xtals)
                  00009f34    00000060     timer.obj (.const:g_ppui32TimerIntMap)
                  00009f94    00000040     timer.obj (.const:g_ppui32TimerIntMapSnowflake)
                  00009fd4    00000034     rtsv7M4_T_le_v4SPD16_eabi.lib : s_atanf.c.obj (.const:$O1$$)
                  0000a008    00000030     timer.obj (.const:g_sXTALtoMEMTIM)
                  0000a038    00000020     timer.obj (.const:g_pui32Priority)
                  0000a058    00000020     rtsv7M4_T_le_v4SPD16_eabi.lib : e_asinf.c.obj (.const)
                  0000a078    00000014     timer.obj (.const:g_pui32Dii16Regs)
                  0000a08c    00000014     timer.obj (.const:g_pui32EnRegs)
                  0000a0a0    00000014     timer.obj (.const:g_pui32PendRegs)
                  0000a0b4    00000014     timer.obj (.const:g_pui32UnpendRegs)
                  0000a0c8    00000012     uartstdio.obj (.const:.string)
                  0000a0da    00000002     --HOLE-- [fill = 0]
                  0000a0dc    00000010     MPU9250.obj (.const:$P$T0$1)
                  0000a0ec    00000010     MPU9250.obj (.const:$P$T1$2)
                  0000a0fc    00000004     --HOLE-- [fill = 0]
                  0000a100    00000010     rtsv7M4_T_le_v4SPD16_eabi.lib : e_fmod.c.obj (.const:Zero)
                  0000a110    0000000c     uartstdio.obj (.const:g_ui32UARTBase)
                  0000a11c    0000000c     uartstdio.obj (.const:g_ui32UARTPeriph)
                  0000a128    00000008     timer.obj (.const:g_pui32VCOFrequencies)

.cinit     0    0000a130    00000080     
                  0000a130    0000004a     (.cinit..data.load) [load image, compression = lzss]
                  0000a17a    00000002     --HOLE-- [fill = 0]
                  0000a17c    0000000c     (__TI_handler_table)
                  0000a188    00000008     (.cinit..bss.load) [load image, compression = zero_init]
                  0000a190    00000008     (.cinit..vtable.load) [load image, compression = zero_init]
                  0000a198    00000018     (__TI_cinit_table)

.init_array 
*          0    00000000    00000000     UNINITIALIZED

.vtable    0    20000000    0000026c     UNINITIALIZED
                  20000000    0000026c     timer.obj (.vtable)

.data      0    20001270    0000015c     UNINITIALIZED
                  20001270    00000078     gps.obj (.data)
                  200012e8    0000006c     MPU9250.obj (.data)
                  20001354    00000020     MadgwickAHRS.obj (.data)
                  20001374    00000004     rtsv7M4_T_le_v4SPD16_eabi.lib : errno.c.obj (.data)
                  20001378    00000018     MPU9250.obj (.data:mag_offset)
                  20001390    00000018     MPU9250.obj (.data:mag_scale)
                  200013a8    0000000c     MPU9250.obj (.data:acclBias)
                  200013b4    0000000c     MPU9250.obj (.data:gyroBias)
                  200013c0    00000005     uartstdio.obj (.data)
                  200013c5    00000003     MPU9250.obj (.data:mag_aj)
                  200013c8    00000004     timer.obj (.data)

.bss       0    200013cc    00000138     UNINITIALIZED
                  200013cc    00000138     (.common:data)

.stack     0    20000270    00001000     UNINITIALIZED
                  20000270    00000004     rtsv7M4_T_le_v4SPD16_eabi.lib : boot_cortex_m.c.obj (.stack)
                  20000274    00000ffc     --HOLE--

MODULE SUMMARY

       Module                         code    ro data   rw data
       ------                         ----    -------   -------
    ./
       timer.obj                      11018   1576      624    
       MadgwickAHRS.obj               4844    0         32     
       MPU9250.obj                    3396    32        183    
       gps.obj                        2404    0         432    
       uartstdio.obj                  1180    46        5      
       uartout.obj                    700     0         0      
       tm4c123gh6pm_startup_ccs.obj   12      620       0      
       i2c1.obj                       272     0         0      
       main.obj                       84      0         0      
    +--+------------------------------+-------+---------+---------+
       Total:                         23910   2274      1276   
                                                               
    /home/mairon/ti/TivaWare_C_Series/driverlib/ccs/Debug/driverlib.lib
       uart.obj                       212     0         0      
       i2c.obj                        114     0         0      
       cpu.obj                        44      0         0      
       fpu.obj                        32      0         0      
    +--+------------------------------+-------+---------+---------+
       Total:                         402     0         0      
                                                               
    /home/mairon/ti/ccsv8/tools/compiler/ti-cgt-arm_18.1.3.LTS/lib/rtsv7M4_T_le_v4SPD16_eabi.lib
       k_rem_pio2.c.obj               1848    344       0      
       s_cos.c.obj                    1500    0         0      
       s_sin.c.obj                    1476    0         0      
       strtod.c.obj                   1120    200       0      
       e_asin.c.obj                   984     0         0      
       s_atan.c.obj                   748     152       0      
       e_fmod.c.obj                   568     16        0      
       e_atan2.c.obj                  492     0         0      
       fd_add_t2.asm.obj              438     0         0      
       e_asinf.c.obj                  368     32        0      
       s_atanf.c.obj                  336     52        0      
       k_sin.c.obj                    372     0         0      
       k_cos.c.obj                    364     0         0      
       e_atan2f.c.obj                 344     0         0      
       e_sqrt.c.obj                   344     0         0      
       fd_div_t2.asm.obj              310     0         0      
       s_scalbn.c.obj                 272     0         0      
       fd_cmp_t2.asm.obj              268     0         0      
       ctype.c.obj                    0       257       0      
       fd_mul_t2.asm.obj              252     0         0      
       s_floor.c.obj                  248     0         0      
       memcpy_t2.asm.obj              156     0         0      
       fd_tos_t2.asm.obj              110     0         0      
       copy_decompress_lzss.c.obj     104     0         0      
       atoi.c.obj                     76      0         0      
       fd_toi_t2.asm.obj              72      0         0      
       autoinit.c.obj                 68      0         0      
       u_divt2.asm.obj                64      0         0      
       boot_cortex_m.c.obj            56      0         0      
       fs_tod_t2.asm.obj              56      0         0      
       strstr.c.obj                   52      0         0      
       i_tofd_t2.asm.obj              46      0         0      
       s_copysign.c.obj               20      0         0      
       atof.c.obj                     18      0         0      
       copy_zero_init.c.obj           18      0         0      
       copy_decompress_none.c.obj     14      0         0      
       errno.c.obj                    8       0         4      
       exit.c.obj                     4       0         0      
       pre_init.c.obj                 4       0         0      
       div0.asm.obj                   2       0         0      
    +--+------------------------------+-------+---------+---------+
       Total:                         13600   1053      4      
                                                               
       Stack:                         0       0         4096   
       Linker Generated:              0       126       0      
    +--+------------------------------+-------+---------+---------+
       Grand Total:                   37912   3453      5376   


LINKER GENERATED COPY TABLES

__TI_cinit_table @ 0000a198 records: 3, size/record: 8, table size: 24
	.data: load addr=0000a130, load size=0000004a bytes, run addr=20001270, run size=0000015c bytes, compression=lzss
	.bss: load addr=0000a188, load size=00000008 bytes, run addr=200013cc, run size=00000138 bytes, compression=zero_init
	.vtable: load addr=0000a190, load size=00000008 bytes, run addr=20000000, run size=0000026c bytes, compression=zero_init


LINKER GENERATED HANDLER TABLE

__TI_handler_table @ 0000a17c records: 3, size/record: 4, table size: 12
	index: 0, handler: __TI_zero_init
	index: 1, handler: __TI_decompress_lzss
	index: 2, handler: __TI_decompress_none


GLOBAL SYMBOLS: SORTED ALPHABETICALLY BY Name 

address   name                            
-------   ----                            
0000536f  Altitude                        
000053b1  Bearing                         
0000968b  C$$EXIT                         
0000960d  CPUbasepriGet                   
00009661  CPUbasepriSet                   
000095e9  CPUcpsid                        
000095f5  CPUcpsie                        
00009673  CPUwfi                          
0000414b  CalibrateMPU                    
000049d9  EulerAngles                     
00009591  FPUEnable                       
000095a1  FPULazyStackingEnable           
00002ccd  GPIOADCTriggerDisable           
00002caf  GPIOADCTriggerEnable            
00002c91  GPIODMATriggerDisable           
00002c73  GPIODMATriggerEnable            
00002207  GPIODirModeGet                  
000021ab  GPIODirModeSet                  
00002783  GPIOIntClear                    
00002747  GPIOIntDisable                  
0000272d  GPIOIntEnable                   
00002797  GPIOIntRegister                 
000027cf  GPIOIntRegisterPin              
00002761  GPIOIntStatus                   
00002301  GPIOIntTypeGet                  
0000225d  GPIOIntTypeSet                  
000027b5  GPIOIntUnregister               
000027fd  GPIOIntUnregisterPin            
000025db  GPIOPadConfigGet                
000023a1  GPIOPadConfigSet                
00002c15  GPIOPinConfigure                
00002821  GPIOPinRead                     
00002859  GPIOPinTypeADC                  
0000287d  GPIOPinTypeCAN                  
000028a1  GPIOPinTypeComparator           
000028c5  GPIOPinTypeComparatorOutput     
000028e9  GPIOPinTypeDIVSCLK              
0000290d  GPIOPinTypeEPI                  
00002931  GPIOPinTypeEthernetLED          
00002955  GPIOPinTypeEthernetMII          
00002979  GPIOPinTypeGPIOInput            
0000299d  GPIOPinTypeGPIOOutput           
000029c1  GPIOPinTypeGPIOOutputOD         
000029e5  GPIOPinTypeHibernateRTCCLK      
00002a09  GPIOPinTypeI2C                  
00002a2d  GPIOPinTypeI2CSCL               
00002a51  GPIOPinTypeLCD                  
00002a75  GPIOPinTypeOneWire              
00002a99  GPIOPinTypePWM                  
00002abd  GPIOPinTypeQEI                  
00002ae1  GPIOPinTypeSSI                  
00002b05  GPIOPinTypeTimer                
00002b29  GPIOPinTypeTrace                
00002b4d  GPIOPinTypeUART                 
00002b71  GPIOPinTypeUSBAnalog            
00002b95  GPIOPinTypeUSBDigital           
00002bb9  GPIOPinTypeWakeHigh             
00002bdf  GPIOPinTypeWakeLow              
00002c05  GPIOPinWakeStatus               
00002839  GPIOPinWrite                    
00004799  GravityVector                   
00005389  GroundSpeed                     
00005599  HaversineFormula                
0000963f  I2CMasterBusy                   
00009677  I2CMasterControl                
0000967b  I2CMasterDataGet                
0000967f  I2CMasterDataPut                
00009617  I2CMasterEnable                 
000092a5  I2CMasterInitExpClk             
00009647  I2CMasterSlaveAddrSet           
00004da1  InitGPS                         
00008bbd  InitI2C1                        
000040b7  InitMPU9250                     
00004107  InitMag                         
000004a9  IntDisable                      
00000437  IntEnable                       
00000525  IntIsEnabled                    
000002fb  IntMasterDisable                
000002eb  IntMasterEnable                 
0000061d  IntPendClear                    
000005ad  IntPendSet                      
00000413  IntPriorityGet                  
0000038b  IntPriorityGroupingGet          
00000371  IntPriorityGroupingSet          
00000677  IntPriorityMaskGet              
0000066b  IntPriorityMaskSet              
000003c3  IntPrioritySet                  
0000030b  IntRegister                     
0000067f  IntTrigger                      
0000035d  IntUnregister                   
000051e5  Latitude                        
00004849  LinearAcceleration              
000052ad  Longitude                       
00002d71  MadgwickAHRSupdate              
00003a4d  MadgwickAHRSupdateIMU           
000048c9  NEDAcceleration                 
00004b9d  QuartenionProduct               
00008c5f  ReadI2C1                        
0000405d  Read_Word_2c                    
00009601  ResetISR                        
000015f5  SysCtlAltClkConfig              
00000d1d  SysCtlClockFreqSet              
000011e5  SysCtlClockGet                  
000015d9  SysCtlClockOutConfig            
00001015  SysCtlClockSet                  
00000c21  SysCtlDeepSleep                 
000013a9  SysCtlDeepSleepClockConfigSet   
0000138b  SysCtlDeepSleepClockSet         
00000c01  SysCtlDeepSleepPowerSet         
00009667  SysCtlDelay                     
00000795  SysCtlFlashSectorSizeGet        
00000769  SysCtlFlashSizeGet              
0000147f  SysCtlGPIOAHBDisable            
00001463  SysCtlGPIOAHBEnable             
00000b95  SysCtlIntClear                  
00000b81  SysCtlIntDisable                
00000b69  SysCtlIntEnable                 
00000b45  SysCtlIntRegister               
00000ba5  SysCtlIntStatus                 
00000b59  SysCtlIntUnregister             
00000be7  SysCtlLDODeepSleepGet           
00000bd7  SysCtlLDODeepSleepSet           
00000bd1  SysCtlLDOSleepGet               
00000bc1  SysCtlLDOSleepSet               
00000c57  SysCtlMOSCConfigSet             
000015bd  SysCtlNMIClear                  
000015a9  SysCtlNMIStatus                 
00000c6d  SysCtlPIOSCCalibrate            
0000144d  SysCtlPWMClockGet               
00001433  SysCtlPWMClockSet               
00000aed  SysCtlPeripheralClockGating     
00000aad  SysCtlPeripheralDeepSleepDisable
00000a55  SysCtlPeripheralDeepSleepEnable 
00000995  SysCtlPeripheralDisable         
00000951  SysCtlPeripheralEnable          
00000885  SysCtlPeripheralPowerOff        
00000845  SysCtlPeripheralPowerOn         
000007c1  SysCtlPeripheralPresent         
00000801  SysCtlPeripheralReady           
000008c5  SysCtlPeripheralReset           
00000a19  SysCtlPeripheralSleepDisable    
000009d9  SysCtlPeripheralSleepEnable     
00000c11  SysCtlReset                     
00000ccd  SysCtlResetBehaviorGet          
00000cbd  SysCtlResetBehaviorSet          
00000c43  SysCtlResetCauseClear           
00000c3d  SysCtlResetCauseGet             
0000075f  SysCtlSRAMSizeGet               
00000c19  SysCtlSleep                     
00000bed  SysCtlSleepPowerSet             
000014a7  SysCtlUSBPLLDisable             
0000149b  SysCtlUSBPLLEnable              
000014ed  SysCtlVCOGet                    
000014d5  SysCtlVoltageEventClear         
000014b9  SysCtlVoltageEventConfig        
000014c9  SysCtlVoltageEventStatus        
00000279  SysTickDisable                  
0000026d  SysTickEnable                   
00002ceb  SysTickInt                      
000002bd  SysTickIntDisable               
000002b1  SysTickIntEnable                
00000285  SysTickIntRegister              
0000029d  SysTickIntUnregister            
000002db  SysTickPeriodGet                
000002c9  SysTickPeriodSet                
000002e3  SysTickValueGet                 
0000516d  Time                            
00001c01  TimerADCEventGet                
00001bef  TimerADCEventSet                
00002d0d  TimerBegin                      
0000191b  TimerClockSourceGet             
00001907  TimerClockSourceSet             
000016c9  TimerConfigure                  
00001801  TimerControlEvent               
00001749  TimerControlLevel               
0000182b  TimerControlStall               
0000178d  TimerControlTrigger             
0000186d  TimerControlWaitOnTrigger       
00001c21  TimerDMAEventGet                
00001c0f  TimerDMAEventSet                
000016a7  TimerDisable                    
00001689  TimerEnable                     
00001bcb  TimerIntClear                   
00001b95  TimerIntDisable                 
00001b7d  TimerIntEnable                  
00001b37  TimerIntRegister                
00001bad  TimerIntStatus                  
00001b5f  TimerIntUnregister              
000019ef  TimerLoadGet                    
00001a25  TimerLoadGet64                  
000019c5  TimerLoadSet                    
00001a0b  TimerLoadSet64                  
00001acf  TimerMatchGet                   
00001b05  TimerMatchGet64                 
00001aa5  TimerMatchSet                   
00001aeb  TimerMatchSet64                 
00001955  TimerPrescaleGet                
000019a9  TimerPrescaleMatchGet           
00001971  TimerPrescaleMatchSet           
0000192b  TimerPrescaleSet                
000018f1  TimerRTCDisable                 
000018d1  TimerRTCEnable                  
00001bdd  TimerSynchronize                
00001c2f  TimerUpdateMode                 
00001a57  TimerValueGet                   
00001a73  TimerValueGet64                 
0000799d  UART0IntHandler                 
00007b35  UART0Send                       
000079e1  UART2IntHandler                 
00007b5d  UART2Send                       
00009621  UARTCharGet                     
000095b1  UARTCharGetNonBlocking          
0000962b  UARTCharPut                     
000095bf  UARTCharPutNonBlocking          
000095cd  UARTCharsAvail                  
0000966d  UARTClockSourceSet              
00009385  UARTConfigSetExpClk             
00009525  UARTDisable                     
00009545  UARTEnable                      
00009683  UARTIntClear                    
0000964f  UARTIntEnable                   
00009635  UARTIntStatus                   
000069dd  UARTStdioConfig                 
00006b23  UARTgetc                        
00006a69  UARTgets                        
00006e43  UARTprintf                      
00007b85  UARTsetup                       
00006b49  UARTvprintf                     
00006a23  UARTwrite                       
00004e45  UpdateDataGPS                   
000043bd  UpdateDataMPU9250               
00008c0b  WriteI2C1                       
20001270  __STACK_END                     
00001000  __STACK_SIZE                    
20000470  __STACK_TOP                     
0000a198  __TI_CINIT_Base                 
0000a1b0  __TI_CINIT_Limit                
0000a17c  __TI_Handler_Table_Base         
0000a188  __TI_Handler_Table_Limit        
000093cd  __TI_auto_init_nobinit_nopinit  
000091e7  __TI_decompress_lzss            
000095db  __TI_decompress_none            
ffffffff  __TI_pprof_out_hndl             
ffffffff  __TI_prof_data_size             
ffffffff  __TI_prof_data_start            
00000000  __TI_static_base__              
0000957f  __TI_zero_init_nomemset         
0000906d  __aeabi_cdcmpeq                 
0000906d  __aeabi_cdcmple                 
000090f3  __aeabi_cdrcmple                
00009179  __aeabi_d2f                     
0000933d  __aeabi_d2iz                    
00008087  __aeabi_dadd                    
00008a85  __aeabi_ddiv                    
00008ddd  __aeabi_dmul                    
0000807d  __aeabi_dsub                    
00009659  __aeabi_errno_addr              
00009489  __aeabi_f2d                     
000094f5  __aeabi_i2d                     
00008233  __aeabi_idiv0                   
00008233  __aeabi_ldiv0                   
00008fd1  __aeabi_memcpy                  
00008fd1  __aeabi_memcpy4                 
00008fd1  __aeabi_memcpy8                 
00009411  __aeabi_uidiv                   
00009411  __aeabi_uidivmod                
ffffffff  __binit__                       
ffffffff  __c_args__                      
00008519  __kernel_cos                    
00005705  __kernel_rem_pio2               
00008235  __kernel_sin                    
UNDEFED   __mpu_init                      
20000270  __stack                         
00009451  _c_int00_noargs                 
00009998  _ctypes_                        
UNDEFED   _system_post_cinit              
00009687  _system_pre_init                
0000968b  abort                           
200013a8  acclBias                        
20001340  acclD                           
2000133c  acclE                           
20001338  acclN                           
2000132c  acclXlin                        
200012e8  acclXraw                        
200012fc  acclXscl                        
20001330  acclYlin                        
200012ea  acclYraw                        
20001300  acclYscl                        
20001334  acclZlin                        
200012ec  acclZraw                        
20001304  acclZscl                        
20001298  alt0                            
20001280  altitude                        
000072d9  asin                            
000083a9  asinf                           
000072d9  asinl                           
000076b1  atan                            
00007e91  atan2                           
00008685  atan2f                          
00007e91  atan2l                          
00008935  atanf                           
000076b1  atanl                           
0000956d  atof                            
000092f1  atoi                            
200012b0  bearing                         
20001354  beta                            
ffffffff  binit                           
00009559  copysign                        
00009559  copysignl                       
00005e3d  cos                             
00005e3d  cosl                            
200012e0  dD                              
200012d8  dE                              
200012d0  dN                              
200013cc  data                            
200012a8  distance                        
20001344  dt                              
20001374  errno                           
00008ed9  floor                           
00008ed9  floorl                          
00007c59  fmod                            
00007c59  fmodl                           
20001350  freq                            
20000000  g_pfnRAMVectors                 
00000000  g_pfnVectors                    
20001320  gravX                           
20001324  gravY                           
20001328  gravZ                           
200012a0  groundspeed                     
200013b4  gyroBias                        
200012ee  gyroXraw                        
20001308  gyroXscl                        
200012f0  gyroYraw                        
2000130c  gyroYscl                        
200012f2  gyroZraw                        
20001310  gyroZscl                        
00005555  hav                             
00003fe9  invSqrt                         
2000134c  lastUpdate                      
20001288  lat0                            
20001270  latitude                        
00008ccd  ldexp                           
00008ccd  ldexpl                          
20001290  lon0                            
20001278  longitude                       
200012f4  magXraw                         
20001314  magXscl                         
200012f6  magYraw                         
20001318  magYscl                         
200012f8  magZraw                         
2000131c  magZscl                         
200013c5  mag_aj                          
20001378  mag_offset                      
20001390  mag_scale                       
00009251  main                            
00008fd1  memcpy                          
200013c8  millis                          
20001348  now                             
2000136c  pitch                           
20001358  q0                              
2000135c  q1                              
20001360  q2                              
20001364  q3                              
20001370  roll                            
00008ccd  scalbn                          
00008ccd  scalbnl                         
00006419  sin                             
00006419  sinl                            
000087dd  sqrt                            
000087dd  sqrtl                           
000094c1  strstr                          
00006e79  strtod                          
00006e79  strtold                         
000020d9  uDMAChannelAssign               
00001d81  uDMAChannelAttributeDisable     
00001d2d  uDMAChannelAttributeEnable      
00001dd5  uDMAChannelAttributeGet         
00001e45  uDMAChannelControlSet           
00001cb9  uDMAChannelDisable              
00001ca1  uDMAChannelEnable               
00001cd1  uDMAChannelIsEnabled            
00002051  uDMAChannelModeGet              
00001d15  uDMAChannelRequest              
00001f7d  uDMAChannelScatterGatherSet     
00002135  uDMAChannelSelectDefault        
00002121  uDMAChannelSelectSecondary      
00002009  uDMAChannelSizeGet              
00001e85  uDMAChannelTransferSet          
00001d0f  uDMAControlAlternateBaseGet     
00001d09  uDMAControlBaseGet              
00001cf9  uDMAControlBaseSet              
00001c8b  uDMADisable                     
00001c83  uDMAEnable                      
00001c99  uDMAErrorStatusClear            
00001c93  uDMAErrorStatusGet              
000020c5  uDMAIntClear                    
00002097  uDMAIntRegister                 
000020bf  uDMAIntStatus                   
000020ad  uDMAIntUnregister               
200012c8  vD                              
200012c0  vE                              
200012b8  vN                              
20001368  yaw                             


GLOBAL SYMBOLS: SORTED BY Symbol Address 

address   name                            
-------   ----                            
00000000  __TI_static_base__              
00000000  g_pfnVectors                    
0000026d  SysTickEnable                   
00000279  SysTickDisable                  
00000285  SysTickIntRegister              
0000029d  SysTickIntUnregister            
000002b1  SysTickIntEnable                
000002bd  SysTickIntDisable               
000002c9  SysTickPeriodSet                
000002db  SysTickPeriodGet                
000002e3  SysTickValueGet                 
000002eb  IntMasterEnable                 
000002fb  IntMasterDisable                
0000030b  IntRegister                     
0000035d  IntUnregister                   
00000371  IntPriorityGroupingSet          
0000038b  IntPriorityGroupingGet          
000003c3  IntPrioritySet                  
00000413  IntPriorityGet                  
00000437  IntEnable                       
000004a9  IntDisable                      
00000525  IntIsEnabled                    
000005ad  IntPendSet                      
0000061d  IntPendClear                    
0000066b  IntPriorityMaskSet              
00000677  IntPriorityMaskGet              
0000067f  IntTrigger                      
0000075f  SysCtlSRAMSizeGet               
00000769  SysCtlFlashSizeGet              
00000795  SysCtlFlashSectorSizeGet        
000007c1  SysCtlPeripheralPresent         
00000801  SysCtlPeripheralReady           
00000845  SysCtlPeripheralPowerOn         
00000885  SysCtlPeripheralPowerOff        
000008c5  SysCtlPeripheralReset           
00000951  SysCtlPeripheralEnable          
00000995  SysCtlPeripheralDisable         
000009d9  SysCtlPeripheralSleepEnable     
00000a19  SysCtlPeripheralSleepDisable    
00000a55  SysCtlPeripheralDeepSleepEnable 
00000aad  SysCtlPeripheralDeepSleepDisable
00000aed  SysCtlPeripheralClockGating     
00000b45  SysCtlIntRegister               
00000b59  SysCtlIntUnregister             
00000b69  SysCtlIntEnable                 
00000b81  SysCtlIntDisable                
00000b95  SysCtlIntClear                  
00000ba5  SysCtlIntStatus                 
00000bc1  SysCtlLDOSleepSet               
00000bd1  SysCtlLDOSleepGet               
00000bd7  SysCtlLDODeepSleepSet           
00000be7  SysCtlLDODeepSleepGet           
00000bed  SysCtlSleepPowerSet             
00000c01  SysCtlDeepSleepPowerSet         
00000c11  SysCtlReset                     
00000c19  SysCtlSleep                     
00000c21  SysCtlDeepSleep                 
00000c3d  SysCtlResetCauseGet             
00000c43  SysCtlResetCauseClear           
00000c57  SysCtlMOSCConfigSet             
00000c6d  SysCtlPIOSCCalibrate            
00000cbd  SysCtlResetBehaviorSet          
00000ccd  SysCtlResetBehaviorGet          
00000d1d  SysCtlClockFreqSet              
00001000  __STACK_SIZE                    
00001015  SysCtlClockSet                  
000011e5  SysCtlClockGet                  
0000138b  SysCtlDeepSleepClockSet         
000013a9  SysCtlDeepSleepClockConfigSet   
00001433  SysCtlPWMClockSet               
0000144d  SysCtlPWMClockGet               
00001463  SysCtlGPIOAHBEnable             
0000147f  SysCtlGPIOAHBDisable            
0000149b  SysCtlUSBPLLEnable              
000014a7  SysCtlUSBPLLDisable             
000014b9  SysCtlVoltageEventConfig        
000014c9  SysCtlVoltageEventStatus        
000014d5  SysCtlVoltageEventClear         
000014ed  SysCtlVCOGet                    
000015a9  SysCtlNMIStatus                 
000015bd  SysCtlNMIClear                  
000015d9  SysCtlClockOutConfig            
000015f5  SysCtlAltClkConfig              
00001689  TimerEnable                     
000016a7  TimerDisable                    
000016c9  TimerConfigure                  
00001749  TimerControlLevel               
0000178d  TimerControlTrigger             
00001801  TimerControlEvent               
0000182b  TimerControlStall               
0000186d  TimerControlWaitOnTrigger       
000018d1  TimerRTCEnable                  
000018f1  TimerRTCDisable                 
00001907  TimerClockSourceSet             
0000191b  TimerClockSourceGet             
0000192b  TimerPrescaleSet                
00001955  TimerPrescaleGet                
00001971  TimerPrescaleMatchSet           
000019a9  TimerPrescaleMatchGet           
000019c5  TimerLoadSet                    
000019ef  TimerLoadGet                    
00001a0b  TimerLoadSet64                  
00001a25  TimerLoadGet64                  
00001a57  TimerValueGet                   
00001a73  TimerValueGet64                 
00001aa5  TimerMatchSet                   
00001acf  TimerMatchGet                   
00001aeb  TimerMatchSet64                 
00001b05  TimerMatchGet64                 
00001b37  TimerIntRegister                
00001b5f  TimerIntUnregister              
00001b7d  TimerIntEnable                  
00001b95  TimerIntDisable                 
00001bad  TimerIntStatus                  
00001bcb  TimerIntClear                   
00001bdd  TimerSynchronize                
00001bef  TimerADCEventSet                
00001c01  TimerADCEventGet                
00001c0f  TimerDMAEventSet                
00001c21  TimerDMAEventGet                
00001c2f  TimerUpdateMode                 
00001c83  uDMAEnable                      
00001c8b  uDMADisable                     
00001c93  uDMAErrorStatusGet              
00001c99  uDMAErrorStatusClear            
00001ca1  uDMAChannelEnable               
00001cb9  uDMAChannelDisable              
00001cd1  uDMAChannelIsEnabled            
00001cf9  uDMAControlBaseSet              
00001d09  uDMAControlBaseGet              
00001d0f  uDMAControlAlternateBaseGet     
00001d15  uDMAChannelRequest              
00001d2d  uDMAChannelAttributeEnable      
00001d81  uDMAChannelAttributeDisable     
00001dd5  uDMAChannelAttributeGet         
00001e45  uDMAChannelControlSet           
00001e85  uDMAChannelTransferSet          
00001f7d  uDMAChannelScatterGatherSet     
00002009  uDMAChannelSizeGet              
00002051  uDMAChannelModeGet              
00002097  uDMAIntRegister                 
000020ad  uDMAIntUnregister               
000020bf  uDMAIntStatus                   
000020c5  uDMAIntClear                    
000020d9  uDMAChannelAssign               
00002121  uDMAChannelSelectSecondary      
00002135  uDMAChannelSelectDefault        
000021ab  GPIODirModeSet                  
00002207  GPIODirModeGet                  
0000225d  GPIOIntTypeSet                  
00002301  GPIOIntTypeGet                  
000023a1  GPIOPadConfigSet                
000025db  GPIOPadConfigGet                
0000272d  GPIOIntEnable                   
00002747  GPIOIntDisable                  
00002761  GPIOIntStatus                   
00002783  GPIOIntClear                    
00002797  GPIOIntRegister                 
000027b5  GPIOIntUnregister               
000027cf  GPIOIntRegisterPin              
000027fd  GPIOIntUnregisterPin            
00002821  GPIOPinRead                     
00002839  GPIOPinWrite                    
00002859  GPIOPinTypeADC                  
0000287d  GPIOPinTypeCAN                  
000028a1  GPIOPinTypeComparator           
000028c5  GPIOPinTypeComparatorOutput     
000028e9  GPIOPinTypeDIVSCLK              
0000290d  GPIOPinTypeEPI                  
00002931  GPIOPinTypeEthernetLED          
00002955  GPIOPinTypeEthernetMII          
00002979  GPIOPinTypeGPIOInput            
0000299d  GPIOPinTypeGPIOOutput           
000029c1  GPIOPinTypeGPIOOutputOD         
000029e5  GPIOPinTypeHibernateRTCCLK      
00002a09  GPIOPinTypeI2C                  
00002a2d  GPIOPinTypeI2CSCL               
00002a51  GPIOPinTypeLCD                  
00002a75  GPIOPinTypeOneWire              
00002a99  GPIOPinTypePWM                  
00002abd  GPIOPinTypeQEI                  
00002ae1  GPIOPinTypeSSI                  
00002b05  GPIOPinTypeTimer                
00002b29  GPIOPinTypeTrace                
00002b4d  GPIOPinTypeUART                 
00002b71  GPIOPinTypeUSBAnalog            
00002b95  GPIOPinTypeUSBDigital           
00002bb9  GPIOPinTypeWakeHigh             
00002bdf  GPIOPinTypeWakeLow              
00002c05  GPIOPinWakeStatus               
00002c15  GPIOPinConfigure                
00002c73  GPIODMATriggerEnable            
00002c91  GPIODMATriggerDisable           
00002caf  GPIOADCTriggerEnable            
00002ccd  GPIOADCTriggerDisable           
00002ceb  SysTickInt                      
00002d0d  TimerBegin                      
00002d71  MadgwickAHRSupdate              
00003a4d  MadgwickAHRSupdateIMU           
00003fe9  invSqrt                         
0000405d  Read_Word_2c                    
000040b7  InitMPU9250                     
00004107  InitMag                         
0000414b  CalibrateMPU                    
000043bd  UpdateDataMPU9250               
00004799  GravityVector                   
00004849  LinearAcceleration              
000048c9  NEDAcceleration                 
000049d9  EulerAngles                     
00004b9d  QuartenionProduct               
00004da1  InitGPS                         
00004e45  UpdateDataGPS                   
0000516d  Time                            
000051e5  Latitude                        
000052ad  Longitude                       
0000536f  Altitude                        
00005389  GroundSpeed                     
000053b1  Bearing                         
00005555  hav                             
00005599  HaversineFormula                
00005705  __kernel_rem_pio2               
00005e3d  cos                             
00005e3d  cosl                            
00006419  sin                             
00006419  sinl                            
000069dd  UARTStdioConfig                 
00006a23  UARTwrite                       
00006a69  UARTgets                        
00006b23  UARTgetc                        
00006b49  UARTvprintf                     
00006e43  UARTprintf                      
00006e79  strtod                          
00006e79  strtold                         
000072d9  asin                            
000072d9  asinl                           
000076b1  atan                            
000076b1  atanl                           
0000799d  UART0IntHandler                 
000079e1  UART2IntHandler                 
00007b35  UART0Send                       
00007b5d  UART2Send                       
00007b85  UARTsetup                       
00007c59  fmod                            
00007c59  fmodl                           
00007e91  atan2                           
00007e91  atan2l                          
0000807d  __aeabi_dsub                    
00008087  __aeabi_dadd                    
00008233  __aeabi_idiv0                   
00008233  __aeabi_ldiv0                   
00008235  __kernel_sin                    
000083a9  asinf                           
00008519  __kernel_cos                    
00008685  atan2f                          
000087dd  sqrt                            
000087dd  sqrtl                           
00008935  atanf                           
00008a85  __aeabi_ddiv                    
00008bbd  InitI2C1                        
00008c0b  WriteI2C1                       
00008c5f  ReadI2C1                        
00008ccd  ldexp                           
00008ccd  ldexpl                          
00008ccd  scalbn                          
00008ccd  scalbnl                         
00008ddd  __aeabi_dmul                    
00008ed9  floor                           
00008ed9  floorl                          
00008fd1  __aeabi_memcpy                  
00008fd1  __aeabi_memcpy4                 
00008fd1  __aeabi_memcpy8                 
00008fd1  memcpy                          
0000906d  __aeabi_cdcmpeq                 
0000906d  __aeabi_cdcmple                 
000090f3  __aeabi_cdrcmple                
00009179  __aeabi_d2f                     
000091e7  __TI_decompress_lzss            
00009251  main                            
000092a5  I2CMasterInitExpClk             
000092f1  atoi                            
0000933d  __aeabi_d2iz                    
00009385  UARTConfigSetExpClk             
000093cd  __TI_auto_init_nobinit_nopinit  
00009411  __aeabi_uidiv                   
00009411  __aeabi_uidivmod                
00009451  _c_int00_noargs                 
00009489  __aeabi_f2d                     
000094c1  strstr                          
000094f5  __aeabi_i2d                     
00009525  UARTDisable                     
00009545  UARTEnable                      
00009559  copysign                        
00009559  copysignl                       
0000956d  atof                            
0000957f  __TI_zero_init_nomemset         
00009591  FPUEnable                       
000095a1  FPULazyStackingEnable           
000095b1  UARTCharGetNonBlocking          
000095bf  UARTCharPutNonBlocking          
000095cd  UARTCharsAvail                  
000095db  __TI_decompress_none            
000095e9  CPUcpsid                        
000095f5  CPUcpsie                        
00009601  ResetISR                        
0000960d  CPUbasepriGet                   
00009617  I2CMasterEnable                 
00009621  UARTCharGet                     
0000962b  UARTCharPut                     
00009635  UARTIntStatus                   
0000963f  I2CMasterBusy                   
00009647  I2CMasterSlaveAddrSet           
0000964f  UARTIntEnable                   
00009659  __aeabi_errno_addr              
00009661  CPUbasepriSet                   
00009667  SysCtlDelay                     
0000966d  UARTClockSourceSet              
00009673  CPUwfi                          
00009677  I2CMasterControl                
0000967b  I2CMasterDataGet                
0000967f  I2CMasterDataPut                
00009683  UARTIntClear                    
00009687  _system_pre_init                
0000968b  C$$EXIT                         
0000968b  abort                           
00009998  _ctypes_                        
0000a17c  __TI_Handler_Table_Base         
0000a188  __TI_Handler_Table_Limit        
0000a198  __TI_CINIT_Base                 
0000a1b0  __TI_CINIT_Limit                
20000000  g_pfnRAMVectors                 
20000270  __stack                         
20000470  __STACK_TOP                     
20001270  __STACK_END                     
20001270  latitude                        
20001278  longitude                       
20001280  altitude                        
20001288  lat0                            
20001290  lon0                            
20001298  alt0                            
200012a0  groundspeed                     
200012a8  distance                        
200012b0  bearing                         
200012b8  vN                              
200012c0  vE                              
200012c8  vD                              
200012d0  dN                              
200012d8  dE                              
200012e0  dD                              
200012e8  acclXraw                        
200012ea  acclYraw                        
200012ec  acclZraw                        
200012ee  gyroXraw                        
200012f0  gyroYraw                        
200012f2  gyroZraw                        
200012f4  magXraw                         
200012f6  magYraw                         
200012f8  magZraw                         
200012fc  acclXscl                        
20001300  acclYscl                        
20001304  acclZscl                        
20001308  gyroXscl                        
2000130c  gyroYscl                        
20001310  gyroZscl                        
20001314  magXscl                         
20001318  magYscl                         
2000131c  magZscl                         
20001320  gravX                           
20001324  gravY                           
20001328  gravZ                           
2000132c  acclXlin                        
20001330  acclYlin                        
20001334  acclZlin                        
20001338  acclN                           
2000133c  acclE                           
20001340  acclD                           
20001344  dt                              
20001348  now                             
2000134c  lastUpdate                      
20001350  freq                            
20001354  beta                            
20001358  q0                              
2000135c  q1                              
20001360  q2                              
20001364  q3                              
20001368  yaw                             
2000136c  pitch                           
20001370  roll                            
20001374  errno                           
20001378  mag_offset                      
20001390  mag_scale                       
200013a8  acclBias                        
200013b4  gyroBias                        
200013c5  mag_aj                          
200013c8  millis                          
200013cc  data                            
ffffffff  __TI_pprof_out_hndl             
ffffffff  __TI_prof_data_size             
ffffffff  __TI_prof_data_start            
ffffffff  __binit__                       
ffffffff  __c_args__                      
ffffffff  binit                           
UNDEFED   __mpu_init                      
UNDEFED   _system_post_cinit              

[403 symbols]
