******************************************************************************
                  TI ARM Linker Unix v18.1.3                   
******************************************************************************
>> Linked Fri Nov 22 13:39:26 2019

OUTPUT FILE NAME:   <TCC.out>
ENTRY POINT SYMBOL: "_c_int00_noargs"  address: 00008031


MEMORY CONFIGURATION

         name            origin    length      used     unused   attr    fill
----------------------  --------  ---------  --------  --------  ----  --------
  FLASH                 00000000   00040000  00008c3a  000373c6  R  X
  SRAM                  20000000   00008000  000013c4  00006c3c  RW X


SEGMENT ALLOCATION MAP

run origin  load origin   length   init length attrs members
----------  ----------- ---------- ----------- ----- -------
00000000    00000000    00008c40   00008c40    r-x
  00000000    00000000    0000026c   0000026c    r-- .intvecs
  0000026c    0000026c    000080b2   000080b2    r-x .text
  00008320    00008320    0000089c   0000089c    r-- .const
  00008bc0    00008bc0    00000080   00000080    r-- .cinit
20000000    20000000    000013c8   00000000    rw-
  20000000    20000000    0000026c   00000000    rw- .vtable
  20000270    20000270    00001000   00000000    rw- .stack
  20001270    20001270    00000120   00000000    rw- .data
  20001390    20001390    00000038   00000000    rw- .bss


SECTION ALLOCATION MAP

 output                                  attributes/
section   page    origin      length       input sections
--------  ----  ----------  ----------   ----------------
.intvecs   0    00000000    0000026c     
                  00000000    0000026c     tm4c123gh6pm_startup_ccs.obj (.intvecs)

.text      0    0000026c    000080b2     
                  0000026c    00002b64     timer.obj (.text)
                  00002dd0    000012fc     MadgwickAHRS.obj (.text)
                  000040cc    00000d08     MPU9250.obj (.text)
                  00004dd4    00000a5e     rtsv7M4_T_le_v4SPD16_eabi.lib : _printfi.c.obj (.text:__TI_printfi)
                  00005832    00000002                                   : div0.asm.obj (.text)
                  00005834    0000049c     uartstdio.obj (.text)
                  00005cd0    00000460     rtsv7M4_T_le_v4SPD16_eabi.lib : strtod.c.obj (.text:strtod)
                  00006130    00000270                                   : _printfi.c.obj (.text:_pconv_a)
                  000063a0    00000254     uartout.obj (.text)
                  000065f4    000001d0     rtsv7M4_T_le_v4SPD16_eabi.lib : _printfi.c.obj (.text:_pconv_g)
                  000067c4    000001b6                                   : fd_add_t2.asm.obj (.text)
                  0000697a    00000002     --HOLE-- [fill = 0]
                  0000697c    00000170                                   : e_asinf.c.obj (.text:asinf)
                  00006aec    00000158                                   : e_atan2f.c.obj (.text:atan2f)
                  00006c44    00000158                                   : e_sqrt.c.obj (.text:sqrt)
                  00006d9c    00000154     gps.obj (.text)
                  00006ef0    00000150     rtsv7M4_T_le_v4SPD16_eabi.lib : s_atanf.c.obj (.text:atanf)
                  00007040    0000013c                                   : _printfi.c.obj (.text:_pconv_e)
                  0000717c    00000136                                   : fd_div_t2.asm.obj (.text)
                  000072b2    00000002     --HOLE-- [fill = 0]
                  000072b4    00000120                                   : _printfi.c.obj (.text:fcvt)
                  000073d4    00000110     i2c1.obj (.text)
                  000074e4    00000110     rtsv7M4_T_le_v4SPD16_eabi.lib : s_scalbn.c.obj (.text:scalbn)
                  000075f4    000000fc                                   : fd_mul_t2.asm.obj (.text)
                  000076f0    000000c4     main.obj (.text)
                  000077b4    000000b1     rtsv7M4_T_le_v4SPD16_eabi.lib : _printfi.c.obj (.text:_ltostr)
                  00007865    00000001     --HOLE-- [fill = 0]
                  00007866    0000009c                                   : memcpy_t2.asm.obj (.text)
                  00007902    00000096                                   : ull_div_t2.asm.obj (.text)
                  00007998    00000086                                   : fd_cmp_t2.asm.obj (.text:__aeabi_cdcmple)
                  00007a1e    00000086                                   : fd_cmp_t2.asm.obj (.text:__aeabi_cdrcmple)
                  00007aa4    0000007a                                   : memset_t2.asm.obj (.text)
                  00007b1e    0000006e                                   : _printfi.c.obj (.text:_mcpy)
                  00007b8c    0000006e                                   : fd_tos_t2.asm.obj (.text)
                  00007bfa    00000068                                   : copy_decompress_lzss.c.obj (.text:decompress:lzss:__TI_decompress_lzss)
                  00007c62    00000002     --HOLE-- [fill = 0]
                  00007c64    00000064                                   : s_frexp.c.obj (.text:frexp)
                  00007cc8    00000056                                   : _printfi.c.obj (.text:_pconv_f)
                  00007d1e    00000054                                   : ltoa.c.obj (.text:ltoa)
                  00007d72    00000052                                   : _printfi.c.obj (.text:_ecpy)
                  00007dc4    0000004c     driverlib.lib : i2c.obj (.text:I2CMasterInitExpClk)
                  00007e10    0000004c     rtsv7M4_T_le_v4SPD16_eabi.lib : atoi.c.obj (.text:atoi)
                  00007e5c    00000048                                   : fd_toi_t2.asm.obj (.text)
                  00007ea4    00000046     driverlib.lib : uart.obj (.text:UARTConfigSetExpClk)
                  00007eea    00000002     --HOLE-- [fill = 0]
                  00007eec    00000044     rtsv7M4_T_le_v4SPD16_eabi.lib : autoinit.c.obj (.text:__TI_auto_init_nobinit_nopinit:__TI_auto_init_nobinit_nopinit)
                  00007f30    00000040                                   : u_divt2.asm.obj (.text)
                  00007f70    00000040                                   : sprintf.c.obj (.text:sprintf)
                  00007fb0    00000040                                   : strtok.c.obj (.text:strtok)
                  00007ff0    0000003e                                   : _printfi.c.obj (.text:_fcpy)
                  0000802e    00000002     --HOLE-- [fill = 0]
                  00008030    00000038                                   : boot_cortex_m.c.obj (.text:_c_int00_noargs:_c_int00_noargs)
                  00008068    00000038                                   : fs_tod_t2.asm.obj (.text)
                  000080a0    0000002e                                   : i_tofd_t2.asm.obj (.text)
                  000080ce    0000002a                                   : strspn.c.obj (.text:strspn)
                  000080f8    00000024                                   : strcspn.c.obj (.text:strcspn)
                  0000811c    00000020     driverlib.lib : uart.obj (.text:UARTDisable)
                  0000813c    00000020     rtsv7M4_T_le_v4SPD16_eabi.lib : u_tofd_t2.asm.obj (.text)
                  0000815c    0000001c                                   : memccpy.c.obj (.text:memccpy)
                  00008178    00000018                                   : sprintf.c.obj (.text:_outs)
                  00008190    00000016                                   : strchr.c.obj (.text:strchr)
                  000081a6    00000014     driverlib.lib : uart.obj (.text:UARTEnable)
                  000081ba    00000014     rtsv7M4_T_le_v4SPD16_eabi.lib : s_copysign.c.obj (.text:copysign)
                  000081ce    00000014                                   : strlen.c.obj (.text:strlen)
                  000081e2    00000012                                   : atof.c.obj (.text:atof)
                  000081f4    00000012                                   : copy_zero_init.c.obj (.text:decompress:ZI:__TI_zero_init_nomemset:__TI_zero_init_nomemset)
                  00008206    00000012                                   : wcslen.c.obj (.text:wcslen)
                  00008218    00000010     driverlib.lib : fpu.obj (.text:FPUEnable)
                  00008228    00000010                   : fpu.obj (.text:FPULazyStackingEnable)
                  00008238    0000000e                   : uart.obj (.text:UARTCharGetNonBlocking)
                  00008246    0000000e                   : uart.obj (.text:UARTCharPutNonBlocking)
                  00008254    0000000e                   : uart.obj (.text:UARTCharsAvail)
                  00008262    0000000e     rtsv7M4_T_le_v4SPD16_eabi.lib : copy_decompress_none.c.obj (.text:decompress:none:__TI_decompress_none)
                  00008270    0000000c     driverlib.lib : cpu.obj (.text:CPUcpsid)
                  0000827c    0000000c                   : cpu.obj (.text:CPUcpsie)
                  00008288    0000000c     tm4c123gh6pm_startup_ccs.obj (.text)
                  00008294    0000000a     driverlib.lib : cpu.obj (.text:CPUbasepriGet)
                  0000829e    0000000a                   : i2c.obj (.text:I2CMasterEnable)
                  000082a8    0000000a                   : uart.obj (.text:UARTCharGet)
                  000082b2    0000000a                   : uart.obj (.text:UARTCharPut)
                  000082bc    0000000a                   : uart.obj (.text:UARTIntStatus)
                  000082c6    0000000a     rtsv7M4_T_le_v4SPD16_eabi.lib : sprintf.c.obj (.text:_outc)
                  000082d0    00000008     driverlib.lib : i2c.obj (.text:I2CMasterBusy)
                  000082d8    00000008                   : i2c.obj (.text:I2CMasterSlaveAddrSet)
                  000082e0    00000008                   : uart.obj (.text:UARTIntEnable)
                  000082e8    00000008     rtsv7M4_T_le_v4SPD16_eabi.lib : errno.c.obj (.text:__aeabi_errno_addr)
                  000082f0    00000006     driverlib.lib : cpu.obj (.text:CPUbasepriSet)
                  000082f6    00000006     timer.obj (.text:SysCtlDelay)
                  000082fc    00000006     driverlib.lib : uart.obj (.text:UARTClockSourceSet)
                  00008302    00000004                   : cpu.obj (.text:CPUwfi)
                  00008306    00000004                   : i2c.obj (.text:I2CMasterControl)
                  0000830a    00000004                   : i2c.obj (.text:I2CMasterDataGet)
                  0000830e    00000004                   : i2c.obj (.text:I2CMasterDataPut)
                  00008312    00000004                   : uart.obj (.text:UARTIntClear)
                  00008316    00000004     rtsv7M4_T_le_v4SPD16_eabi.lib : pre_init.c.obj (.text:_system_pre_init)
                  0000831a    00000004                                   : exit.c.obj (.text:abort:abort)

.const     0    00008320    0000089c     
                  00008320    000001b0     timer.obj (.const:g_pppui32XTALtoVCO)
                  000084d0    00000101     rtsv7M4_T_le_v4SPD16_eabi.lib : ctype.c.obj (.const:.string:_ctypes_)
                  000085d1    00000003     --HOLE-- [fill = 0]
                  000085d4    000000d8     timer.obj (.const:g_ppui32GPIOIntMapSnowflake)
                  000086ac    00000004     uartstdio.obj (.const)
                  000086b0    000000c8     rtsv7M4_T_le_v4SPD16_eabi.lib : strtod.c.obj (.const:$O1$$)
                  00008778    000000c0     timer.obj (.const:g_ppui32GPIOIntMapBlizzard)
                  00008838    0000009c     timer.obj (.const:g_pui32Regs)
                  000088d4    00000090     timer.obj (.const:g_pui32GPIOBaseAddrs)
                  00008964    0000006c     timer.obj (.const:g_pui32Xtals)
                  000089d0    00000060     timer.obj (.const:g_ppui32TimerIntMap)
                  00008a30    00000040     timer.obj (.const:g_ppui32TimerIntMapSnowflake)
                  00008a70    00000034     rtsv7M4_T_le_v4SPD16_eabi.lib : s_atanf.c.obj (.const:$O1$$)
                  00008aa4    00000030     timer.obj (.const:g_sXTALtoMEMTIM)
                  00008ad4    00000020     timer.obj (.const:g_pui32Priority)
                  00008af4    00000004     --HOLE-- [fill = 0]
                  00008af8    00000020     rtsv7M4_T_le_v4SPD16_eabi.lib : e_asinf.c.obj (.const)
                  00008b18    00000014     timer.obj (.const:g_pui32Dii16Regs)
                  00008b2c    00000014     timer.obj (.const:g_pui32EnRegs)
                  00008b40    00000014     timer.obj (.const:g_pui32PendRegs)
                  00008b54    00000014     timer.obj (.const:g_pui32UnpendRegs)
                  00008b68    00000012     uartstdio.obj (.const:.string)
                  00008b7a    00000002     --HOLE-- [fill = 0]
                  00008b7c    00000010     MPU9250.obj (.const:$P$T0$1)
                  00008b8c    00000010     MPU9250.obj (.const:$P$T1$2)
                  00008b9c    0000000c     uartstdio.obj (.const:g_ui32UARTBase)
                  00008ba8    0000000c     uartstdio.obj (.const:g_ui32UARTPeriph)
                  00008bb4    00000008     timer.obj (.const:g_pui32VCOFrequencies)

.cinit     0    00008bc0    00000080     
                  00008bc0    0000004c     (.cinit..data.load) [load image, compression = lzss]
                  00008c0c    0000000c     (__TI_handler_table)
                  00008c18    00000008     (.cinit..bss.load) [load image, compression = zero_init]
                  00008c20    00000008     (.cinit..vtable.load) [load image, compression = zero_init]
                  00008c28    00000018     (__TI_cinit_table)

.init_array 
*          0    00000000    00000000     UNINITIALIZED

.vtable    0    20000000    0000026c     UNINITIALIZED
                  20000000    0000026c     timer.obj (.vtable)

.data      0    20001270    00000120     UNINITIALIZED
                  20001270    0000005c     MPU9250.obj (.data)
                  200012cc    00000004     rtsv7M4_T_le_v4SPD16_eabi.lib : errno.c.obj (.data)
                  200012d0    00000048     gps.obj (.data)
                  20001318    00000020     MadgwickAHRS.obj (.data)
                  20001338    00000018     MPU9250.obj (.data:mag_offset)
                  20001350    00000018     MPU9250.obj (.data:mag_scale)
                  20001368    0000000c     MPU9250.obj (.data:acclBias)
                  20001374    0000000c     MPU9250.obj (.data:gyroBias)
                  20001380    00000005     uartstdio.obj (.data)
                  20001385    00000003     MPU9250.obj (.data:mag_aj)
                  20001388    00000004     rtsv7M4_T_le_v4SPD16_eabi.lib : strtok.c.obj (.data)
                  2000138c    00000004     timer.obj (.data)

.bss       0    20001390    00000038     UNINITIALIZED
                  20001390    00000028     (.common:data)
                  200013b8    00000004     (.common:dt)
                  200013bc    00000004     (.common:freq)
                  200013c0    00000004     (.common:lastUpdate)
                  200013c4    00000004     (.common:now)

.stack     0    20000270    00001000     UNINITIALIZED
                  20000270    00000004     rtsv7M4_T_le_v4SPD16_eabi.lib : boot_cortex_m.c.obj (.stack)
                  20000274    00000ffc     --HOLE--

MODULE SUMMARY

       Module                         code    ro data   rw data
       ------                         ----    -------   -------
    ./
       timer.obj                      11114   1576      640    
       MadgwickAHRS.obj               4860    0         32     
       MPU9250.obj                    3336    32        167    
       uartstdio.obj                  1180    46        5      
       tm4c123gh6pm_startup_ccs.obj   12      620       0      
       uartout.obj                    596     0         0      
       gps.obj                        340     0         112    
       i2c1.obj                       272     0         0      
       main.obj                       196     0         0      
    +--+------------------------------+-------+---------+---------+
       Total:                         21906   2274      956    
                                                               
    /home/mairon/ti/TivaWare_C_Series/driverlib/ccs/Debug/driverlib.lib
       uart.obj                       212     0         0      
       i2c.obj                        114     0         0      
       cpu.obj                        44      0         0      
       fpu.obj                        32      0         0      
    +--+------------------------------+-------+---------+---------+
       Total:                         402     0         0      
                                                               
    /home/mairon/ti/ccsv8/tools/compiler/ti-cgt-arm_18.1.3.LTS/lib/rtsv7M4_T_le_v4SPD16_eabi.lib
       _printfi.c.obj                 4863    0         0      
       strtod.c.obj                   1120    200       0      
       fd_add_t2.asm.obj              438     0         0      
       e_asinf.c.obj                  368     32        0      
       s_atanf.c.obj                  336     52        0      
       e_atan2f.c.obj                 344     0         0      
       e_sqrt.c.obj                   344     0         0      
       fd_div_t2.asm.obj              310     0         0      
       s_scalbn.c.obj                 272     0         0      
       fd_cmp_t2.asm.obj              268     0         0      
       ctype.c.obj                    0       257       0      
       fd_mul_t2.asm.obj              252     0         0      
       memcpy_t2.asm.obj              156     0         0      
       ull_div_t2.asm.obj             150     0         0      
       memset_t2.asm.obj              122     0         0      
       fd_tos_t2.asm.obj              110     0         0      
       copy_decompress_lzss.c.obj     104     0         0      
       s_frexp.c.obj                  100     0         0      
       sprintf.c.obj                  98      0         0      
       ltoa.c.obj                     84      0         0      
       atoi.c.obj                     76      0         0      
       fd_toi_t2.asm.obj              72      0         0      
       autoinit.c.obj                 68      0         0      
       strtok.c.obj                   64      0         4      
       u_divt2.asm.obj                64      0         0      
       boot_cortex_m.c.obj            56      0         0      
       fs_tod_t2.asm.obj              56      0         0      
       i_tofd_t2.asm.obj              46      0         0      
       strspn.c.obj                   42      0         0      
       strcspn.c.obj                  36      0         0      
       u_tofd_t2.asm.obj              32      0         0      
       memccpy.c.obj                  28      0         0      
       strchr.c.obj                   22      0         0      
       s_copysign.c.obj               20      0         0      
       strlen.c.obj                   20      0         0      
       atof.c.obj                     18      0         0      
       copy_zero_init.c.obj           18      0         0      
       wcslen.c.obj                   18      0         0      
       copy_decompress_none.c.obj     14      0         0      
       errno.c.obj                    8       0         4      
       exit.c.obj                     4       0         0      
       pre_init.c.obj                 4       0         0      
       div0.asm.obj                   2       0         0      
    +--+------------------------------+-------+---------+---------+
       Total:                         10627   541       8      
                                                               
       Stack:                         0       0         4096   
       Linker Generated:              0       128       0      
    +--+------------------------------+-------+---------+---------+
       Grand Total:                   32935   2943      5060   


LINKER GENERATED COPY TABLES

__TI_cinit_table @ 00008c28 records: 3, size/record: 8, table size: 24
	.data: load addr=00008bc0, load size=0000004c bytes, run addr=20001270, run size=00000120 bytes, compression=lzss
	.bss: load addr=00008c18, load size=00000008 bytes, run addr=20001390, run size=00000038 bytes, compression=zero_init
	.vtable: load addr=00008c20, load size=00000008 bytes, run addr=20000000, run size=0000026c bytes, compression=zero_init


LINKER GENERATED HANDLER TABLE

__TI_handler_table @ 00008c0c records: 3, size/record: 4, table size: 12
	index: 0, handler: __TI_zero_init
	index: 1, handler: __TI_decompress_lzss
	index: 2, handler: __TI_decompress_none


GLOBAL SYMBOLS: SORTED ALPHABETICALLY BY Name 

address   name                            
-------   ----                            
0000831b  C$$EXIT                         
00008295  CPUbasepriGet                   
000082f1  CPUbasepriSet                   
00008271  CPUcpsid                        
0000827d  CPUcpsie                        
00008303  CPUwfi                          
000041bb  CalibrateMPU                    
00004a0d  EulerAngles                     
00008219  FPUEnable                       
00008229  FPULazyStackingEnable           
00002ccd  GPIOADCTriggerDisable           
00002caf  GPIOADCTriggerEnable            
00002c91  GPIODMATriggerDisable           
00002c73  GPIODMATriggerEnable            
00002207  GPIODirModeGet                  
000021ab  GPIODirModeSet                  
00002783  GPIOIntClear                    
00002747  GPIOIntDisable                  
0000272d  GPIOIntEnable                   
00002797  GPIOIntRegister                 
000027cf  GPIOIntRegisterPin              
00002761  GPIOIntStatus                   
00002301  GPIOIntTypeGet                  
0000225d  GPIOIntTypeSet                  
000027b5  GPIOIntUnregister               
000027fd  GPIOIntUnregisterPin            
000025db  GPIOPadConfigGet                
000023a1  GPIOPadConfigSet                
00002c15  GPIOPinConfigure                
00002821  GPIOPinRead                     
00002859  GPIOPinTypeADC                  
0000287d  GPIOPinTypeCAN                  
000028a1  GPIOPinTypeComparator           
000028c5  GPIOPinTypeComparatorOutput     
000028e9  GPIOPinTypeDIVSCLK              
0000290d  GPIOPinTypeEPI                  
00002931  GPIOPinTypeEthernetLED          
00002955  GPIOPinTypeEthernetMII          
00002979  GPIOPinTypeGPIOInput            
0000299d  GPIOPinTypeGPIOOutput           
000029c1  GPIOPinTypeGPIOOutputOD         
000029e5  GPIOPinTypeHibernateRTCCLK      
00002a09  GPIOPinTypeI2C                  
00002a2d  GPIOPinTypeI2CSCL               
00002a51  GPIOPinTypeLCD                  
00002a75  GPIOPinTypeOneWire              
00002a99  GPIOPinTypePWM                  
00002abd  GPIOPinTypeQEI                  
00002ae1  GPIOPinTypeSSI                  
00002b05  GPIOPinTypeTimer                
00002b29  GPIOPinTypeTrace                
00002b4d  GPIOPinTypeUART                 
00002b71  GPIOPinTypeUSBAnalog            
00002b95  GPIOPinTypeUSBDigital           
00002bb9  GPIOPinTypeWakeHigh             
00002bdf  GPIOPinTypeWakeLow              
00002c05  GPIOPinWakeStatus               
00002839  GPIOPinWrite                    
000047d5  GravityVector                   
000082d1  I2CMasterBusy                   
00008307  I2CMasterControl                
0000830b  I2CMasterDataGet                
0000830f  I2CMasterDataPut                
0000829f  I2CMasterEnable                 
00007dc5  I2CMasterInitExpClk             
000082d9  I2CMasterSlaveAddrSet           
000073d5  InitI2C1                        
00004127  InitMPU9250                     
00004177  InitMag                         
000004a9  IntDisable                      
00000437  IntEnable                       
00000525  IntIsEnabled                    
000002fb  IntMasterDisable                
000002eb  IntMasterEnable                 
0000061d  IntPendClear                    
000005ad  IntPendSet                      
00000413  IntPriorityGet                  
0000038b  IntPriorityGroupingGet          
00000371  IntPriorityGroupingSet          
00000677  IntPriorityMaskGet              
0000066b  IntPriorityMaskSet              
000003c3  IntPrioritySet                  
0000030b  IntRegister                     
0000067f  IntTrigger                      
0000035d  IntUnregister                   
00004889  LinearAcceleration              
00004761  MadgwickAHRS                    
00002dd1  MadgwickAHRSupdate              
00003ab5  MadgwickAHRSupdateIMU           
0000471b  MadgwickIMU                     
00004911  NEDAcceleration                 
00004bd1  QuartenionProduct               
00007477  ReadI2C1                        
000040cd  Read_Word_2c                    
00008289  ResetISR                        
000015f5  SysCtlAltClkConfig              
00000d1d  SysCtlClockFreqSet              
000011e5  SysCtlClockGet                  
000015d9  SysCtlClockOutConfig            
00001015  SysCtlClockSet                  
00000c21  SysCtlDeepSleep                 
000013a9  SysCtlDeepSleepClockConfigSet   
0000138b  SysCtlDeepSleepClockSet         
00000c01  SysCtlDeepSleepPowerSet         
000082f7  SysCtlDelay                     
00000795  SysCtlFlashSectorSizeGet        
00000769  SysCtlFlashSizeGet              
0000147f  SysCtlGPIOAHBDisable            
00001463  SysCtlGPIOAHBEnable             
00000b95  SysCtlIntClear                  
00000b81  SysCtlIntDisable                
00000b69  SysCtlIntEnable                 
00000b45  SysCtlIntRegister               
00000ba5  SysCtlIntStatus                 
00000b59  SysCtlIntUnregister             
00000be7  SysCtlLDODeepSleepGet           
00000bd7  SysCtlLDODeepSleepSet           
00000bd1  SysCtlLDOSleepGet               
00000bc1  SysCtlLDOSleepSet               
00000c57  SysCtlMOSCConfigSet             
000015bd  SysCtlNMIClear                  
000015a9  SysCtlNMIStatus                 
00000c6d  SysCtlPIOSCCalibrate            
0000144d  SysCtlPWMClockGet               
00001433  SysCtlPWMClockSet               
00000aed  SysCtlPeripheralClockGating     
00000aad  SysCtlPeripheralDeepSleepDisable
00000a55  SysCtlPeripheralDeepSleepEnable 
00000995  SysCtlPeripheralDisable         
00000951  SysCtlPeripheralEnable          
00000885  SysCtlPeripheralPowerOff        
00000845  SysCtlPeripheralPowerOn         
000007c1  SysCtlPeripheralPresent         
00000801  SysCtlPeripheralReady           
000008c5  SysCtlPeripheralReset           
00000a19  SysCtlPeripheralSleepDisable    
000009d9  SysCtlPeripheralSleepEnable     
00000c11  SysCtlReset                     
00000ccd  SysCtlResetBehaviorGet          
00000cbd  SysCtlResetBehaviorSet          
00000c43  SysCtlResetCauseClear           
00000c3d  SysCtlResetCauseGet             
0000075f  SysCtlSRAMSizeGet               
00000c19  SysCtlSleep                     
00000bed  SysCtlSleepPowerSet             
000014a7  SysCtlUSBPLLDisable             
0000149b  SysCtlUSBPLLEnable              
000014ed  SysCtlVCOGet                    
000014d5  SysCtlVoltageEventClear         
000014b9  SysCtlVoltageEventConfig        
000014c9  SysCtlVoltageEventStatus        
00000279  SysTickDisable                  
0000026d  SysTickEnable                   
00002ceb  SysTickInt                      
000002bd  SysTickIntDisable               
000002b1  SysTickIntEnable                
00000285  SysTickIntRegister              
0000029d  SysTickIntUnregister            
000002db  SysTickPeriodGet                
000002c9  SysTickPeriodSet                
000002e3  SysTickValueGet                 
00001c01  TimerADCEventGet                
00001bef  TimerADCEventSet                
00002d55  TimerBegin                      
0000191b  TimerClockSourceGet             
00001907  TimerClockSourceSet             
000016c9  TimerConfigure                  
00001801  TimerControlEvent               
00001749  TimerControlLevel               
0000182b  TimerControlStall               
0000178d  TimerControlTrigger             
0000186d  TimerControlWaitOnTrigger       
00001c21  TimerDMAEventGet                
00001c0f  TimerDMAEventSet                
000016a7  TimerDisable                    
00001689  TimerEnable                     
00001bcb  TimerIntClear                   
00001b95  TimerIntDisable                 
00001b7d  TimerIntEnable                  
00001b37  TimerIntRegister                
00001bad  TimerIntStatus                  
00001b5f  TimerIntUnregister              
000019ef  TimerLoadGet                    
00001a25  TimerLoadGet64                  
000019c5  TimerLoadSet                    
00001a0b  TimerLoadSet64                  
00001acf  TimerMatchGet                   
00001b05  TimerMatchGet64                 
00001aa5  TimerMatchSet                   
00001aeb  TimerMatchSet64                 
00001955  TimerPrescaleGet                
000019a9  TimerPrescaleMatchGet           
00001971  TimerPrescaleMatchSet           
0000192b  TimerPrescaleSet                
000018f1  TimerRTCDisable                 
000018d1  TimerRTCEnable                  
00001bdd  TimerSynchronize                
00001c2f  TimerUpdateMode                 
00001a57  TimerValueGet                   
00001a73  TimerValueGet64                 
000063a1  UART0IntHandler                 
0000649d  UART0Send                       
000063f5  UART1IntHandler                 
000064c5  UART1Send                       
000082a9  UARTCharGet                     
00008239  UARTCharGetNonBlocking          
000082b3  UARTCharPut                     
00008247  UARTCharPutNonBlocking          
00008255  UARTCharsAvail                  
000082fd  UARTClockSourceSet              
00007ea5  UARTConfigSetExpClk             
0000811d  UARTDisable                     
000081a7  UARTEnable                      
00008313  UARTIntClear                    
000082e1  UARTIntEnable                   
000082bd  UARTIntStatus                   
00005835  UARTStdioConfig                 
0000597b  UARTgetc                        
000058c1  UARTgets                        
00005c9b  UARTprintf                      
000064ed  UARTsetup                       
000059a1  UARTvprintf                     
0000587b  UARTwrite                       
00006d9d  UpdateDataGPS                   
0000442d  UpdateDataMPU9250               
00007423  WriteI2C1                       
20001270  __STACK_END                     
00001000  __STACK_SIZE                    
20000470  __STACK_TOP                     
00008c28  __TI_CINIT_Base                 
00008c40  __TI_CINIT_Limit                
00008c0c  __TI_Handler_Table_Base         
00008c18  __TI_Handler_Table_Limit        
00007eed  __TI_auto_init_nobinit_nopinit  
00007bfb  __TI_decompress_lzss            
00008263  __TI_decompress_none            
ffffffff  __TI_pprof_out_hndl             
00004dd5  __TI_printfi                    
ffffffff  __TI_prof_data_size             
ffffffff  __TI_prof_data_start            
00000000  __TI_static_base__              
000081f5  __TI_zero_init_nomemset         
00007999  __aeabi_cdcmpeq                 
00007999  __aeabi_cdcmple                 
00007a1f  __aeabi_cdrcmple                
00007b8d  __aeabi_d2f                     
00007e5d  __aeabi_d2iz                    
000067cf  __aeabi_dadd                    
0000717d  __aeabi_ddiv                    
000075f5  __aeabi_dmul                    
000067c5  __aeabi_dsub                    
000082e9  __aeabi_errno_addr              
00008069  __aeabi_f2d                     
000080a1  __aeabi_i2d                     
00005833  __aeabi_idiv0                   
00005833  __aeabi_ldiv0                   
00007aa5  __aeabi_memclr                  
00007aa5  __aeabi_memclr4                 
00007aa5  __aeabi_memclr8                 
00007867  __aeabi_memcpy                  
00007867  __aeabi_memcpy4                 
00007867  __aeabi_memcpy8                 
00007aa7  __aeabi_memset                  
00007aa7  __aeabi_memset4                 
00007aa7  __aeabi_memset8                 
0000813d  __aeabi_ui2d                    
00007f31  __aeabi_uidiv                   
00007f31  __aeabi_uidivmod                
00007903  __aeabi_uldivmod                
ffffffff  __binit__                       
ffffffff  __c_args__                      
UNDEFED   __mpu_init                      
20000270  __stack                         
00008031  _c_int00_noargs                 
000084d0  _ctypes_                        
UNDEFED   _system_post_cinit              
00008317  _system_pre_init                
0000831b  abort                           
20001368  acclBias                        
200012c8  acclD                           
200012c4  acclE                           
200012c0  acclN                           
200012b4  acclXlin                        
20001270  acclXraw                        
20001284  acclXscl                        
200012b8  acclYlin                        
20001272  acclYraw                        
20001288  acclYscl                        
200012bc  acclZlin                        
20001274  acclZraw                        
2000128c  acclZscl                        
200012e0  altitude                        
0000697d  asinf                           
00006aed  atan2f                          
00006ef1  atanf                           
000081e3  atof                            
00007e11  atoi                            
20001318  beta                            
ffffffff  binit                           
000081bb  copysign                        
000081bb  copysignl                       
200012f8  dD                              
200012f0  dE                              
200012e8  dN                              
20001390  data                            
200013b8  dt                              
200012cc  errno                           
200013bc  freq                            
00007c65  frexp                           
00007c65  frexpl                          
20000000  g_pfnRAMVectors                 
00000000  g_pfnVectors                    
200012a8  gravX                           
200012ac  gravY                           
200012b0  gravZ                           
20001374  gyroBias                        
20001276  gyroXraw                        
20001290  gyroXscl                        
20001278  gyroYraw                        
20001294  gyroYscl                        
2000127a  gyroZraw                        
20001298  gyroZscl                        
00004055  invSqrt                         
200013c0  lastUpdate                      
200012d0  latitude                        
000074e5  ldexp                           
000074e5  ldexpl                          
200012d8  longitude                       
00007d1f  ltoa                            
2000127c  magXraw                         
2000129c  magXscl                         
2000127e  magYraw                         
200012a0  magYscl                         
20001280  magZraw                         
200012a4  magZscl                         
20001385  mag_aj                          
20001338  mag_offset                      
20001350  mag_scale                       
000076f1  main                            
0000815d  memccpy                         
00007867  memcpy                          
00007aad  memset                          
2000138c  millis                          
200013c4  now                             
20001330  pitch                           
2000131c  q0                              
20001320  q1                              
20001324  q2                              
20001328  q3                              
20001334  roll                            
000074e5  scalbn                          
000074e5  scalbnl                         
00007f71  sprintf                         
00006c45  sqrt                            
00006c45  sqrtl                           
00008191  strchr                          
000080f9  strcspn                         
000081cf  strlen                          
000080cf  strspn                          
00005cd1  strtod                          
00007fb1  strtok                          
00005cd1  strtold                         
000020d9  uDMAChannelAssign               
00001d81  uDMAChannelAttributeDisable     
00001d2d  uDMAChannelAttributeEnable      
00001dd5  uDMAChannelAttributeGet         
00001e45  uDMAChannelControlSet           
00001cb9  uDMAChannelDisable              
00001ca1  uDMAChannelEnable               
00001cd1  uDMAChannelIsEnabled            
00002051  uDMAChannelModeGet              
00001d15  uDMAChannelRequest              
00001f7d  uDMAChannelScatterGatherSet     
00002135  uDMAChannelSelectDefault        
00002121  uDMAChannelSelectSecondary      
00002009  uDMAChannelSizeGet              
00001e85  uDMAChannelTransferSet          
00001d0f  uDMAControlAlternateBaseGet     
00001d09  uDMAControlBaseGet              
00001cf9  uDMAControlBaseSet              
00001c8b  uDMADisable                     
00001c83  uDMAEnable                      
00001c99  uDMAErrorStatusClear            
00001c93  uDMAErrorStatusGet              
000020c5  uDMAIntClear                    
00002097  uDMAIntRegister                 
000020bf  uDMAIntStatus                   
000020ad  uDMAIntUnregister               
20001310  vD                              
20001308  vE                              
20001300  vN                              
00008207  wcslen                          
2000132c  yaw                             


GLOBAL SYMBOLS: SORTED BY Symbol Address 

address   name                            
-------   ----                            
00000000  __TI_static_base__              
00000000  g_pfnVectors                    
0000026d  SysTickEnable                   
00000279  SysTickDisable                  
00000285  SysTickIntRegister              
0000029d  SysTickIntUnregister            
000002b1  SysTickIntEnable                
000002bd  SysTickIntDisable               
000002c9  SysTickPeriodSet                
000002db  SysTickPeriodGet                
000002e3  SysTickValueGet                 
000002eb  IntMasterEnable                 
000002fb  IntMasterDisable                
0000030b  IntRegister                     
0000035d  IntUnregister                   
00000371  IntPriorityGroupingSet          
0000038b  IntPriorityGroupingGet          
000003c3  IntPrioritySet                  
00000413  IntPriorityGet                  
00000437  IntEnable                       
000004a9  IntDisable                      
00000525  IntIsEnabled                    
000005ad  IntPendSet                      
0000061d  IntPendClear                    
0000066b  IntPriorityMaskSet              
00000677  IntPriorityMaskGet              
0000067f  IntTrigger                      
0000075f  SysCtlSRAMSizeGet               
00000769  SysCtlFlashSizeGet              
00000795  SysCtlFlashSectorSizeGet        
000007c1  SysCtlPeripheralPresent         
00000801  SysCtlPeripheralReady           
00000845  SysCtlPeripheralPowerOn         
00000885  SysCtlPeripheralPowerOff        
000008c5  SysCtlPeripheralReset           
00000951  SysCtlPeripheralEnable          
00000995  SysCtlPeripheralDisable         
000009d9  SysCtlPeripheralSleepEnable     
00000a19  SysCtlPeripheralSleepDisable    
00000a55  SysCtlPeripheralDeepSleepEnable 
00000aad  SysCtlPeripheralDeepSleepDisable
00000aed  SysCtlPeripheralClockGating     
00000b45  SysCtlIntRegister               
00000b59  SysCtlIntUnregister             
00000b69  SysCtlIntEnable                 
00000b81  SysCtlIntDisable                
00000b95  SysCtlIntClear                  
00000ba5  SysCtlIntStatus                 
00000bc1  SysCtlLDOSleepSet               
00000bd1  SysCtlLDOSleepGet               
00000bd7  SysCtlLDODeepSleepSet           
00000be7  SysCtlLDODeepSleepGet           
00000bed  SysCtlSleepPowerSet             
00000c01  SysCtlDeepSleepPowerSet         
00000c11  SysCtlReset                     
00000c19  SysCtlSleep                     
00000c21  SysCtlDeepSleep                 
00000c3d  SysCtlResetCauseGet             
00000c43  SysCtlResetCauseClear           
00000c57  SysCtlMOSCConfigSet             
00000c6d  SysCtlPIOSCCalibrate            
00000cbd  SysCtlResetBehaviorSet          
00000ccd  SysCtlResetBehaviorGet          
00000d1d  SysCtlClockFreqSet              
00001000  __STACK_SIZE                    
00001015  SysCtlClockSet                  
000011e5  SysCtlClockGet                  
0000138b  SysCtlDeepSleepClockSet         
000013a9  SysCtlDeepSleepClockConfigSet   
00001433  SysCtlPWMClockSet               
0000144d  SysCtlPWMClockGet               
00001463  SysCtlGPIOAHBEnable             
0000147f  SysCtlGPIOAHBDisable            
0000149b  SysCtlUSBPLLEnable              
000014a7  SysCtlUSBPLLDisable             
000014b9  SysCtlVoltageEventConfig        
000014c9  SysCtlVoltageEventStatus        
000014d5  SysCtlVoltageEventClear         
000014ed  SysCtlVCOGet                    
000015a9  SysCtlNMIStatus                 
000015bd  SysCtlNMIClear                  
000015d9  SysCtlClockOutConfig            
000015f5  SysCtlAltClkConfig              
00001689  TimerEnable                     
000016a7  TimerDisable                    
000016c9  TimerConfigure                  
00001749  TimerControlLevel               
0000178d  TimerControlTrigger             
00001801  TimerControlEvent               
0000182b  TimerControlStall               
0000186d  TimerControlWaitOnTrigger       
000018d1  TimerRTCEnable                  
000018f1  TimerRTCDisable                 
00001907  TimerClockSourceSet             
0000191b  TimerClockSourceGet             
0000192b  TimerPrescaleSet                
00001955  TimerPrescaleGet                
00001971  TimerPrescaleMatchSet           
000019a9  TimerPrescaleMatchGet           
000019c5  TimerLoadSet                    
000019ef  TimerLoadGet                    
00001a0b  TimerLoadSet64                  
00001a25  TimerLoadGet64                  
00001a57  TimerValueGet                   
00001a73  TimerValueGet64                 
00001aa5  TimerMatchSet                   
00001acf  TimerMatchGet                   
00001aeb  TimerMatchSet64                 
00001b05  TimerMatchGet64                 
00001b37  TimerIntRegister                
00001b5f  TimerIntUnregister              
00001b7d  TimerIntEnable                  
00001b95  TimerIntDisable                 
00001bad  TimerIntStatus                  
00001bcb  TimerIntClear                   
00001bdd  TimerSynchronize                
00001bef  TimerADCEventSet                
00001c01  TimerADCEventGet                
00001c0f  TimerDMAEventSet                
00001c21  TimerDMAEventGet                
00001c2f  TimerUpdateMode                 
00001c83  uDMAEnable                      
00001c8b  uDMADisable                     
00001c93  uDMAErrorStatusGet              
00001c99  uDMAErrorStatusClear            
00001ca1  uDMAChannelEnable               
00001cb9  uDMAChannelDisable              
00001cd1  uDMAChannelIsEnabled            
00001cf9  uDMAControlBaseSet              
00001d09  uDMAControlBaseGet              
00001d0f  uDMAControlAlternateBaseGet     
00001d15  uDMAChannelRequest              
00001d2d  uDMAChannelAttributeEnable      
00001d81  uDMAChannelAttributeDisable     
00001dd5  uDMAChannelAttributeGet         
00001e45  uDMAChannelControlSet           
00001e85  uDMAChannelTransferSet          
00001f7d  uDMAChannelScatterGatherSet     
00002009  uDMAChannelSizeGet              
00002051  uDMAChannelModeGet              
00002097  uDMAIntRegister                 
000020ad  uDMAIntUnregister               
000020bf  uDMAIntStatus                   
000020c5  uDMAIntClear                    
000020d9  uDMAChannelAssign               
00002121  uDMAChannelSelectSecondary      
00002135  uDMAChannelSelectDefault        
000021ab  GPIODirModeSet                  
00002207  GPIODirModeGet                  
0000225d  GPIOIntTypeSet                  
00002301  GPIOIntTypeGet                  
000023a1  GPIOPadConfigSet                
000025db  GPIOPadConfigGet                
0000272d  GPIOIntEnable                   
00002747  GPIOIntDisable                  
00002761  GPIOIntStatus                   
00002783  GPIOIntClear                    
00002797  GPIOIntRegister                 
000027b5  GPIOIntUnregister               
000027cf  GPIOIntRegisterPin              
000027fd  GPIOIntUnregisterPin            
00002821  GPIOPinRead                     
00002839  GPIOPinWrite                    
00002859  GPIOPinTypeADC                  
0000287d  GPIOPinTypeCAN                  
000028a1  GPIOPinTypeComparator           
000028c5  GPIOPinTypeComparatorOutput     
000028e9  GPIOPinTypeDIVSCLK              
0000290d  GPIOPinTypeEPI                  
00002931  GPIOPinTypeEthernetLED          
00002955  GPIOPinTypeEthernetMII          
00002979  GPIOPinTypeGPIOInput            
0000299d  GPIOPinTypeGPIOOutput           
000029c1  GPIOPinTypeGPIOOutputOD         
000029e5  GPIOPinTypeHibernateRTCCLK      
00002a09  GPIOPinTypeI2C                  
00002a2d  GPIOPinTypeI2CSCL               
00002a51  GPIOPinTypeLCD                  
00002a75  GPIOPinTypeOneWire              
00002a99  GPIOPinTypePWM                  
00002abd  GPIOPinTypeQEI                  
00002ae1  GPIOPinTypeSSI                  
00002b05  GPIOPinTypeTimer                
00002b29  GPIOPinTypeTrace                
00002b4d  GPIOPinTypeUART                 
00002b71  GPIOPinTypeUSBAnalog            
00002b95  GPIOPinTypeUSBDigital           
00002bb9  GPIOPinTypeWakeHigh             
00002bdf  GPIOPinTypeWakeLow              
00002c05  GPIOPinWakeStatus               
00002c15  GPIOPinConfigure                
00002c73  GPIODMATriggerEnable            
00002c91  GPIODMATriggerDisable           
00002caf  GPIOADCTriggerEnable            
00002ccd  GPIOADCTriggerDisable           
00002ceb  SysTickInt                      
00002d55  TimerBegin                      
00002dd1  MadgwickAHRSupdate              
00003ab5  MadgwickAHRSupdateIMU           
00004055  invSqrt                         
000040cd  Read_Word_2c                    
00004127  InitMPU9250                     
00004177  InitMag                         
000041bb  CalibrateMPU                    
0000442d  UpdateDataMPU9250               
0000471b  MadgwickIMU                     
00004761  MadgwickAHRS                    
000047d5  GravityVector                   
00004889  LinearAcceleration              
00004911  NEDAcceleration                 
00004a0d  EulerAngles                     
00004bd1  QuartenionProduct               
00004dd5  __TI_printfi                    
00005833  __aeabi_idiv0                   
00005833  __aeabi_ldiv0                   
00005835  UARTStdioConfig                 
0000587b  UARTwrite                       
000058c1  UARTgets                        
0000597b  UARTgetc                        
000059a1  UARTvprintf                     
00005c9b  UARTprintf                      
00005cd1  strtod                          
00005cd1  strtold                         
000063a1  UART0IntHandler                 
000063f5  UART1IntHandler                 
0000649d  UART0Send                       
000064c5  UART1Send                       
000064ed  UARTsetup                       
000067c5  __aeabi_dsub                    
000067cf  __aeabi_dadd                    
0000697d  asinf                           
00006aed  atan2f                          
00006c45  sqrt                            
00006c45  sqrtl                           
00006d9d  UpdateDataGPS                   
00006ef1  atanf                           
0000717d  __aeabi_ddiv                    
000073d5  InitI2C1                        
00007423  WriteI2C1                       
00007477  ReadI2C1                        
000074e5  ldexp                           
000074e5  ldexpl                          
000074e5  scalbn                          
000074e5  scalbnl                         
000075f5  __aeabi_dmul                    
000076f1  main                            
00007867  __aeabi_memcpy                  
00007867  __aeabi_memcpy4                 
00007867  __aeabi_memcpy8                 
00007867  memcpy                          
00007903  __aeabi_uldivmod                
00007999  __aeabi_cdcmpeq                 
00007999  __aeabi_cdcmple                 
00007a1f  __aeabi_cdrcmple                
00007aa5  __aeabi_memclr                  
00007aa5  __aeabi_memclr4                 
00007aa5  __aeabi_memclr8                 
00007aa7  __aeabi_memset                  
00007aa7  __aeabi_memset4                 
00007aa7  __aeabi_memset8                 
00007aad  memset                          
00007b8d  __aeabi_d2f                     
00007bfb  __TI_decompress_lzss            
00007c65  frexp                           
00007c65  frexpl                          
00007d1f  ltoa                            
00007dc5  I2CMasterInitExpClk             
00007e11  atoi                            
00007e5d  __aeabi_d2iz                    
00007ea5  UARTConfigSetExpClk             
00007eed  __TI_auto_init_nobinit_nopinit  
00007f31  __aeabi_uidiv                   
00007f31  __aeabi_uidivmod                
00007f71  sprintf                         
00007fb1  strtok                          
00008031  _c_int00_noargs                 
00008069  __aeabi_f2d                     
000080a1  __aeabi_i2d                     
000080cf  strspn                          
000080f9  strcspn                         
0000811d  UARTDisable                     
0000813d  __aeabi_ui2d                    
0000815d  memccpy                         
00008191  strchr                          
000081a7  UARTEnable                      
000081bb  copysign                        
000081bb  copysignl                       
000081cf  strlen                          
000081e3  atof                            
000081f5  __TI_zero_init_nomemset         
00008207  wcslen                          
00008219  FPUEnable                       
00008229  FPULazyStackingEnable           
00008239  UARTCharGetNonBlocking          
00008247  UARTCharPutNonBlocking          
00008255  UARTCharsAvail                  
00008263  __TI_decompress_none            
00008271  CPUcpsid                        
0000827d  CPUcpsie                        
00008289  ResetISR                        
00008295  CPUbasepriGet                   
0000829f  I2CMasterEnable                 
000082a9  UARTCharGet                     
000082b3  UARTCharPut                     
000082bd  UARTIntStatus                   
000082d1  I2CMasterBusy                   
000082d9  I2CMasterSlaveAddrSet           
000082e1  UARTIntEnable                   
000082e9  __aeabi_errno_addr              
000082f1  CPUbasepriSet                   
000082f7  SysCtlDelay                     
000082fd  UARTClockSourceSet              
00008303  CPUwfi                          
00008307  I2CMasterControl                
0000830b  I2CMasterDataGet                
0000830f  I2CMasterDataPut                
00008313  UARTIntClear                    
00008317  _system_pre_init                
0000831b  C$$EXIT                         
0000831b  abort                           
000084d0  _ctypes_                        
00008c0c  __TI_Handler_Table_Base         
00008c18  __TI_Handler_Table_Limit        
00008c28  __TI_CINIT_Base                 
00008c40  __TI_CINIT_Limit                
20000000  g_pfnRAMVectors                 
20000270  __stack                         
20000470  __STACK_TOP                     
20001270  __STACK_END                     
20001270  acclXraw                        
20001272  acclYraw                        
20001274  acclZraw                        
20001276  gyroXraw                        
20001278  gyroYraw                        
2000127a  gyroZraw                        
2000127c  magXraw                         
2000127e  magYraw                         
20001280  magZraw                         
20001284  acclXscl                        
20001288  acclYscl                        
2000128c  acclZscl                        
20001290  gyroXscl                        
20001294  gyroYscl                        
20001298  gyroZscl                        
2000129c  magXscl                         
200012a0  magYscl                         
200012a4  magZscl                         
200012a8  gravX                           
200012ac  gravY                           
200012b0  gravZ                           
200012b4  acclXlin                        
200012b8  acclYlin                        
200012bc  acclZlin                        
200012c0  acclN                           
200012c4  acclE                           
200012c8  acclD                           
200012cc  errno                           
200012d0  latitude                        
200012d8  longitude                       
200012e0  altitude                        
200012e8  dN                              
200012f0  dE                              
200012f8  dD                              
20001300  vN                              
20001308  vE                              
20001310  vD                              
20001318  beta                            
2000131c  q0                              
20001320  q1                              
20001324  q2                              
20001328  q3                              
2000132c  yaw                             
20001330  pitch                           
20001334  roll                            
20001338  mag_offset                      
20001350  mag_scale                       
20001368  acclBias                        
20001374  gyroBias                        
20001385  mag_aj                          
2000138c  millis                          
20001390  data                            
200013b8  dt                              
200013bc  freq                            
200013c0  lastUpdate                      
200013c4  now                             
ffffffff  __TI_pprof_out_hndl             
ffffffff  __TI_prof_data_size             
ffffffff  __TI_prof_data_start            
ffffffff  __binit__                       
ffffffff  __c_args__                      
ffffffff  binit                           
UNDEFED   __mpu_init                      
UNDEFED   _system_post_cinit              

[393 symbols]
