<?xml version="1.0" encoding="ISO-8859-1" ?>
<link_info>
   <banner>TI ARM Linker Unix v18.1.3.LTS</banner>
   <copyright>Copyright (c) 1996-2017 Texas Instruments Incorporated</copyright>
   <link_time>0x5dd80f3e</link_time>
   <link_errors>0x0</link_errors>
   <output_file>TCC.out</output_file>
   <entry_point>
      <name>_c_int00_noargs</name>
      <address>0x8031</address>
   </entry_point>
   <input_file_list>
      <input_file id="fl-1">
         <path>./</path>
         <kind>object</kind>
         <file>KalmanFilter.obj</file>
         <name>KalmanFilter.obj</name>
      </input_file>
      <input_file id="fl-2">
         <path>./</path>
         <kind>object</kind>
         <file>MPU9250.obj</file>
         <name>MPU9250.obj</name>
      </input_file>
      <input_file id="fl-3">
         <path>./</path>
         <kind>object</kind>
         <file>MadgwickAHRS.obj</file>
         <name>MadgwickAHRS.obj</name>
      </input_file>
      <input_file id="fl-4">
         <path>./</path>
         <kind>object</kind>
         <file>gps.obj</file>
         <name>gps.obj</name>
      </input_file>
      <input_file id="fl-5">
         <path>./</path>
         <kind>object</kind>
         <file>i2c1.obj</file>
         <name>i2c1.obj</name>
      </input_file>
      <input_file id="fl-6">
         <path>./</path>
         <kind>object</kind>
         <file>main.obj</file>
         <name>main.obj</name>
      </input_file>
      <input_file id="fl-7">
         <path>./</path>
         <kind>object</kind>
         <file>timer.obj</file>
         <name>timer.obj</name>
      </input_file>
      <input_file id="fl-8">
         <path>./</path>
         <kind>object</kind>
         <file>tm4c123gh6pm_startup_ccs.obj</file>
         <name>tm4c123gh6pm_startup_ccs.obj</name>
      </input_file>
      <input_file id="fl-9">
         <path>./</path>
         <kind>object</kind>
         <file>uartout.obj</file>
         <name>uartout.obj</name>
      </input_file>
      <input_file id="fl-a">
         <path>./</path>
         <kind>object</kind>
         <file>uartstdio.obj</file>
         <name>uartstdio.obj</name>
      </input_file>
      <input_file id="fl-f">
         <kind>object</kind>
         <file>&lt;internal&gt;</file>
         <name>&lt;internal&gt;</name>
      </input_file>
      <input_file id="fl-10">
         <path>/home/mairon/ti/TivaWare_C_Series/driverlib/ccs/Debug/</path>
         <kind>archive</kind>
         <file>driverlib.lib</file>
         <name>cpu.obj</name>
      </input_file>
      <input_file id="fl-11">
         <path>/home/mairon/ti/TivaWare_C_Series/driverlib/ccs/Debug/</path>
         <kind>archive</kind>
         <file>driverlib.lib</file>
         <name>fpu.obj</name>
      </input_file>
      <input_file id="fl-12">
         <path>/home/mairon/ti/TivaWare_C_Series/driverlib/ccs/Debug/</path>
         <kind>archive</kind>
         <file>driverlib.lib</file>
         <name>i2c.obj</name>
      </input_file>
      <input_file id="fl-13">
         <path>/home/mairon/ti/TivaWare_C_Series/driverlib/ccs/Debug/</path>
         <kind>archive</kind>
         <file>driverlib.lib</file>
         <name>uart.obj</name>
      </input_file>
      <input_file id="fl-c9">
         <path>/home/mairon/ti/ccsv8/tools/compiler/ti-cgt-arm_18.1.3.LTS/lib/</path>
         <kind>archive</kind>
         <file>rtsv7M4_T_le_v4SPD16_eabi.lib</file>
         <name>e_sqrt.c.obj</name>
      </input_file>
      <input_file id="fl-ca">
         <path>/home/mairon/ti/ccsv8/tools/compiler/ti-cgt-arm_18.1.3.LTS/lib/</path>
         <kind>archive</kind>
         <file>rtsv7M4_T_le_v4SPD16_eabi.lib</file>
         <name>e_asinf.c.obj</name>
      </input_file>
      <input_file id="fl-cb">
         <path>/home/mairon/ti/ccsv8/tools/compiler/ti-cgt-arm_18.1.3.LTS/lib/</path>
         <kind>archive</kind>
         <file>rtsv7M4_T_le_v4SPD16_eabi.lib</file>
         <name>e_atan2f.c.obj</name>
      </input_file>
      <input_file id="fl-cc">
         <path>/home/mairon/ti/ccsv8/tools/compiler/ti-cgt-arm_18.1.3.LTS/lib/</path>
         <kind>archive</kind>
         <file>rtsv7M4_T_le_v4SPD16_eabi.lib</file>
         <name>s_atanf.c.obj</name>
      </input_file>
      <input_file id="fl-cd">
         <path>/home/mairon/ti/ccsv8/tools/compiler/ti-cgt-arm_18.1.3.LTS/lib/</path>
         <kind>archive</kind>
         <file>rtsv7M4_T_le_v4SPD16_eabi.lib</file>
         <name>u_divt2.asm.obj</name>
      </input_file>
      <input_file id="fl-ce">
         <path>/home/mairon/ti/ccsv8/tools/compiler/ti-cgt-arm_18.1.3.LTS/lib/</path>
         <kind>archive</kind>
         <file>rtsv7M4_T_le_v4SPD16_eabi.lib</file>
         <name>fd_add_t2.asm.obj</name>
      </input_file>
      <input_file id="fl-cf">
         <path>/home/mairon/ti/ccsv8/tools/compiler/ti-cgt-arm_18.1.3.LTS/lib/</path>
         <kind>archive</kind>
         <file>rtsv7M4_T_le_v4SPD16_eabi.lib</file>
         <name>fd_cmp_t2.asm.obj</name>
      </input_file>
      <input_file id="fl-d0">
         <path>/home/mairon/ti/ccsv8/tools/compiler/ti-cgt-arm_18.1.3.LTS/lib/</path>
         <kind>archive</kind>
         <file>rtsv7M4_T_le_v4SPD16_eabi.lib</file>
         <name>fd_div_t2.asm.obj</name>
      </input_file>
      <input_file id="fl-d1">
         <path>/home/mairon/ti/ccsv8/tools/compiler/ti-cgt-arm_18.1.3.LTS/lib/</path>
         <kind>archive</kind>
         <file>rtsv7M4_T_le_v4SPD16_eabi.lib</file>
         <name>fd_mul_t2.asm.obj</name>
      </input_file>
      <input_file id="fl-d2">
         <path>/home/mairon/ti/ccsv8/tools/compiler/ti-cgt-arm_18.1.3.LTS/lib/</path>
         <kind>archive</kind>
         <file>rtsv7M4_T_le_v4SPD16_eabi.lib</file>
         <name>fd_toi_t2.asm.obj</name>
      </input_file>
      <input_file id="fl-d3">
         <path>/home/mairon/ti/ccsv8/tools/compiler/ti-cgt-arm_18.1.3.LTS/lib/</path>
         <kind>archive</kind>
         <file>rtsv7M4_T_le_v4SPD16_eabi.lib</file>
         <name>fd_tos_t2.asm.obj</name>
      </input_file>
      <input_file id="fl-d4">
         <path>/home/mairon/ti/ccsv8/tools/compiler/ti-cgt-arm_18.1.3.LTS/lib/</path>
         <kind>archive</kind>
         <file>rtsv7M4_T_le_v4SPD16_eabi.lib</file>
         <name>fs_tod_t2.asm.obj</name>
      </input_file>
      <input_file id="fl-d5">
         <path>/home/mairon/ti/ccsv8/tools/compiler/ti-cgt-arm_18.1.3.LTS/lib/</path>
         <kind>archive</kind>
         <file>rtsv7M4_T_le_v4SPD16_eabi.lib</file>
         <name>i_tofd_t2.asm.obj</name>
      </input_file>
      <input_file id="fl-d6">
         <path>/home/mairon/ti/ccsv8/tools/compiler/ti-cgt-arm_18.1.3.LTS/lib/</path>
         <kind>archive</kind>
         <file>rtsv7M4_T_le_v4SPD16_eabi.lib</file>
         <name>u_tofd_t2.asm.obj</name>
      </input_file>
      <input_file id="fl-d7">
         <path>/home/mairon/ti/ccsv8/tools/compiler/ti-cgt-arm_18.1.3.LTS/lib/</path>
         <kind>archive</kind>
         <file>rtsv7M4_T_le_v4SPD16_eabi.lib</file>
         <name>copy_zero_init.c.obj</name>
      </input_file>
      <input_file id="fl-d8">
         <path>/home/mairon/ti/ccsv8/tools/compiler/ti-cgt-arm_18.1.3.LTS/lib/</path>
         <kind>archive</kind>
         <file>rtsv7M4_T_le_v4SPD16_eabi.lib</file>
         <name>copy_decompress_none.c.obj</name>
      </input_file>
      <input_file id="fl-d9">
         <path>/home/mairon/ti/ccsv8/tools/compiler/ti-cgt-arm_18.1.3.LTS/lib/</path>
         <kind>archive</kind>
         <file>rtsv7M4_T_le_v4SPD16_eabi.lib</file>
         <name>copy_decompress_lzss.c.obj</name>
      </input_file>
      <input_file id="fl-da">
         <path>/home/mairon/ti/ccsv8/tools/compiler/ti-cgt-arm_18.1.3.LTS/lib/</path>
         <kind>archive</kind>
         <file>rtsv7M4_T_le_v4SPD16_eabi.lib</file>
         <name>atof.c.obj</name>
      </input_file>
      <input_file id="fl-db">
         <path>/home/mairon/ti/ccsv8/tools/compiler/ti-cgt-arm_18.1.3.LTS/lib/</path>
         <kind>archive</kind>
         <file>rtsv7M4_T_le_v4SPD16_eabi.lib</file>
         <name>sprintf.c.obj</name>
      </input_file>
      <input_file id="fl-dc">
         <path>/home/mairon/ti/ccsv8/tools/compiler/ti-cgt-arm_18.1.3.LTS/lib/</path>
         <kind>archive</kind>
         <file>rtsv7M4_T_le_v4SPD16_eabi.lib</file>
         <name>strtod.c.obj</name>
      </input_file>
      <input_file id="fl-dd">
         <path>/home/mairon/ti/ccsv8/tools/compiler/ti-cgt-arm_18.1.3.LTS/lib/</path>
         <kind>archive</kind>
         <file>rtsv7M4_T_le_v4SPD16_eabi.lib</file>
         <name>strtok.c.obj</name>
      </input_file>
      <input_file id="fl-de">
         <path>/home/mairon/ti/ccsv8/tools/compiler/ti-cgt-arm_18.1.3.LTS/lib/</path>
         <kind>archive</kind>
         <file>rtsv7M4_T_le_v4SPD16_eabi.lib</file>
         <name>errno.c.obj</name>
      </input_file>
      <input_file id="fl-df">
         <path>/home/mairon/ti/ccsv8/tools/compiler/ti-cgt-arm_18.1.3.LTS/lib/</path>
         <kind>archive</kind>
         <file>rtsv7M4_T_le_v4SPD16_eabi.lib</file>
         <name>boot_cortex_m.c.obj</name>
      </input_file>
      <input_file id="fl-e0">
         <path>/home/mairon/ti/ccsv8/tools/compiler/ti-cgt-arm_18.1.3.LTS/lib/</path>
         <kind>archive</kind>
         <file>rtsv7M4_T_le_v4SPD16_eabi.lib</file>
         <name>s_scalbn.c.obj</name>
      </input_file>
      <input_file id="fl-e1">
         <path>/home/mairon/ti/ccsv8/tools/compiler/ti-cgt-arm_18.1.3.LTS/lib/</path>
         <kind>archive</kind>
         <file>rtsv7M4_T_le_v4SPD16_eabi.lib</file>
         <name>s_copysign.c.obj</name>
      </input_file>
      <input_file id="fl-e2">
         <path>/home/mairon/ti/ccsv8/tools/compiler/ti-cgt-arm_18.1.3.LTS/lib/</path>
         <kind>archive</kind>
         <file>rtsv7M4_T_le_v4SPD16_eabi.lib</file>
         <name>div0.asm.obj</name>
      </input_file>
      <input_file id="fl-e3">
         <path>/home/mairon/ti/ccsv8/tools/compiler/ti-cgt-arm_18.1.3.LTS/lib/</path>
         <kind>archive</kind>
         <file>rtsv7M4_T_le_v4SPD16_eabi.lib</file>
         <name>memset_t2.asm.obj</name>
      </input_file>
      <input_file id="fl-e4">
         <path>/home/mairon/ti/ccsv8/tools/compiler/ti-cgt-arm_18.1.3.LTS/lib/</path>
         <kind>archive</kind>
         <file>rtsv7M4_T_le_v4SPD16_eabi.lib</file>
         <name>memcpy_t2.asm.obj</name>
      </input_file>
      <input_file id="fl-e5">
         <path>/home/mairon/ti/ccsv8/tools/compiler/ti-cgt-arm_18.1.3.LTS/lib/</path>
         <kind>archive</kind>
         <file>rtsv7M4_T_le_v4SPD16_eabi.lib</file>
         <name>autoinit.c.obj</name>
      </input_file>
      <input_file id="fl-e6">
         <path>/home/mairon/ti/ccsv8/tools/compiler/ti-cgt-arm_18.1.3.LTS/lib/</path>
         <kind>archive</kind>
         <file>rtsv7M4_T_le_v4SPD16_eabi.lib</file>
         <name>pre_init.c.obj</name>
      </input_file>
      <input_file id="fl-e7">
         <path>/home/mairon/ti/ccsv8/tools/compiler/ti-cgt-arm_18.1.3.LTS/lib/</path>
         <kind>archive</kind>
         <file>rtsv7M4_T_le_v4SPD16_eabi.lib</file>
         <name>cpy_tbl.c.obj</name>
      </input_file>
      <input_file id="fl-e8">
         <path>/home/mairon/ti/ccsv8/tools/compiler/ti-cgt-arm_18.1.3.LTS/lib/</path>
         <kind>archive</kind>
         <file>rtsv7M4_T_le_v4SPD16_eabi.lib</file>
         <name>exit.c.obj</name>
      </input_file>
      <input_file id="fl-e9">
         <path>/home/mairon/ti/ccsv8/tools/compiler/ti-cgt-arm_18.1.3.LTS/lib/</path>
         <kind>archive</kind>
         <file>rtsv7M4_T_le_v4SPD16_eabi.lib</file>
         <name>_lock.c.obj</name>
      </input_file>
      <input_file id="fl-ea">
         <path>/home/mairon/ti/ccsv8/tools/compiler/ti-cgt-arm_18.1.3.LTS/lib/</path>
         <kind>archive</kind>
         <file>rtsv7M4_T_le_v4SPD16_eabi.lib</file>
         <name>_printfi.c.obj</name>
      </input_file>
      <input_file id="fl-eb">
         <path>/home/mairon/ti/ccsv8/tools/compiler/ti-cgt-arm_18.1.3.LTS/lib/</path>
         <kind>archive</kind>
         <file>rtsv7M4_T_le_v4SPD16_eabi.lib</file>
         <name>args_main.c.obj</name>
      </input_file>
      <input_file id="fl-ec">
         <path>/home/mairon/ti/ccsv8/tools/compiler/ti-cgt-arm_18.1.3.LTS/lib/</path>
         <kind>archive</kind>
         <file>rtsv7M4_T_le_v4SPD16_eabi.lib</file>
         <name>atoi.c.obj</name>
      </input_file>
      <input_file id="fl-ed">
         <path>/home/mairon/ti/ccsv8/tools/compiler/ti-cgt-arm_18.1.3.LTS/lib/</path>
         <kind>archive</kind>
         <file>rtsv7M4_T_le_v4SPD16_eabi.lib</file>
         <name>ctype.c.obj</name>
      </input_file>
      <input_file id="fl-ee">
         <path>/home/mairon/ti/ccsv8/tools/compiler/ti-cgt-arm_18.1.3.LTS/lib/</path>
         <kind>archive</kind>
         <file>rtsv7M4_T_le_v4SPD16_eabi.lib</file>
         <name>ltoa.c.obj</name>
      </input_file>
      <input_file id="fl-ef">
         <path>/home/mairon/ti/ccsv8/tools/compiler/ti-cgt-arm_18.1.3.LTS/lib/</path>
         <kind>archive</kind>
         <file>rtsv7M4_T_le_v4SPD16_eabi.lib</file>
         <name>memccpy.c.obj</name>
      </input_file>
      <input_file id="fl-f0">
         <path>/home/mairon/ti/ccsv8/tools/compiler/ti-cgt-arm_18.1.3.LTS/lib/</path>
         <kind>archive</kind>
         <file>rtsv7M4_T_le_v4SPD16_eabi.lib</file>
         <name>strchr.c.obj</name>
      </input_file>
      <input_file id="fl-f1">
         <path>/home/mairon/ti/ccsv8/tools/compiler/ti-cgt-arm_18.1.3.LTS/lib/</path>
         <kind>archive</kind>
         <file>rtsv7M4_T_le_v4SPD16_eabi.lib</file>
         <name>strcspn.c.obj</name>
      </input_file>
      <input_file id="fl-f2">
         <path>/home/mairon/ti/ccsv8/tools/compiler/ti-cgt-arm_18.1.3.LTS/lib/</path>
         <kind>archive</kind>
         <file>rtsv7M4_T_le_v4SPD16_eabi.lib</file>
         <name>strlen.c.obj</name>
      </input_file>
      <input_file id="fl-f3">
         <path>/home/mairon/ti/ccsv8/tools/compiler/ti-cgt-arm_18.1.3.LTS/lib/</path>
         <kind>archive</kind>
         <file>rtsv7M4_T_le_v4SPD16_eabi.lib</file>
         <name>strspn.c.obj</name>
      </input_file>
      <input_file id="fl-f4">
         <path>/home/mairon/ti/ccsv8/tools/compiler/ti-cgt-arm_18.1.3.LTS/lib/</path>
         <kind>archive</kind>
         <file>rtsv7M4_T_le_v4SPD16_eabi.lib</file>
         <name>s_frexp.c.obj</name>
      </input_file>
      <input_file id="fl-f5">
         <path>/home/mairon/ti/ccsv8/tools/compiler/ti-cgt-arm_18.1.3.LTS/lib/</path>
         <kind>archive</kind>
         <file>rtsv7M4_T_le_v4SPD16_eabi.lib</file>
         <name>wcslen.c.obj</name>
      </input_file>
      <input_file id="fl-f6">
         <path>/home/mairon/ti/ccsv8/tools/compiler/ti-cgt-arm_18.1.3.LTS/lib/</path>
         <kind>archive</kind>
         <file>rtsv7M4_T_le_v4SPD16_eabi.lib</file>
         <name>ull_div_t2.asm.obj</name>
      </input_file>
   </input_file_list>
   <object_component_list>
      <object_component id="oc-f">
         <name>.intvecs</name>
         <load_address>0x0</load_address>
         <run_address>0x0</run_address>
         <size>0x26c</size>
         <input_file_ref idref="fl-8"/>
      </object_component>
      <object_component id="oc-89">
         <name>.text</name>
         <load_address>0x26c</load_address>
         <run_address>0x26c</run_address>
         <size>0x2b64</size>
         <input_file_ref idref="fl-7"/>
      </object_component>
      <object_component id="oc-2c9">
         <name>.text</name>
         <load_address>0x2dd0</load_address>
         <run_address>0x2dd0</run_address>
         <size>0x12fc</size>
         <input_file_ref idref="fl-3"/>
      </object_component>
      <object_component id="oc-1ed">
         <name>.text</name>
         <load_address>0x40cc</load_address>
         <run_address>0x40cc</run_address>
         <size>0xd08</size>
         <input_file_ref idref="fl-2"/>
      </object_component>
      <object_component id="oc-2f1">
         <name>.text:__TI_printfi</name>
         <load_address>0x4dd4</load_address>
         <run_address>0x4dd4</run_address>
         <size>0xa5e</size>
         <input_file_ref idref="fl-ea"/>
      </object_component>
      <object_component id="oc-2a1">
         <name>.text</name>
         <load_address>0x5832</load_address>
         <run_address>0x5832</run_address>
         <size>0x2</size>
         <input_file_ref idref="fl-e2"/>
      </object_component>
      <object_component id="oc-b4">
         <name>.text</name>
         <load_address>0x5834</load_address>
         <run_address>0x5834</run_address>
         <size>0x49c</size>
         <input_file_ref idref="fl-a"/>
      </object_component>
      <object_component id="oc-28c">
         <name>.text:strtod</name>
         <load_address>0x5cd0</load_address>
         <run_address>0x5cd0</run_address>
         <size>0x460</size>
         <input_file_ref idref="fl-dc"/>
      </object_component>
      <object_component id="oc-3bb">
         <name>.text:_pconv_a</name>
         <load_address>0x6130</load_address>
         <run_address>0x6130</run_address>
         <size>0x270</size>
         <input_file_ref idref="fl-ea"/>
      </object_component>
      <object_component id="oc-2a">
         <name>.text</name>
         <load_address>0x63a0</load_address>
         <run_address>0x63a0</run_address>
         <size>0x254</size>
         <input_file_ref idref="fl-9"/>
      </object_component>
      <object_component id="oc-3a9">
         <name>.text:_pconv_g</name>
         <load_address>0x65f4</load_address>
         <run_address>0x65f4</run_address>
         <size>0x1d0</size>
         <input_file_ref idref="fl-ea"/>
      </object_component>
      <object_component id="oc-19c">
         <name>.text</name>
         <load_address>0x67c4</load_address>
         <run_address>0x67c4</run_address>
         <size>0x1b6</size>
         <input_file_ref idref="fl-ce"/>
      </object_component>
      <object_component id="oc-2e1">
         <name>.text:asinf</name>
         <load_address>0x697c</load_address>
         <run_address>0x697c</run_address>
         <size>0x170</size>
         <input_file_ref idref="fl-ca"/>
      </object_component>
      <object_component id="oc-2db">
         <name>.text:atan2f</name>
         <load_address>0x6aec</load_address>
         <run_address>0x6aec</run_address>
         <size>0x158</size>
         <input_file_ref idref="fl-cb"/>
      </object_component>
      <object_component id="oc-371">
         <name>.text:sqrt</name>
         <load_address>0x6c44</load_address>
         <run_address>0x6c44</run_address>
         <size>0x158</size>
         <input_file_ref idref="fl-c9"/>
      </object_component>
      <object_component id="oc-9c">
         <name>.text</name>
         <load_address>0x6d9c</load_address>
         <run_address>0x6d9c</run_address>
         <size>0x154</size>
         <input_file_ref idref="fl-4"/>
      </object_component>
      <object_component id="oc-381">
         <name>.text:atanf</name>
         <load_address>0x6ef0</load_address>
         <run_address>0x6ef0</run_address>
         <size>0x150</size>
         <input_file_ref idref="fl-cc"/>
      </object_component>
      <object_component id="oc-3b5">
         <name>.text:_pconv_e</name>
         <load_address>0x7040</load_address>
         <run_address>0x7040</run_address>
         <size>0x13c</size>
         <input_file_ref idref="fl-ea"/>
      </object_component>
      <object_component id="oc-2bf">
         <name>.text</name>
         <load_address>0x717c</load_address>
         <run_address>0x717c</run_address>
         <size>0x136</size>
         <input_file_ref idref="fl-d0"/>
      </object_component>
      <object_component id="oc-459">
         <name>.text:fcvt</name>
         <load_address>0x72b4</load_address>
         <run_address>0x72b4</run_address>
         <size>0x120</size>
         <input_file_ref idref="fl-ea"/>
      </object_component>
      <object_component id="oc-2ae">
         <name>.text</name>
         <load_address>0x73d4</load_address>
         <run_address>0x73d4</run_address>
         <size>0x110</size>
         <input_file_ref idref="fl-5"/>
      </object_component>
      <object_component id="oc-333">
         <name>.text:scalbn</name>
         <load_address>0x74e4</load_address>
         <run_address>0x74e4</run_address>
         <size>0x110</size>
         <input_file_ref idref="fl-e0"/>
      </object_component>
      <object_component id="oc-163">
         <name>.text</name>
         <load_address>0x75f4</load_address>
         <run_address>0x75f4</run_address>
         <size>0xfc</size>
         <input_file_ref idref="fl-d1"/>
      </object_component>
      <object_component id="oc-f7">
         <name>.text</name>
         <load_address>0x76f0</load_address>
         <run_address>0x76f0</run_address>
         <size>0xc4</size>
         <input_file_ref idref="fl-6"/>
      </object_component>
      <object_component id="oc-3a3">
         <name>.text:_ltostr</name>
         <load_address>0x77b4</load_address>
         <run_address>0x77b4</run_address>
         <size>0xb1</size>
         <input_file_ref idref="fl-ea"/>
      </object_component>
      <object_component id="oc-3e">
         <name>.text</name>
         <load_address>0x7866</load_address>
         <run_address>0x7866</run_address>
         <size>0x9c</size>
         <input_file_ref idref="fl-e4"/>
      </object_component>
      <object_component id="oc-43b">
         <name>.text</name>
         <load_address>0x7902</load_address>
         <run_address>0x7902</run_address>
         <size>0x96</size>
         <input_file_ref idref="fl-f6"/>
      </object_component>
      <object_component id="oc-197">
         <name>.text:__aeabi_cdcmple</name>
         <load_address>0x7998</load_address>
         <run_address>0x7998</run_address>
         <size>0x86</size>
         <input_file_ref idref="fl-cf"/>
      </object_component>
      <object_component id="oc-441">
         <name>.text:__aeabi_cdrcmple</name>
         <load_address>0x7a1e</load_address>
         <run_address>0x7a1e</run_address>
         <size>0x86</size>
         <input_file_ref idref="fl-cf"/>
      </object_component>
      <object_component id="oc-eb">
         <name>.text</name>
         <load_address>0x7aa4</load_address>
         <run_address>0x7aa4</run_address>
         <size>0x7a</size>
         <input_file_ref idref="fl-e3"/>
      </object_component>
      <object_component id="oc-452">
         <name>.text:_mcpy</name>
         <load_address>0x7b1e</load_address>
         <run_address>0x7b1e</run_address>
         <size>0x6e</size>
         <input_file_ref idref="fl-ea"/>
      </object_component>
      <object_component id="oc-168">
         <name>.text</name>
         <load_address>0x7b8c</load_address>
         <run_address>0x7b8c</run_address>
         <size>0x6e</size>
         <input_file_ref idref="fl-d3"/>
      </object_component>
      <object_component id="oc-12">
         <name>.text:decompress:lzss:__TI_decompress_lzss</name>
         <load_address>0x7bfa</load_address>
         <run_address>0x7bfa</run_address>
         <size>0x68</size>
         <input_file_ref idref="fl-d9"/>
      </object_component>
      <object_component id="oc-467">
         <name>.text:frexp</name>
         <load_address>0x7c64</load_address>
         <run_address>0x7c64</run_address>
         <size>0x64</size>
         <input_file_ref idref="fl-f4"/>
      </object_component>
      <object_component id="oc-3af">
         <name>.text:_pconv_f</name>
         <load_address>0x7cc8</load_address>
         <run_address>0x7cc8</run_address>
         <size>0x56</size>
         <input_file_ref idref="fl-ea"/>
      </object_component>
      <object_component id="oc-446">
         <name>.text:ltoa</name>
         <load_address>0x7d1e</load_address>
         <run_address>0x7d1e</run_address>
         <size>0x54</size>
         <input_file_ref idref="fl-ee"/>
      </object_component>
      <object_component id="oc-44c">
         <name>.text:_ecpy</name>
         <load_address>0x7d72</load_address>
         <run_address>0x7d72</run_address>
         <size>0x52</size>
         <input_file_ref idref="fl-ea"/>
      </object_component>
      <object_component id="oc-345">
         <name>.text:I2CMasterInitExpClk</name>
         <load_address>0x7dc4</load_address>
         <run_address>0x7dc4</run_address>
         <size>0x4c</size>
         <input_file_ref idref="fl-12"/>
      </object_component>
      <object_component id="oc-39d">
         <name>.text:atoi</name>
         <load_address>0x7e10</load_address>
         <run_address>0x7e10</run_address>
         <size>0x4c</size>
         <input_file_ref idref="fl-ec"/>
      </object_component>
      <object_component id="oc-2c4">
         <name>.text</name>
         <load_address>0x7e5c</load_address>
         <run_address>0x7e5c</run_address>
         <size>0x48</size>
         <input_file_ref idref="fl-d2"/>
      </object_component>
      <object_component id="oc-a8">
         <name>.text:UARTConfigSetExpClk</name>
         <load_address>0x7ea4</load_address>
         <run_address>0x7ea4</run_address>
         <size>0x46</size>
         <input_file_ref idref="fl-13"/>
      </object_component>
      <object_component id="oc-21b">
         <name>.text:__TI_auto_init_nobinit_nopinit:__TI_auto_init_nobinit_nopinit</name>
         <load_address>0x7eec</load_address>
         <run_address>0x7eec</run_address>
         <size>0x44</size>
         <input_file_ref idref="fl-e5"/>
      </object_component>
      <object_component id="oc-1c3">
         <name>.text</name>
         <load_address>0x7f30</load_address>
         <run_address>0x7f30</run_address>
         <size>0x40</size>
         <input_file_ref idref="fl-cd"/>
      </object_component>
      <object_component id="oc-204">
         <name>.text:sprintf</name>
         <load_address>0x7f70</load_address>
         <run_address>0x7f70</run_address>
         <size>0x40</size>
         <input_file_ref idref="fl-db"/>
      </object_component>
      <object_component id="oc-96">
         <name>.text:strtok</name>
         <load_address>0x7fb0</load_address>
         <run_address>0x7fb0</run_address>
         <size>0x40</size>
         <input_file_ref idref="fl-dd"/>
      </object_component>
      <object_component id="oc-45f">
         <name>.text:_fcpy</name>
         <load_address>0x7ff0</load_address>
         <run_address>0x7ff0</run_address>
         <size>0x3e</size>
         <input_file_ref idref="fl-ea"/>
      </object_component>
      <object_component id="oc-5c">
         <name>.text:_c_int00_noargs:_c_int00_noargs</name>
         <load_address>0x8030</load_address>
         <run_address>0x8030</run_address>
         <size>0x38</size>
         <input_file_ref idref="fl-df"/>
      </object_component>
      <object_component id="oc-1ff">
         <name>.text</name>
         <load_address>0x8068</load_address>
         <run_address>0x8068</run_address>
         <size>0x38</size>
         <input_file_ref idref="fl-d4"/>
      </object_component>
      <object_component id="oc-2ba">
         <name>.text</name>
         <load_address>0x80a0</load_address>
         <run_address>0x80a0</run_address>
         <size>0x2e</size>
         <input_file_ref idref="fl-d5"/>
      </object_component>
      <object_component id="oc-180">
         <name>.text:strspn</name>
         <load_address>0x80ce</load_address>
         <run_address>0x80ce</run_address>
         <size>0x2a</size>
         <input_file_ref idref="fl-f3"/>
      </object_component>
      <object_component id="oc-186">
         <name>.text:strcspn</name>
         <load_address>0x80f8</load_address>
         <run_address>0x80f8</run_address>
         <size>0x24</size>
         <input_file_ref idref="fl-f1"/>
      </object_component>
      <object_component id="oc-1a6">
         <name>.text:UARTDisable</name>
         <load_address>0x811c</load_address>
         <run_address>0x811c</run_address>
         <size>0x20</size>
         <input_file_ref idref="fl-13"/>
      </object_component>
      <object_component id="oc-15e">
         <name>.text</name>
         <load_address>0x813c</load_address>
         <run_address>0x813c</run_address>
         <size>0x20</size>
         <input_file_ref idref="fl-d6"/>
      </object_component>
      <object_component id="oc-3c1">
         <name>.text:memccpy</name>
         <load_address>0x815c</load_address>
         <run_address>0x815c</run_address>
         <size>0x1c</size>
         <input_file_ref idref="fl-ef"/>
      </object_component>
      <object_component id="oc-2f7">
         <name>.text:_outs</name>
         <load_address>0x8178</load_address>
         <run_address>0x8178</run_address>
         <size>0x18</size>
         <input_file_ref idref="fl-db"/>
      </object_component>
      <object_component id="oc-46d">
         <name>.text:strchr</name>
         <load_address>0x8190</load_address>
         <run_address>0x8190</run_address>
         <size>0x16</size>
         <input_file_ref idref="fl-f0"/>
      </object_component>
      <object_component id="oc-1ac">
         <name>.text:UARTEnable</name>
         <load_address>0x81a6</load_address>
         <run_address>0x81a6</run_address>
         <size>0x14</size>
         <input_file_ref idref="fl-13"/>
      </object_component>
      <object_component id="oc-403">
         <name>.text:copysign</name>
         <load_address>0x81ba</load_address>
         <run_address>0x81ba</run_address>
         <size>0x14</size>
         <input_file_ref idref="fl-e1"/>
      </object_component>
      <object_component id="oc-397">
         <name>.text:strlen</name>
         <load_address>0x81ce</load_address>
         <run_address>0x81ce</run_address>
         <size>0x14</size>
         <input_file_ref idref="fl-f2"/>
      </object_component>
      <object_component id="oc-191">
         <name>.text:atof</name>
         <load_address>0x81e2</load_address>
         <run_address>0x81e2</run_address>
         <size>0x12</size>
         <input_file_ref idref="fl-da"/>
      </object_component>
      <object_component id="oc-4a">
         <name>.text:decompress:ZI:__TI_zero_init_nomemset:__TI_zero_init_nomemset</name>
         <load_address>0x81f4</load_address>
         <run_address>0x81f4</run_address>
         <size>0x12</size>
         <input_file_ref idref="fl-d7"/>
      </object_component>
      <object_component id="oc-3c7">
         <name>.text:wcslen</name>
         <load_address>0x8206</load_address>
         <run_address>0x8206</run_address>
         <size>0x12</size>
         <input_file_ref idref="fl-f5"/>
      </object_component>
      <object_component id="oc-1f9">
         <name>.text:FPUEnable</name>
         <load_address>0x8218</load_address>
         <run_address>0x8218</run_address>
         <size>0x10</size>
         <input_file_ref idref="fl-11"/>
      </object_component>
      <object_component id="oc-1f3">
         <name>.text:FPULazyStackingEnable</name>
         <load_address>0x8228</load_address>
         <run_address>0x8228</run_address>
         <size>0x10</size>
         <input_file_ref idref="fl-11"/>
      </object_component>
      <object_component id="oc-7d">
         <name>.text:UARTCharGetNonBlocking</name>
         <load_address>0x8238</load_address>
         <run_address>0x8238</run_address>
         <size>0xe</size>
         <input_file_ref idref="fl-13"/>
      </object_component>
      <object_component id="oc-83">
         <name>.text:UARTCharPutNonBlocking</name>
         <load_address>0x8246</load_address>
         <run_address>0x8246</run_address>
         <size>0xe</size>
         <input_file_ref idref="fl-13"/>
      </object_component>
      <object_component id="oc-90">
         <name>.text:UARTCharsAvail</name>
         <load_address>0x8254</load_address>
         <run_address>0x8254</run_address>
         <size>0xe</size>
         <input_file_ref idref="fl-13"/>
      </object_component>
      <object_component id="oc-18">
         <name>.text:decompress:none:__TI_decompress_none</name>
         <load_address>0x8262</load_address>
         <run_address>0x8262</run_address>
         <size>0xe</size>
         <input_file_ref idref="fl-d8"/>
      </object_component>
      <object_component id="oc-119">
         <name>.text:CPUcpsid</name>
         <load_address>0x8270</load_address>
         <run_address>0x8270</run_address>
         <size>0xc</size>
         <input_file_ref idref="fl-10"/>
      </object_component>
      <object_component id="oc-113">
         <name>.text:CPUcpsie</name>
         <load_address>0x827c</load_address>
         <run_address>0x827c</run_address>
         <size>0xc</size>
         <input_file_ref idref="fl-10"/>
      </object_component>
      <object_component id="oc-24">
         <name>.text</name>
         <load_address>0x8288</load_address>
         <run_address>0x8288</run_address>
         <size>0xc</size>
         <input_file_ref idref="fl-8"/>
      </object_component>
      <object_component id="oc-12b">
         <name>.text:CPUbasepriGet</name>
         <load_address>0x8294</load_address>
         <run_address>0x8294</run_address>
         <size>0xa</size>
         <input_file_ref idref="fl-10"/>
      </object_component>
      <object_component id="oc-412">
         <name>.text:I2CMasterEnable</name>
         <load_address>0x829e</load_address>
         <run_address>0x829e</run_address>
         <size>0xa</size>
         <input_file_ref idref="fl-12"/>
      </object_component>
      <object_component id="oc-1b4">
         <name>.text:UARTCharGet</name>
         <load_address>0x82a8</load_address>
         <run_address>0x82a8</run_address>
         <size>0xa</size>
         <input_file_ref idref="fl-13"/>
      </object_component>
      <object_component id="oc-a2">
         <name>.text:UARTCharPut</name>
         <load_address>0x82b2</load_address>
         <run_address>0x82b2</run_address>
         <size>0xa</size>
         <input_file_ref idref="fl-13"/>
      </object_component>
      <object_component id="oc-71">
         <name>.text:UARTIntStatus</name>
         <load_address>0x82bc</load_address>
         <run_address>0x82bc</run_address>
         <size>0xa</size>
         <input_file_ref idref="fl-13"/>
      </object_component>
      <object_component id="oc-2fd">
         <name>.text:_outc</name>
         <load_address>0x82c6</load_address>
         <run_address>0x82c6</run_address>
         <size>0xa</size>
         <input_file_ref idref="fl-db"/>
      </object_component>
      <object_component id="oc-35d">
         <name>.text:I2CMasterBusy</name>
         <load_address>0x82d0</load_address>
         <run_address>0x82d0</run_address>
         <size>0x8</size>
         <input_file_ref idref="fl-12"/>
      </object_component>
      <object_component id="oc-34b">
         <name>.text:I2CMasterSlaveAddrSet</name>
         <load_address>0x82d8</load_address>
         <run_address>0x82d8</run_address>
         <size>0x8</size>
         <input_file_ref idref="fl-12"/>
      </object_component>
      <object_component id="oc-ba">
         <name>.text:UARTIntEnable</name>
         <load_address>0x82e0</load_address>
         <run_address>0x82e0</run_address>
         <size>0x8</size>
         <input_file_ref idref="fl-13"/>
      </object_component>
      <object_component id="oc-32d">
         <name>.text:__aeabi_errno_addr</name>
         <load_address>0x82e8</load_address>
         <run_address>0x82e8</run_address>
         <size>0x8</size>
         <input_file_ref idref="fl-de"/>
      </object_component>
      <object_component id="oc-125">
         <name>.text:CPUbasepriSet</name>
         <load_address>0x82f0</load_address>
         <run_address>0x82f0</run_address>
         <size>0x6</size>
         <input_file_ref idref="fl-10"/>
      </object_component>
      <object_component id="oc-8f">
         <name>.text:SysCtlDelay</name>
         <load_address>0x82f6</load_address>
         <run_address>0x82f6</run_address>
         <size>0x6</size>
         <input_file_ref idref="fl-7"/>
      </object_component>
      <object_component id="oc-ae">
         <name>.text:UARTClockSourceSet</name>
         <load_address>0x82fc</load_address>
         <run_address>0x82fc</run_address>
         <size>0x6</size>
         <input_file_ref idref="fl-13"/>
      </object_component>
      <object_component id="oc-143">
         <name>.text:CPUwfi</name>
         <load_address>0x8302</load_address>
         <run_address>0x8302</run_address>
         <size>0x4</size>
         <input_file_ref idref="fl-10"/>
      </object_component>
      <object_component id="oc-357">
         <name>.text:I2CMasterControl</name>
         <load_address>0x8306</load_address>
         <run_address>0x8306</run_address>
         <size>0x4</size>
         <input_file_ref idref="fl-12"/>
      </object_component>
      <object_component id="oc-363">
         <name>.text:I2CMasterDataGet</name>
         <load_address>0x830a</load_address>
         <run_address>0x830a</run_address>
         <size>0x4</size>
         <input_file_ref idref="fl-12"/>
      </object_component>
      <object_component id="oc-351">
         <name>.text:I2CMasterDataPut</name>
         <load_address>0x830e</load_address>
         <run_address>0x830e</run_address>
         <size>0x4</size>
         <input_file_ref idref="fl-12"/>
      </object_component>
      <object_component id="oc-77">
         <name>.text:UARTIntClear</name>
         <load_address>0x8312</load_address>
         <run_address>0x8312</run_address>
         <size>0x4</size>
         <input_file_ref idref="fl-13"/>
      </object_component>
      <object_component id="oc-f1">
         <name>.text:_system_pre_init</name>
         <load_address>0x8316</load_address>
         <run_address>0x8316</run_address>
         <size>0x4</size>
         <input_file_ref idref="fl-e6"/>
      </object_component>
      <object_component id="oc-20f">
         <name>.text:abort:abort</name>
         <load_address>0x831a</load_address>
         <run_address>0x831a</run_address>
         <size>0x4</size>
         <input_file_ref idref="fl-e8"/>
      </object_component>
      <object_component id="oc-14f">
         <name>.const:g_pppui32XTALtoVCO</name>
         <load_address>0x8320</load_address>
         <run_address>0x8320</run_address>
         <size>0x1b0</size>
         <input_file_ref idref="fl-7"/>
      </object_component>
      <object_component id="oc-339">
         <name>.const:.string:_ctypes_</name>
         <load_address>0x84d0</load_address>
         <run_address>0x84d0</run_address>
         <size>0x101</size>
         <input_file_ref idref="fl-ed"/>
      </object_component>
      <object_component id="oc-15b">
         <name>.const:g_ppui32GPIOIntMapSnowflake</name>
         <load_address>0x85d4</load_address>
         <run_address>0x85d4</run_address>
         <size>0xd8</size>
         <input_file_ref idref="fl-7"/>
      </object_component>
      <object_component id="oc-1c8">
         <name>.const</name>
         <load_address>0x86ac</load_address>
         <run_address>0x86ac</run_address>
         <size>0x4</size>
         <input_file_ref idref="fl-a"/>
      </object_component>
      <object_component id="oc-33c">
         <name>.const:$O1$$</name>
         <load_address>0x86b0</load_address>
         <run_address>0x86b0</run_address>
         <size>0xc8</size>
         <input_file_ref idref="fl-dc"/>
      </object_component>
      <object_component id="oc-158">
         <name>.const:g_ppui32GPIOIntMapBlizzard</name>
         <load_address>0x8778</load_address>
         <run_address>0x8778</run_address>
         <size>0xc0</size>
         <input_file_ref idref="fl-7"/>
      </object_component>
      <object_component id="oc-131">
         <name>.const:g_pui32Regs</name>
         <load_address>0x8838</load_address>
         <run_address>0x8838</run_address>
         <size>0x9c</size>
         <input_file_ref idref="fl-7"/>
      </object_component>
      <object_component id="oc-16d">
         <name>.const:g_pui32GPIOBaseAddrs</name>
         <load_address>0x88d4</load_address>
         <run_address>0x88d4</run_address>
         <size>0x90</size>
         <input_file_ref idref="fl-7"/>
      </object_component>
      <object_component id="oc-149">
         <name>.const:g_pui32Xtals</name>
         <load_address>0x8964</load_address>
         <run_address>0x8964</run_address>
         <size>0x6c</size>
         <input_file_ref idref="fl-7"/>
      </object_component>
      <object_component id="oc-152">
         <name>.const:g_ppui32TimerIntMap</name>
         <load_address>0x89d0</load_address>
         <run_address>0x89d0</run_address>
         <size>0x60</size>
         <input_file_ref idref="fl-7"/>
      </object_component>
      <object_component id="oc-155">
         <name>.const:g_ppui32TimerIntMapSnowflake</name>
         <load_address>0x8a30</load_address>
         <run_address>0x8a30</run_address>
         <size>0x40</size>
         <input_file_ref idref="fl-7"/>
      </object_component>
      <object_component id="oc-428">
         <name>.const:$O1$$</name>
         <load_address>0x8a70</load_address>
         <run_address>0x8a70</run_address>
         <size>0x34</size>
         <input_file_ref idref="fl-cc"/>
      </object_component>
      <object_component id="oc-140">
         <name>.const:g_sXTALtoMEMTIM</name>
         <load_address>0x8aa4</load_address>
         <run_address>0x8aa4</run_address>
         <size>0x30</size>
         <input_file_ref idref="fl-7"/>
      </object_component>
      <object_component id="oc-122">
         <name>.const:g_pui32Priority</name>
         <load_address>0x8ad4</load_address>
         <run_address>0x8ad4</run_address>
         <size>0x20</size>
         <input_file_ref idref="fl-7"/>
      </object_component>
      <object_component id="oc-38e">
         <name>.const</name>
         <load_address>0x8af8</load_address>
         <run_address>0x8af8</run_address>
         <size>0x20</size>
         <input_file_ref idref="fl-ca"/>
      </object_component>
      <object_component id="oc-137">
         <name>.const:g_pui32Dii16Regs</name>
         <load_address>0x8b18</load_address>
         <run_address>0x8b18</run_address>
         <size>0x14</size>
         <input_file_ref idref="fl-7"/>
      </object_component>
      <object_component id="oc-134">
         <name>.const:g_pui32EnRegs</name>
         <load_address>0x8b2c</load_address>
         <run_address>0x8b2c</run_address>
         <size>0x14</size>
         <input_file_ref idref="fl-7"/>
      </object_component>
      <object_component id="oc-13a">
         <name>.const:g_pui32PendRegs</name>
         <load_address>0x8b40</load_address>
         <run_address>0x8b40</run_address>
         <size>0x14</size>
         <input_file_ref idref="fl-7"/>
      </object_component>
      <object_component id="oc-13d">
         <name>.const:g_pui32UnpendRegs</name>
         <load_address>0x8b54</load_address>
         <run_address>0x8b54</run_address>
         <size>0x14</size>
         <input_file_ref idref="fl-7"/>
      </object_component>
      <object_component id="oc-2a7">
         <name>.const:.string</name>
         <load_address>0x8b68</load_address>
         <run_address>0x8b68</run_address>
         <size>0x12</size>
         <input_file_ref idref="fl-a"/>
      </object_component>
      <object_component id="oc-2e7">
         <name>.const:$P$T0$1</name>
         <load_address>0x8b7c</load_address>
         <run_address>0x8b7c</run_address>
         <size>0x10</size>
         <input_file_ref idref="fl-2"/>
      </object_component>
      <object_component id="oc-2ea">
         <name>.const:$P$T1$2</name>
         <load_address>0x8b8c</load_address>
         <run_address>0x8b8c</run_address>
         <size>0x10</size>
         <input_file_ref idref="fl-2"/>
      </object_component>
      <object_component id="oc-1c0">
         <name>.const:g_ui32UARTBase</name>
         <load_address>0x8b9c</load_address>
         <run_address>0x8b9c</run_address>
         <size>0xc</size>
         <input_file_ref idref="fl-a"/>
      </object_component>
      <object_component id="oc-1ba">
         <name>.const:g_ui32UARTPeriph</name>
         <load_address>0x8ba8</load_address>
         <run_address>0x8ba8</run_address>
         <size>0xc</size>
         <input_file_ref idref="fl-a"/>
      </object_component>
      <object_component id="oc-14c">
         <name>.const:g_pui32VCOFrequencies</name>
         <load_address>0x8bb4</load_address>
         <run_address>0x8bb4</run_address>
         <size>0x8</size>
         <input_file_ref idref="fl-7"/>
      </object_component>
      <object_component id="oc-504">
         <name>.cinit..data.load</name>
         <load_address>0x8bc0</load_address>
         <run_address>0x8bc0</run_address>
         <size>0x4c</size>
      </object_component>
      <object_component id="oc-501">
         <name>__TI_handler_table</name>
         <load_address>0x8c0c</load_address>
         <run_address>0x8c0c</run_address>
         <size>0xc</size>
      </object_component>
      <object_component id="oc-505">
         <name>.cinit..bss.load</name>
         <load_address>0x8c18</load_address>
         <run_address>0x8c18</run_address>
         <size>0x8</size>
      </object_component>
      <object_component id="oc-503">
         <name>.cinit..vtable.load</name>
         <load_address>0x8c20</load_address>
         <run_address>0x8c20</run_address>
         <size>0x8</size>
      </object_component>
      <object_component id="oc-502">
         <name>__TI_cinit_table</name>
         <load_address>0x8c28</load_address>
         <run_address>0x8c28</run_address>
         <size>0x18</size>
      </object_component>
      <object_component id="oc-11f">
         <name>.vtable</name>
         <uninitialized>true</uninitialized>
         <run_address>0x20000000</run_address>
         <size>0x26c</size>
         <input_file_ref idref="fl-7"/>
      </object_component>
      <object_component id="oc-20a">
         <name>.data</name>
         <load_address>0x20001270</load_address>
         <run_address>0x20001270</run_address>
         <size>0x5c</size>
         <input_file_ref idref="fl-2"/>
      </object_component>
      <object_component id="oc-2b7">
         <name>.data:acclBias</name>
         <load_address>0x20001368</load_address>
         <run_address>0x20001368</run_address>
         <size>0xc</size>
         <input_file_ref idref="fl-2"/>
      </object_component>
      <object_component id="oc-2b4">
         <name>.data:gyroBias</name>
         <load_address>0x20001374</load_address>
         <run_address>0x20001374</run_address>
         <size>0xc</size>
         <input_file_ref idref="fl-2"/>
      </object_component>
      <object_component id="oc-2cf">
         <name>.data:mag_aj</name>
         <load_address>0x20001385</load_address>
         <run_address>0x20001385</run_address>
         <size>0x3</size>
         <input_file_ref idref="fl-2"/>
      </object_component>
      <object_component id="oc-2d2">
         <name>.data:mag_offset</name>
         <load_address>0x20001338</load_address>
         <run_address>0x20001338</run_address>
         <size>0x18</size>
         <input_file_ref idref="fl-2"/>
      </object_component>
      <object_component id="oc-2d5">
         <name>.data:mag_scale</name>
         <load_address>0x20001350</load_address>
         <run_address>0x20001350</run_address>
         <size>0x18</size>
         <input_file_ref idref="fl-2"/>
      </object_component>
      <object_component id="oc-2d8">
         <name>.data</name>
         <load_address>0x20001318</load_address>
         <run_address>0x20001318</run_address>
         <size>0x20</size>
         <input_file_ref idref="fl-3"/>
      </object_component>
      <object_component id="oc-1a1">
         <name>.data</name>
         <load_address>0x200012d0</load_address>
         <run_address>0x200012d0</run_address>
         <size>0x48</size>
         <input_file_ref idref="fl-4"/>
      </object_component>
      <object_component id="oc-170">
         <name>.data</name>
         <load_address>0x2000138c</load_address>
         <run_address>0x2000138c</run_address>
         <size>0x4</size>
         <input_file_ref idref="fl-7"/>
      </object_component>
      <object_component id="oc-1bd">
         <name>.data</name>
         <load_address>0x20001380</load_address>
         <run_address>0x20001380</run_address>
         <size>0x5</size>
         <input_file_ref idref="fl-a"/>
      </object_component>
      <object_component id="oc-18c">
         <name>.data</name>
         <load_address>0x20001388</load_address>
         <run_address>0x20001388</run_address>
         <size>0x4</size>
         <input_file_ref idref="fl-dd"/>
      </object_component>
      <object_component id="oc-3fe">
         <name>.data</name>
         <load_address>0x200012cc</load_address>
         <run_address>0x200012cc</run_address>
         <size>0x4</size>
         <input_file_ref idref="fl-de"/>
      </object_component>
      <object_component id="oc-c0">
         <name>.common:data</name>
         <uninitialized>true</uninitialized>
         <run_address>0x20001390</run_address>
         <size>0x28</size>
      </object_component>
      <object_component id="oc-176">
         <name>.common:dt</name>
         <uninitialized>true</uninitialized>
         <run_address>0x200013b8</run_address>
         <size>0x4</size>
      </object_component>
      <object_component id="oc-173">
         <name>.common:now</name>
         <uninitialized>true</uninitialized>
         <run_address>0x200013c4</run_address>
         <size>0x4</size>
      </object_component>
      <object_component id="oc-177">
         <name>.common:lastUpdate</name>
         <uninitialized>true</uninitialized>
         <run_address>0x200013c0</run_address>
         <size>0x4</size>
      </object_component>
      <object_component id="oc-178">
         <name>.common:freq</name>
         <uninitialized>true</uninitialized>
         <run_address>0x200013bc</run_address>
         <size>0x4</size>
      </object_component>
      <object_component id="oc-21">
         <name>.stack</name>
         <uninitialized>true</uninitialized>
         <run_address>0x20000270</run_address>
         <size>0x4</size>
         <input_file_ref idref="fl-df"/>
      </object_component>
      <object_component id="oc-506">
         <name>.stack</name>
         <uninitialized>true</uninitialized>
         <run_address>0x20000270</run_address>
         <size>0x0</size>
      </object_component>
      <object_component id="oc-1dc">
         <name>.debug_info</name>
         <load_address>0x0</load_address>
         <run_address>0x0</run_address>
         <size>0x568</size>
         <input_file_ref idref="fl-2"/>
      </object_component>
      <object_component id="oc-20b">
         <name>.debug_info</name>
         <load_address>0x568</load_address>
         <run_address>0x568</run_address>
         <size>0x407</size>
         <input_file_ref idref="fl-2"/>
      </object_component>
      <object_component id="oc-2b8">
         <name>.debug_info</name>
         <load_address>0x96f</load_address>
         <run_address>0x96f</run_address>
         <size>0xdd</size>
         <input_file_ref idref="fl-2"/>
      </object_component>
      <object_component id="oc-2b5">
         <name>.debug_info</name>
         <load_address>0xa4c</load_address>
         <run_address>0xa4c</run_address>
         <size>0xdd</size>
         <input_file_ref idref="fl-2"/>
      </object_component>
      <object_component id="oc-2d0">
         <name>.debug_info</name>
         <load_address>0xb29</load_address>
         <run_address>0xb29</run_address>
         <size>0xd9</size>
         <input_file_ref idref="fl-2"/>
      </object_component>
      <object_component id="oc-2d3">
         <name>.debug_info</name>
         <load_address>0xc02</load_address>
         <run_address>0xc02</run_address>
         <size>0xe1</size>
         <input_file_ref idref="fl-2"/>
      </object_component>
      <object_component id="oc-2d6">
         <name>.debug_info</name>
         <load_address>0xce3</load_address>
         <run_address>0xce3</run_address>
         <size>0xdf</size>
         <input_file_ref idref="fl-2"/>
      </object_component>
      <object_component id="oc-2e8">
         <name>.debug_info</name>
         <load_address>0xdc2</load_address>
         <run_address>0xdc2</run_address>
         <size>0xda</size>
         <input_file_ref idref="fl-2"/>
      </object_component>
      <object_component id="oc-2eb">
         <name>.debug_info</name>
         <load_address>0xe9c</load_address>
         <run_address>0xe9c</run_address>
         <size>0xda</size>
         <input_file_ref idref="fl-2"/>
      </object_component>
      <object_component id="oc-1ee">
         <name>.debug_info</name>
         <load_address>0xf76</load_address>
         <run_address>0xf76</run_address>
         <size>0xfc1</size>
         <input_file_ref idref="fl-2"/>
      </object_component>
      <object_component id="oc-d1">
         <name>.debug_info</name>
         <load_address>0x1f37</load_address>
         <run_address>0x1f37</run_address>
         <size>0x26b</size>
         <input_file_ref idref="fl-2"/>
      </object_component>
      <object_component id="oc-39">
         <name>.debug_info</name>
         <load_address>0x21a2</load_address>
         <run_address>0x21a2</run_address>
         <size>0x84</size>
         <input_file_ref idref="fl-2"/>
      </object_component>
      <object_component id="oc-1d5">
         <name>.debug_info</name>
         <load_address>0x2226</load_address>
         <run_address>0x2226</run_address>
         <size>0x297</size>
         <input_file_ref idref="fl-2"/>
      </object_component>
      <object_component id="oc-17a">
         <name>.debug_info</name>
         <load_address>0x24bd</load_address>
         <run_address>0x24bd</run_address>
         <size>0xef</size>
         <input_file_ref idref="fl-2"/>
      </object_component>
      <object_component id="oc-c4">
         <name>.debug_info</name>
         <load_address>0x25ac</load_address>
         <run_address>0x25ac</run_address>
         <size>0xbb</size>
         <input_file_ref idref="fl-2"/>
      </object_component>
      <object_component id="oc-1cd">
         <name>.debug_info</name>
         <load_address>0x2667</load_address>
         <run_address>0x2667</run_address>
         <size>0x2c</size>
         <input_file_ref idref="fl-2"/>
      </object_component>
      <object_component id="oc-380">
         <name>.debug_info</name>
         <load_address>0x2693</load_address>
         <run_address>0x2693</run_address>
         <size>0x2a7</size>
         <input_file_ref idref="fl-3"/>
      </object_component>
      <object_component id="oc-2d9">
         <name>.debug_info</name>
         <load_address>0x293a</load_address>
         <run_address>0x293a</run_address>
         <size>0x179</size>
         <input_file_ref idref="fl-3"/>
      </object_component>
      <object_component id="oc-2ca">
         <name>.debug_info</name>
         <load_address>0x2ab3</load_address>
         <run_address>0x2ab3</run_address>
         <size>0x8a9</size>
         <input_file_ref idref="fl-3"/>
      </object_component>
      <object_component id="oc-c1">
         <name>.debug_info</name>
         <load_address>0x335c</load_address>
         <run_address>0x335c</run_address>
         <size>0x2f8</size>
         <input_file_ref idref="fl-4"/>
      </object_component>
      <object_component id="oc-1a2">
         <name>.debug_info</name>
         <load_address>0x3654</load_address>
         <run_address>0x3654</run_address>
         <size>0x19b</size>
         <input_file_ref idref="fl-4"/>
      </object_component>
      <object_component id="oc-9d">
         <name>.debug_info</name>
         <load_address>0x37ef</load_address>
         <run_address>0x37ef</run_address>
         <size>0x222</size>
         <input_file_ref idref="fl-4"/>
      </object_component>
      <object_component id="oc-2af">
         <name>.debug_info</name>
         <load_address>0x3a11</load_address>
         <run_address>0x3a11</run_address>
         <size>0x53f</size>
         <input_file_ref idref="fl-5"/>
      </object_component>
      <object_component id="oc-c9">
         <name>.debug_info</name>
         <load_address>0x3f50</load_address>
         <run_address>0x3f50</run_address>
         <size>0x8b</size>
         <input_file_ref idref="fl-5"/>
      </object_component>
      <object_component id="oc-20e">
         <name>.debug_info</name>
         <load_address>0x3fdb</load_address>
         <run_address>0x3fdb</run_address>
         <size>0x4e3</size>
         <input_file_ref idref="fl-6"/>
      </object_component>
      <object_component id="oc-f8">
         <name>.debug_info</name>
         <load_address>0x44be</load_address>
         <run_address>0x44be</run_address>
         <size>0x270</size>
         <input_file_ref idref="fl-6"/>
      </object_component>
      <object_component id="oc-174">
         <name>.debug_info</name>
         <load_address>0x472e</load_address>
         <run_address>0x472e</run_address>
         <size>0x4dd</size>
         <input_file_ref idref="fl-7"/>
      </object_component>
      <object_component id="oc-123">
         <name>.debug_info</name>
         <load_address>0x4c0b</load_address>
         <run_address>0x4c0b</run_address>
         <size>0xe8</size>
         <input_file_ref idref="fl-7"/>
      </object_component>
      <object_component id="oc-132">
         <name>.debug_info</name>
         <load_address>0x4cf3</load_address>
         <run_address>0x4cf3</run_address>
         <size>0xe0</size>
         <input_file_ref idref="fl-7"/>
      </object_component>
      <object_component id="oc-135">
         <name>.debug_info</name>
         <load_address>0x4dd3</load_address>
         <run_address>0x4dd3</run_address>
         <size>0xe4</size>
         <input_file_ref idref="fl-7"/>
      </object_component>
      <object_component id="oc-138">
         <name>.debug_info</name>
         <load_address>0x4eb7</load_address>
         <run_address>0x4eb7</run_address>
         <size>0xea</size>
         <input_file_ref idref="fl-7"/>
      </object_component>
      <object_component id="oc-13b">
         <name>.debug_info</name>
         <load_address>0x4fa1</load_address>
         <run_address>0x4fa1</run_address>
         <size>0xe8</size>
         <input_file_ref idref="fl-7"/>
      </object_component>
      <object_component id="oc-13e">
         <name>.debug_info</name>
         <load_address>0x5089</load_address>
         <run_address>0x5089</run_address>
         <size>0xec</size>
         <input_file_ref idref="fl-7"/>
      </object_component>
      <object_component id="oc-120">
         <name>.debug_info</name>
         <load_address>0x5175</load_address>
         <run_address>0x5175</run_address>
         <size>0xe9</size>
         <input_file_ref idref="fl-7"/>
      </object_component>
      <object_component id="oc-14a">
         <name>.debug_info</name>
         <load_address>0x525e</load_address>
         <run_address>0x525e</run_address>
         <size>0xe2</size>
         <input_file_ref idref="fl-7"/>
      </object_component>
      <object_component id="oc-150">
         <name>.debug_info</name>
         <load_address>0x5340</load_address>
         <run_address>0x5340</run_address>
         <size>0xee</size>
         <input_file_ref idref="fl-7"/>
      </object_component>
      <object_component id="oc-141">
         <name>.debug_info</name>
         <load_address>0x542e</load_address>
         <run_address>0x542e</run_address>
         <size>0xe8</size>
         <input_file_ref idref="fl-7"/>
      </object_component>
      <object_component id="oc-14d">
         <name>.debug_info</name>
         <load_address>0x5516</load_address>
         <run_address>0x5516</run_address>
         <size>0xf5</size>
         <input_file_ref idref="fl-7"/>
      </object_component>
      <object_component id="oc-153">
         <name>.debug_info</name>
         <load_address>0x560b</load_address>
         <run_address>0x560b</run_address>
         <size>0xf0</size>
         <input_file_ref idref="fl-7"/>
      </object_component>
      <object_component id="oc-156">
         <name>.debug_info</name>
         <load_address>0x56fb</load_address>
         <run_address>0x56fb</run_address>
         <size>0x102</size>
         <input_file_ref idref="fl-7"/>
      </object_component>
      <object_component id="oc-159">
         <name>.debug_info</name>
         <load_address>0x57fd</load_address>
         <run_address>0x57fd</run_address>
         <size>0xfe</size>
         <input_file_ref idref="fl-7"/>
      </object_component>
      <object_component id="oc-15c">
         <name>.debug_info</name>
         <load_address>0x58fb</load_address>
         <run_address>0x58fb</run_address>
         <size>0x100</size>
         <input_file_ref idref="fl-7"/>
      </object_component>
      <object_component id="oc-16e">
         <name>.debug_info</name>
         <load_address>0x59fb</load_address>
         <run_address>0x59fb</run_address>
         <size>0xf2</size>
         <input_file_ref idref="fl-7"/>
      </object_component>
      <object_component id="oc-171">
         <name>.debug_info</name>
         <load_address>0x5aed</load_address>
         <run_address>0x5aed</run_address>
         <size>0xd7</size>
         <input_file_ref idref="fl-7"/>
      </object_component>
      <object_component id="oc-8a">
         <name>.debug_info</name>
         <load_address>0x5bc4</load_address>
         <run_address>0x5bc4</run_address>
         <size>0xd785</size>
         <input_file_ref idref="fl-7"/>
      </object_component>
      <object_component id="oc-27b">
         <name>.debug_info</name>
         <load_address>0x13349</load_address>
         <run_address>0x13349</run_address>
         <size>0x51</size>
         <input_file_ref idref="fl-7"/>
      </object_component>
      <object_component id="oc-27f">
         <name>.debug_info</name>
         <load_address>0x1339a</load_address>
         <run_address>0x1339a</run_address>
         <size>0x86</size>
         <input_file_ref idref="fl-7"/>
      </object_component>
      <object_component id="oc-32">
         <name>.debug_info</name>
         <load_address>0x13420</load_address>
         <run_address>0x13420</run_address>
         <size>0x303</size>
         <input_file_ref idref="fl-8"/>
      </object_component>
      <object_component id="oc-10">
         <name>.debug_info</name>
         <load_address>0x13723</load_address>
         <run_address>0x13723</run_address>
         <size>0xf6</size>
         <input_file_ref idref="fl-8"/>
      </object_component>
      <object_component id="oc-25">
         <name>.debug_info</name>
         <load_address>0x13819</load_address>
         <run_address>0x13819</run_address>
         <size>0x272</size>
         <input_file_ref idref="fl-8"/>
      </object_component>
      <object_component id="oc-ce">
         <name>.debug_info</name>
         <load_address>0x13a8b</load_address>
         <run_address>0x13a8b</run_address>
         <size>0x736</size>
         <input_file_ref idref="fl-9"/>
      </object_component>
      <object_component id="oc-2b">
         <name>.debug_info</name>
         <load_address>0x141c1</load_address>
         <run_address>0x141c1</run_address>
         <size>0x812</size>
         <input_file_ref idref="fl-9"/>
      </object_component>
      <object_component id="oc-1cc">
         <name>.debug_info</name>
         <load_address>0x149d3</load_address>
         <run_address>0x149d3</run_address>
         <size>0x410</size>
         <input_file_ref idref="fl-a"/>
      </object_component>
      <object_component id="oc-1be">
         <name>.debug_info</name>
         <load_address>0x14de3</load_address>
         <run_address>0x14de3</run_address>
         <size>0x107</size>
         <input_file_ref idref="fl-a"/>
      </object_component>
      <object_component id="oc-1c9">
         <name>.debug_info</name>
         <load_address>0x14eea</load_address>
         <run_address>0x14eea</run_address>
         <size>0x101</size>
         <input_file_ref idref="fl-a"/>
      </object_component>
      <object_component id="oc-1c1">
         <name>.debug_info</name>
         <load_address>0x14feb</load_address>
         <run_address>0x14feb</run_address>
         <size>0x10f</size>
         <input_file_ref idref="fl-a"/>
      </object_component>
      <object_component id="oc-1bb">
         <name>.debug_info</name>
         <load_address>0x150fa</load_address>
         <run_address>0x150fa</run_address>
         <size>0x113</size>
         <input_file_ref idref="fl-a"/>
      </object_component>
      <object_component id="oc-b5">
         <name>.debug_info</name>
         <load_address>0x1520d</load_address>
         <run_address>0x1520d</run_address>
         <size>0x96c</size>
         <input_file_ref idref="fl-a"/>
      </object_component>
      <object_component id="oc-147">
         <name>.debug_info</name>
         <load_address>0x15b79</load_address>
         <run_address>0x15b79</run_address>
         <size>0x20a</size>
         <input_file_ref idref="fl-10"/>
      </object_component>
      <object_component id="oc-117">
         <name>.debug_info</name>
         <load_address>0x15d83</load_address>
         <run_address>0x15d83</run_address>
         <size>0x212</size>
         <input_file_ref idref="fl-10"/>
      </object_component>
      <object_component id="oc-11d">
         <name>.debug_info</name>
         <load_address>0x15f95</load_address>
         <run_address>0x15f95</run_address>
         <size>0x20f</size>
         <input_file_ref idref="fl-10"/>
      </object_component>
      <object_component id="oc-129">
         <name>.debug_info</name>
         <load_address>0x161a4</load_address>
         <run_address>0x161a4</run_address>
         <size>0x23d</size>
         <input_file_ref idref="fl-10"/>
      </object_component>
      <object_component id="oc-12f">
         <name>.debug_info</name>
         <load_address>0x163e1</load_address>
         <run_address>0x163e1</run_address>
         <size>0x21c</size>
         <input_file_ref idref="fl-10"/>
      </object_component>
      <object_component id="oc-10a">
         <name>.debug_info</name>
         <load_address>0x165fd</load_address>
         <run_address>0x165fd</run_address>
         <size>0x18b</size>
         <input_file_ref idref="fl-10"/>
      </object_component>
      <object_component id="oc-1f5">
         <name>.debug_info</name>
         <load_address>0x16788</load_address>
         <run_address>0x16788</run_address>
         <size>0x225</size>
         <input_file_ref idref="fl-11"/>
      </object_component>
      <object_component id="oc-1fc">
         <name>.debug_info</name>
         <load_address>0x169ad</load_address>
         <run_address>0x169ad</run_address>
         <size>0x20d</size>
         <input_file_ref idref="fl-11"/>
      </object_component>
      <object_component id="oc-419">
         <name>.debug_info</name>
         <load_address>0x16bba</load_address>
         <run_address>0x16bba</run_address>
         <size>0x231</size>
         <input_file_ref idref="fl-12"/>
      </object_component>
      <object_component id="oc-34d">
         <name>.debug_info</name>
         <load_address>0x16deb</load_address>
         <run_address>0x16deb</run_address>
         <size>0x2ce</size>
         <input_file_ref idref="fl-12"/>
      </object_component>
      <object_component id="oc-413">
         <name>.debug_info</name>
         <load_address>0x170b9</load_address>
         <run_address>0x170b9</run_address>
         <size>0x24e</size>
         <input_file_ref idref="fl-12"/>
      </object_component>
      <object_component id="oc-346">
         <name>.debug_info</name>
         <load_address>0x17307</load_address>
         <run_address>0x17307</run_address>
         <size>0x2d5</size>
         <input_file_ref idref="fl-12"/>
      </object_component>
      <object_component id="oc-352">
         <name>.debug_info</name>
         <load_address>0x175dc</load_address>
         <run_address>0x175dc</run_address>
         <size>0x27e</size>
         <input_file_ref idref="fl-12"/>
      </object_component>
      <object_component id="oc-364">
         <name>.debug_info</name>
         <load_address>0x1785a</load_address>
         <run_address>0x1785a</run_address>
         <size>0x254</size>
         <input_file_ref idref="fl-12"/>
      </object_component>
      <object_component id="oc-358">
         <name>.debug_info</name>
         <load_address>0x17aae</load_address>
         <run_address>0x17aae</run_address>
         <size>0x27e</size>
         <input_file_ref idref="fl-12"/>
      </object_component>
      <object_component id="oc-35e">
         <name>.debug_info</name>
         <load_address>0x17d2c</load_address>
         <run_address>0x17d2c</run_address>
         <size>0x24e</size>
         <input_file_ref idref="fl-12"/>
      </object_component>
      <object_component id="oc-10f">
         <name>.debug_info</name>
         <load_address>0x17f7a</load_address>
         <run_address>0x17f7a</run_address>
         <size>0x227</size>
         <input_file_ref idref="fl-13"/>
      </object_component>
      <object_component id="oc-74">
         <name>.debug_info</name>
         <load_address>0x181a1</load_address>
         <run_address>0x181a1</run_address>
         <size>0x27f</size>
         <input_file_ref idref="fl-13"/>
      </object_component>
      <object_component id="oc-bc">
         <name>.debug_info</name>
         <load_address>0x18420</load_address>
         <run_address>0x18420</run_address>
         <size>0x28f</size>
         <input_file_ref idref="fl-13"/>
      </object_component>
      <object_component id="oc-79">
         <name>.debug_info</name>
         <load_address>0x186af</load_address>
         <run_address>0x186af</run_address>
         <size>0x28d</size>
         <input_file_ref idref="fl-13"/>
      </object_component>
      <object_component id="oc-1b0">
         <name>.debug_info</name>
         <load_address>0x1893c</load_address>
         <run_address>0x1893c</run_address>
         <size>0x247</size>
         <input_file_ref idref="fl-13"/>
      </object_component>
      <object_component id="oc-1aa">
         <name>.debug_info</name>
         <load_address>0x18b83</load_address>
         <run_address>0x18b83</run_address>
         <size>0x249</size>
         <input_file_ref idref="fl-13"/>
      </object_component>
      <object_component id="oc-ab">
         <name>.debug_info</name>
         <load_address>0x18dcc</load_address>
         <run_address>0x18dcc</run_address>
         <size>0x326</size>
         <input_file_ref idref="fl-13"/>
      </object_component>
      <object_component id="oc-af">
         <name>.debug_info</name>
         <load_address>0x190f2</load_address>
         <run_address>0x190f2</run_address>
         <size>0x291</size>
         <input_file_ref idref="fl-13"/>
      </object_component>
      <object_component id="oc-93">
         <name>.debug_info</name>
         <load_address>0x19383</load_address>
         <run_address>0x19383</run_address>
         <size>0x253</size>
         <input_file_ref idref="fl-13"/>
      </object_component>
      <object_component id="oc-85">
         <name>.debug_info</name>
         <load_address>0x195d6</load_address>
         <run_address>0x195d6</run_address>
         <size>0x28d</size>
         <input_file_ref idref="fl-13"/>
      </object_component>
      <object_component id="oc-a4">
         <name>.debug_info</name>
         <load_address>0x19863</load_address>
         <run_address>0x19863</run_address>
         <size>0x273</size>
         <input_file_ref idref="fl-13"/>
      </object_component>
      <object_component id="oc-80">
         <name>.debug_info</name>
         <load_address>0x19ad6</load_address>
         <run_address>0x19ad6</run_address>
         <size>0x263</size>
         <input_file_ref idref="fl-13"/>
      </object_component>
      <object_component id="oc-1b6">
         <name>.debug_info</name>
         <load_address>0x19d39</load_address>
         <run_address>0x19d39</run_address>
         <size>0x24d</size>
         <input_file_ref idref="fl-13"/>
      </object_component>
      <object_component id="oc-425">
         <name>.debug_info</name>
         <load_address>0x19f86</load_address>
         <run_address>0x19f86</run_address>
         <size>0x2bf</size>
         <input_file_ref idref="fl-c9"/>
      </object_component>
      <object_component id="oc-372">
         <name>.debug_info</name>
         <load_address>0x1a245</load_address>
         <run_address>0x1a245</run_address>
         <size>0x242</size>
         <input_file_ref idref="fl-c9"/>
      </object_component>
      <object_component id="oc-4a9">
         <name>.debug_info</name>
         <load_address>0x1a487</load_address>
         <run_address>0x1a487</run_address>
         <size>0x46</size>
         <input_file_ref idref="fl-c9"/>
      </object_component>
      <object_component id="oc-420">
         <name>.debug_info</name>
         <load_address>0x1a4cd</load_address>
         <run_address>0x1a4cd</run_address>
         <size>0x39</size>
         <input_file_ref idref="fl-c9"/>
      </object_component>
      <object_component id="oc-392">
         <name>.debug_info</name>
         <load_address>0x1a506</load_address>
         <run_address>0x1a506</run_address>
         <size>0x2e1</size>
         <input_file_ref idref="fl-ca"/>
      </object_component>
      <object_component id="oc-38f">
         <name>.debug_info</name>
         <load_address>0x1a7e7</load_address>
         <run_address>0x1a7e7</run_address>
         <size>0x179</size>
         <input_file_ref idref="fl-ca"/>
      </object_component>
      <object_component id="oc-2e2">
         <name>.debug_info</name>
         <load_address>0x1a960</load_address>
         <run_address>0x1a960</run_address>
         <size>0x23e</size>
         <input_file_ref idref="fl-ca"/>
      </object_component>
      <object_component id="oc-42e">
         <name>.debug_info</name>
         <load_address>0x1ab9e</load_address>
         <run_address>0x1ab9e</run_address>
         <size>0x39</size>
         <input_file_ref idref="fl-ca"/>
      </object_component>
      <object_component id="oc-389">
         <name>.debug_info</name>
         <load_address>0x1abd7</load_address>
         <run_address>0x1abd7</run_address>
         <size>0x2c</size>
         <input_file_ref idref="fl-ca"/>
      </object_component>
      <object_component id="oc-388">
         <name>.debug_info</name>
         <load_address>0x1ac03</load_address>
         <run_address>0x1ac03</run_address>
         <size>0x2a6</size>
         <input_file_ref idref="fl-cb"/>
      </object_component>
      <object_component id="oc-2df">
         <name>.debug_info</name>
         <load_address>0x1aea9</load_address>
         <run_address>0x1aea9</run_address>
         <size>0x1df</size>
         <input_file_ref idref="fl-cb"/>
      </object_component>
      <object_component id="oc-4b2">
         <name>.debug_info</name>
         <load_address>0x1b088</load_address>
         <run_address>0x1b088</run_address>
         <size>0x2ed</size>
         <input_file_ref idref="fl-cc"/>
      </object_component>
      <object_component id="oc-429">
         <name>.debug_info</name>
         <load_address>0x1b375</load_address>
         <run_address>0x1b375</run_address>
         <size>0x127</size>
         <input_file_ref idref="fl-cc"/>
      </object_component>
      <object_component id="oc-382">
         <name>.debug_info</name>
         <load_address>0x1b49c</load_address>
         <run_address>0x1b49c</run_address>
         <size>0x1a2</size>
         <input_file_ref idref="fl-cc"/>
      </object_component>
      <object_component id="oc-1c6">
         <name>.debug_info</name>
         <load_address>0x1b63e</load_address>
         <run_address>0x1b63e</run_address>
         <size>0x13a</size>
         <input_file_ref idref="fl-cd"/>
      </object_component>
      <object_component id="oc-19d">
         <name>.debug_info</name>
         <load_address>0x1b778</load_address>
         <run_address>0x1b778</run_address>
         <size>0x144</size>
         <input_file_ref idref="fl-ce"/>
      </object_component>
      <object_component id="oc-198">
         <name>.debug_info</name>
         <load_address>0x1b8bc</load_address>
         <run_address>0x1b8bc</run_address>
         <size>0x120</size>
         <input_file_ref idref="fl-cf"/>
      </object_component>
      <object_component id="oc-442">
         <name>.debug_info</name>
         <load_address>0x1b9dc</load_address>
         <run_address>0x1b9dc</run_address>
         <size>0x122</size>
         <input_file_ref idref="fl-cf"/>
      </object_component>
      <object_component id="oc-2c0">
         <name>.debug_info</name>
         <load_address>0x1bafe</load_address>
         <run_address>0x1bafe</run_address>
         <size>0x132</size>
         <input_file_ref idref="fl-d0"/>
      </object_component>
      <object_component id="oc-164">
         <name>.debug_info</name>
         <load_address>0x1bc30</load_address>
         <run_address>0x1bc30</run_address>
         <size>0x132</size>
         <input_file_ref idref="fl-d1"/>
      </object_component>
      <object_component id="oc-2c5">
         <name>.debug_info</name>
         <load_address>0x1bd62</load_address>
         <run_address>0x1bd62</run_address>
         <size>0x126</size>
         <input_file_ref idref="fl-d2"/>
      </object_component>
      <object_component id="oc-169">
         <name>.debug_info</name>
         <load_address>0x1be88</load_address>
         <run_address>0x1be88</run_address>
         <size>0x136</size>
         <input_file_ref idref="fl-d3"/>
      </object_component>
      <object_component id="oc-200">
         <name>.debug_info</name>
         <load_address>0x1bfbe</load_address>
         <run_address>0x1bfbe</run_address>
         <size>0x124</size>
         <input_file_ref idref="fl-d4"/>
      </object_component>
      <object_component id="oc-2bb">
         <name>.debug_info</name>
         <load_address>0x1c0e2</load_address>
         <run_address>0x1c0e2</run_address>
         <size>0x124</size>
         <input_file_ref idref="fl-d5"/>
      </object_component>
      <object_component id="oc-15f">
         <name>.debug_info</name>
         <load_address>0x1c206</load_address>
         <run_address>0x1c206</run_address>
         <size>0x126</size>
         <input_file_ref idref="fl-d6"/>
      </object_component>
      <object_component id="oc-ea">
         <name>.debug_info</name>
         <load_address>0x1c32c</load_address>
         <run_address>0x1c32c</run_address>
         <size>0x313</size>
         <input_file_ref idref="fl-d7"/>
      </object_component>
      <object_component id="oc-4b">
         <name>.debug_info</name>
         <load_address>0x1c63f</load_address>
         <run_address>0x1c63f</run_address>
         <size>0x1b4</size>
         <input_file_ref idref="fl-d7"/>
      </object_component>
      <object_component id="oc-e5">
         <name>.debug_info</name>
         <load_address>0x1c7f3</load_address>
[...]
         <name>SysCtlUSBPLLDisable</name>
         <value>0x14a7</value>
         <object_component_ref idref="oc-89"/>
      </symbol>
      <symbol id="sm-5fc">
         <name>TimerConfigure</name>
         <value>0x16c9</value>
         <object_component_ref idref="oc-89"/>
      </symbol>
      <symbol id="sm-5fd">
         <name>TimerControlEvent</name>
         <value>0x1801</value>
         <object_component_ref idref="oc-89"/>
      </symbol>
      <symbol id="sm-5fe">
         <name>SysCtlPeripheralReady</name>
         <value>0x801</value>
         <object_component_ref idref="oc-89"/>
      </symbol>
      <symbol id="sm-5ff">
         <name>SysCtlPIOSCCalibrate</name>
         <value>0xc6d</value>
         <object_component_ref idref="oc-89"/>
      </symbol>
      <symbol id="sm-600">
         <name>TimerIntClear</name>
         <value>0x1bcb</value>
         <object_component_ref idref="oc-89"/>
      </symbol>
      <symbol id="sm-601">
         <name>uDMAChannelAttributeDisable</name>
         <value>0x1d81</value>
         <object_component_ref idref="oc-89"/>
      </symbol>
      <symbol id="sm-602">
         <name>SysCtlResetCauseClear</name>
         <value>0xc43</value>
         <object_component_ref idref="oc-89"/>
      </symbol>
      <symbol id="sm-603">
         <name>uDMAChannelEnable</name>
         <value>0x1ca1</value>
         <object_component_ref idref="oc-89"/>
      </symbol>
      <symbol id="sm-604">
         <name>SysCtlLDOSleepGet</name>
         <value>0xbd1</value>
         <object_component_ref idref="oc-89"/>
      </symbol>
      <symbol id="sm-605">
         <name>uDMAChannelRequest</name>
         <value>0x1d15</value>
         <object_component_ref idref="oc-89"/>
      </symbol>
      <symbol id="sm-606">
         <name>SysCtlClockFreqSet</name>
         <value>0xd1d</value>
         <object_component_ref idref="oc-89"/>
      </symbol>
      <symbol id="sm-607">
         <name>IntMasterEnable</name>
         <value>0x2eb</value>
         <object_component_ref idref="oc-89"/>
      </symbol>
      <symbol id="sm-608">
         <name>SysCtlPeripheralReset</name>
         <value>0x8c5</value>
         <object_component_ref idref="oc-89"/>
      </symbol>
      <symbol id="sm-609">
         <name>GPIOPinTypeEPI</name>
         <value>0x290d</value>
         <object_component_ref idref="oc-89"/>
      </symbol>
      <symbol id="sm-60a">
         <name>GPIOPinTypeEthernetLED</name>
         <value>0x2931</value>
         <object_component_ref idref="oc-89"/>
      </symbol>
      <symbol id="sm-60b">
         <name>IntPendSet</name>
         <value>0x5ad</value>
         <object_component_ref idref="oc-89"/>
      </symbol>
      <symbol id="sm-60c">
         <name>GPIOPinWakeStatus</name>
         <value>0x2c05</value>
         <object_component_ref idref="oc-89"/>
      </symbol>
      <symbol id="sm-60d">
         <name>TimerSynchronize</name>
         <value>0x1bdd</value>
         <object_component_ref idref="oc-89"/>
      </symbol>
      <symbol id="sm-629">
         <name>ResetISR</name>
         <value>0x8289</value>
         <object_component_ref idref="oc-24"/>
      </symbol>
      <symbol id="sm-62a">
         <name>g_pfnVectors</name>
         <value>0x0</value>
         <object_component_ref idref="oc-f"/>
      </symbol>
      <symbol id="sm-655">
         <name>UART1IntHandler</name>
         <value>0x63f5</value>
         <object_component_ref idref="oc-2a"/>
      </symbol>
      <symbol id="sm-656">
         <name>UART0IntHandler</name>
         <value>0x63a1</value>
         <object_component_ref idref="oc-2a"/>
      </symbol>
      <symbol id="sm-657">
         <name>UARTsetup</name>
         <value>0x64ed</value>
         <object_component_ref idref="oc-2a"/>
      </symbol>
      <symbol id="sm-658">
         <name>UART1Send</name>
         <value>0x64c5</value>
         <object_component_ref idref="oc-2a"/>
      </symbol>
      <symbol id="sm-659">
         <name>UART0Send</name>
         <value>0x649d</value>
         <object_component_ref idref="oc-2a"/>
      </symbol>
      <symbol id="sm-6c8">
         <name>UARTgetc</name>
         <value>0x597b</value>
         <object_component_ref idref="oc-b4"/>
      </symbol>
      <symbol id="sm-6c9">
         <name>UARTgets</name>
         <value>0x58c1</value>
         <object_component_ref idref="oc-b4"/>
      </symbol>
      <symbol id="sm-6ca">
         <name>UARTStdioConfig</name>
         <value>0x5835</value>
         <object_component_ref idref="oc-b4"/>
      </symbol>
      <symbol id="sm-6cb">
         <name>UARTwrite</name>
         <value>0x587b</value>
         <object_component_ref idref="oc-b4"/>
      </symbol>
      <symbol id="sm-6cc">
         <name>UARTprintf</name>
         <value>0x5c9b</value>
         <object_component_ref idref="oc-b4"/>
      </symbol>
      <symbol id="sm-6cd">
         <name>UARTvprintf</name>
         <value>0x59a1</value>
         <object_component_ref idref="oc-b4"/>
      </symbol>
      <symbol id="sm-6fc">
         <name>CPUbasepriGet</name>
         <value>0x8295</value>
         <object_component_ref idref="oc-12b"/>
      </symbol>
      <symbol id="sm-6fd">
         <name>CPUbasepriSet</name>
         <value>0x82f1</value>
         <object_component_ref idref="oc-125"/>
      </symbol>
      <symbol id="sm-6fe">
         <name>CPUcpsie</name>
         <value>0x827d</value>
         <object_component_ref idref="oc-113"/>
      </symbol>
      <symbol id="sm-6ff">
         <name>CPUcpsid</name>
         <value>0x8271</value>
         <object_component_ref idref="oc-119"/>
      </symbol>
      <symbol id="sm-700">
         <name>CPUwfi</name>
         <value>0x8303</value>
         <object_component_ref idref="oc-143"/>
      </symbol>
      <symbol id="sm-716">
         <name>FPULazyStackingEnable</name>
         <value>0x8229</value>
         <object_component_ref idref="oc-1f3"/>
      </symbol>
      <symbol id="sm-717">
         <name>FPUEnable</name>
         <value>0x8219</value>
         <object_component_ref idref="oc-1f9"/>
      </symbol>
      <symbol id="sm-758">
         <name>I2CMasterDataPut</name>
         <value>0x830f</value>
         <object_component_ref idref="oc-351"/>
      </symbol>
      <symbol id="sm-759">
         <name>I2CMasterInitExpClk</name>
         <value>0x7dc5</value>
         <object_component_ref idref="oc-345"/>
      </symbol>
      <symbol id="sm-75a">
         <name>I2CMasterSlaveAddrSet</name>
         <value>0x82d9</value>
         <object_component_ref idref="oc-34b"/>
      </symbol>
      <symbol id="sm-75b">
         <name>I2CMasterDataGet</name>
         <value>0x830b</value>
         <object_component_ref idref="oc-363"/>
      </symbol>
      <symbol id="sm-75c">
         <name>I2CMasterControl</name>
         <value>0x8307</value>
         <object_component_ref idref="oc-357"/>
      </symbol>
      <symbol id="sm-75d">
         <name>I2CMasterBusy</name>
         <value>0x82d1</value>
         <object_component_ref idref="oc-35d"/>
      </symbol>
      <symbol id="sm-75e">
         <name>I2CMasterEnable</name>
         <value>0x829f</value>
         <object_component_ref idref="oc-412"/>
      </symbol>
      <symbol id="sm-7c9">
         <name>UARTCharPutNonBlocking</name>
         <value>0x8247</value>
         <object_component_ref idref="oc-83"/>
      </symbol>
      <symbol id="sm-7ca">
         <name>UARTConfigSetExpClk</name>
         <value>0x7ea5</value>
         <object_component_ref idref="oc-a8"/>
      </symbol>
      <symbol id="sm-7cb">
         <name>UARTDisable</name>
         <value>0x811d</value>
         <object_component_ref idref="oc-1a6"/>
      </symbol>
      <symbol id="sm-7cc">
         <name>UARTIntEnable</name>
         <value>0x82e1</value>
         <object_component_ref idref="oc-ba"/>
      </symbol>
      <symbol id="sm-7cd">
         <name>UARTCharsAvail</name>
         <value>0x8255</value>
         <object_component_ref idref="oc-90"/>
      </symbol>
      <symbol id="sm-7ce">
         <name>UARTCharGetNonBlocking</name>
         <value>0x8239</value>
         <object_component_ref idref="oc-7d"/>
      </symbol>
      <symbol id="sm-7cf">
         <name>UARTClockSourceSet</name>
         <value>0x82fd</value>
         <object_component_ref idref="oc-ae"/>
      </symbol>
      <symbol id="sm-7d0">
         <name>UARTCharPut</name>
         <value>0x82b3</value>
         <object_component_ref idref="oc-a2"/>
      </symbol>
      <symbol id="sm-7d1">
         <name>UARTEnable</name>
         <value>0x81a7</value>
         <object_component_ref idref="oc-1ac"/>
      </symbol>
      <symbol id="sm-7d2">
         <name>UARTIntClear</name>
         <value>0x8313</value>
         <object_component_ref idref="oc-77"/>
      </symbol>
      <symbol id="sm-7d3">
         <name>UARTIntStatus</name>
         <value>0x82bd</value>
         <object_component_ref idref="oc-71"/>
      </symbol>
      <symbol id="sm-7d4">
         <name>UARTCharGet</name>
         <value>0x82a9</value>
         <object_component_ref idref="oc-1b4"/>
      </symbol>
      <symbol id="sm-800">
         <name>sqrtl</name>
         <value>0x6c45</value>
         <object_component_ref idref="oc-371"/>
      </symbol>
      <symbol id="sm-801">
         <name>sqrt</name>
         <value>0x6c45</value>
         <object_component_ref idref="oc-371"/>
      </symbol>
      <symbol id="sm-83a">
         <name>asinf</name>
         <value>0x697d</value>
         <object_component_ref idref="oc-2e1"/>
      </symbol>
      <symbol id="sm-86c">
         <name>atan2f</name>
         <value>0x6aed</value>
         <object_component_ref idref="oc-2db"/>
      </symbol>
      <symbol id="sm-899">
         <name>atanf</name>
         <value>0x6ef1</value>
         <object_component_ref idref="oc-381"/>
      </symbol>
      <symbol id="sm-8a8">
         <name>__aeabi_uidivmod</name>
         <value>0x7f31</value>
         <object_component_ref idref="oc-1c3"/>
      </symbol>
      <symbol id="sm-8a9">
         <name>__aeabi_uidiv</name>
         <value>0x7f31</value>
         <object_component_ref idref="oc-1c3"/>
      </symbol>
      <symbol id="sm-8c0">
         <name>__aeabi_dsub</name>
         <value>0x67c5</value>
         <object_component_ref idref="oc-19c"/>
      </symbol>
      <symbol id="sm-8c1">
         <name>__aeabi_dadd</name>
         <value>0x67cf</value>
         <object_component_ref idref="oc-19c"/>
      </symbol>
      <symbol id="sm-8e3">
         <name>__aeabi_cdcmpeq</name>
         <value>0x7999</value>
         <object_component_ref idref="oc-197"/>
      </symbol>
      <symbol id="sm-8e4">
         <name>__aeabi_cdcmple</name>
         <value>0x7999</value>
         <object_component_ref idref="oc-197"/>
      </symbol>
      <symbol id="sm-8e5">
         <name>__aeabi_cdrcmple</name>
         <value>0x7a1f</value>
         <object_component_ref idref="oc-441"/>
      </symbol>
      <symbol id="sm-8f9">
         <name>__aeabi_ddiv</name>
         <value>0x717d</value>
         <object_component_ref idref="oc-2bf"/>
      </symbol>
      <symbol id="sm-904">
         <name>__aeabi_dmul</name>
         <value>0x75f5</value>
         <object_component_ref idref="oc-163"/>
      </symbol>
      <symbol id="sm-90e">
         <name>__aeabi_d2iz</name>
         <value>0x7e5d</value>
         <object_component_ref idref="oc-2c4"/>
      </symbol>
      <symbol id="sm-91a">
         <name>__aeabi_d2f</name>
         <value>0x7b8d</value>
         <object_component_ref idref="oc-168"/>
      </symbol>
      <symbol id="sm-925">
         <name>__aeabi_f2d</name>
         <value>0x8069</value>
         <object_component_ref idref="oc-1ff"/>
      </symbol>
      <symbol id="sm-92f">
         <name>__aeabi_i2d</name>
         <value>0x80a1</value>
         <object_component_ref idref="oc-2ba"/>
      </symbol>
      <symbol id="sm-939">
         <name>__aeabi_ui2d</name>
         <value>0x813d</value>
         <object_component_ref idref="oc-15e"/>
      </symbol>
      <symbol id="sm-952">
         <name>__TI_zero_init_nomemset</name>
         <value>0x81f5</value>
         <object_component_ref idref="oc-4a"/>
      </symbol>
      <symbol id="sm-969">
         <name>__TI_decompress_none</name>
         <value>0x8263</value>
         <object_component_ref idref="oc-18"/>
      </symbol>
      <symbol id="sm-98c">
         <name>__TI_decompress_lzss</name>
         <value>0x7bfb</value>
         <object_component_ref idref="oc-12"/>
      </symbol>
      <symbol id="sm-999">
         <name>atof</name>
         <value>0x81e3</value>
         <object_component_ref idref="oc-191"/>
      </symbol>
      <symbol id="sm-9c0">
         <name>sprintf</name>
         <value>0x7f71</value>
         <object_component_ref idref="oc-204"/>
      </symbol>
      <symbol id="sm-a20">
         <name>strtold</name>
         <value>0x5cd1</value>
         <object_component_ref idref="oc-28c"/>
      </symbol>
      <symbol id="sm-a21">
         <name>strtod</name>
         <value>0x5cd1</value>
         <object_component_ref idref="oc-28c"/>
      </symbol>
      <symbol id="sm-a39">
         <name>strtok</name>
         <value>0x7fb1</value>
         <object_component_ref idref="oc-96"/>
      </symbol>
      <symbol id="sm-a4f">
         <name>__aeabi_errno_addr</name>
         <value>0x82e9</value>
         <object_component_ref idref="oc-32d"/>
      </symbol>
      <symbol id="sm-a50">
         <name>errno</name>
         <value>0x200012cc</value>
         <object_component_ref idref="oc-3fe"/>
      </symbol>
      <symbol id="sm-a63">
         <name>__stack</name>
         <value>0x20000270</value>
         <object_component_ref idref="oc-21"/>
      </symbol>
      <symbol id="sm-a64">
         <name>_c_int00_noargs</name>
         <value>0x8031</value>
         <object_component_ref idref="oc-5c"/>
      </symbol>
      <symbol id="sm-a81">
         <name>scalbn</name>
         <value>0x74e5</value>
         <object_component_ref idref="oc-333"/>
      </symbol>
      <symbol id="sm-a82">
         <name>scalbnl</name>
         <value>0x74e5</value>
         <object_component_ref idref="oc-333"/>
      </symbol>
      <symbol id="sm-a83">
         <name>ldexpl</name>
         <value>0x74e5</value>
         <object_component_ref idref="oc-333"/>
      </symbol>
      <symbol id="sm-a84">
         <name>ldexp</name>
         <value>0x74e5</value>
         <object_component_ref idref="oc-333"/>
      </symbol>
      <symbol id="sm-a8e">
         <name>copysign</name>
         <value>0x81bb</value>
         <object_component_ref idref="oc-403"/>
      </symbol>
      <symbol id="sm-a8f">
         <name>copysignl</name>
         <value>0x81bb</value>
         <object_component_ref idref="oc-403"/>
      </symbol>
      <symbol id="sm-a99">
         <name>__aeabi_idiv0</name>
         <value>0x5833</value>
         <object_component_ref idref="oc-2a1"/>
      </symbol>
      <symbol id="sm-a9a">
         <name>__aeabi_ldiv0</name>
         <value>0x5833</value>
         <object_component_ref idref="oc-2a1"/>
      </symbol>
      <symbol id="sm-aa9">
         <name>__aeabi_memset</name>
         <value>0x7aa7</value>
         <object_component_ref idref="oc-eb"/>
      </symbol>
      <symbol id="sm-aaa">
         <name>memset</name>
         <value>0x7aad</value>
         <object_component_ref idref="oc-eb"/>
      </symbol>
      <symbol id="sm-aab">
         <name>__aeabi_memset8</name>
         <value>0x7aa7</value>
         <object_component_ref idref="oc-eb"/>
      </symbol>
      <symbol id="sm-aac">
         <name>__aeabi_memset4</name>
         <value>0x7aa7</value>
         <object_component_ref idref="oc-eb"/>
      </symbol>
      <symbol id="sm-aad">
         <name>__aeabi_memclr8</name>
         <value>0x7aa5</value>
         <object_component_ref idref="oc-eb"/>
      </symbol>
      <symbol id="sm-aae">
         <name>__aeabi_memclr4</name>
         <value>0x7aa5</value>
         <object_component_ref idref="oc-eb"/>
      </symbol>
      <symbol id="sm-aaf">
         <name>__aeabi_memclr</name>
         <value>0x7aa5</value>
         <object_component_ref idref="oc-eb"/>
      </symbol>
      <symbol id="sm-aca">
         <name>memcpy</name>
         <value>0x7867</value>
         <object_component_ref idref="oc-3e"/>
      </symbol>
      <symbol id="sm-acb">
         <name>__aeabi_memcpy</name>
         <value>0x7867</value>
         <object_component_ref idref="oc-3e"/>
      </symbol>
      <symbol id="sm-acc">
         <name>__aeabi_memcpy8</name>
         <value>0x7867</value>
         <object_component_ref idref="oc-3e"/>
      </symbol>
      <symbol id="sm-acd">
         <name>__aeabi_memcpy4</name>
         <value>0x7867</value>
         <object_component_ref idref="oc-3e"/>
      </symbol>
      <symbol id="sm-af5">
         <name>__TI_auto_init_nobinit_nopinit</name>
         <value>0x7eed</value>
         <object_component_ref idref="oc-21b"/>
      </symbol>
      <symbol id="sm-aff">
         <name>_system_pre_init</name>
         <value>0x8317</value>
         <object_component_ref idref="oc-f1"/>
      </symbol>
      <symbol id="sm-b0b">
         <name>C$$EXIT</name>
         <value>0x831b</value>
         <object_component_ref idref="oc-20f"/>
      </symbol>
      <symbol id="sm-b0c">
         <name>abort</name>
         <value>0x831b</value>
         <object_component_ref idref="oc-20f"/>
      </symbol>
      <symbol id="sm-c72">
         <name>__TI_printfi</name>
         <value>0x4dd5</value>
         <object_component_ref idref="oc-2f1"/>
      </symbol>
      <symbol id="sm-c89">
         <name>atoi</name>
         <value>0x7e11</value>
         <object_component_ref idref="oc-39d"/>
      </symbol>
      <symbol id="sm-c94">
         <name>_ctypes_</name>
         <value>0x84d0</value>
         <object_component_ref idref="oc-339"/>
      </symbol>
      <symbol id="sm-ca3">
         <name>ltoa</name>
         <value>0x7d1f</value>
         <object_component_ref idref="oc-446"/>
      </symbol>
      <symbol id="sm-cb3">
         <name>memccpy</name>
         <value>0x815d</value>
         <object_component_ref idref="oc-3c1"/>
      </symbol>
      <symbol id="sm-cc3">
         <name>strchr</name>
         <value>0x8191</value>
         <object_component_ref idref="oc-46d"/>
      </symbol>
      <symbol id="sm-cd4">
         <name>strcspn</name>
         <value>0x80f9</value>
         <object_component_ref idref="oc-186"/>
      </symbol>
      <symbol id="sm-ce2">
         <name>strlen</name>
         <value>0x81cf</value>
         <object_component_ref idref="oc-397"/>
      </symbol>
      <symbol id="sm-cf4">
         <name>strspn</name>
         <value>0x80cf</value>
         <object_component_ref idref="oc-180"/>
      </symbol>
      <symbol id="sm-d0a">
         <name>frexpl</name>
         <value>0x7c65</value>
         <object_component_ref idref="oc-467"/>
      </symbol>
      <symbol id="sm-d0b">
         <name>frexp</name>
         <value>0x7c65</value>
         <object_component_ref idref="oc-467"/>
      </symbol>
      <symbol id="sm-d24">
         <name>wcslen</name>
         <value>0x8207</value>
         <object_component_ref idref="oc-3c7"/>
      </symbol>
      <symbol id="sm-d31">
         <name>__aeabi_uldivmod</name>
         <value>0x7903</value>
         <object_component_ref idref="oc-43b"/>
      </symbol>
      <symbol id="sm-d32">
         <name>__TI_static_base__</name>
         <value>0x0</value>
      </symbol>
      <symbol id="sm-d35">
         <name>__mpu_init</name>
         <value>0x0</value>
      </symbol>
      <symbol id="sm-d36">
         <name>_system_post_cinit</name>
         <value>0x0</value>
      </symbol>
   </symbol_table>
   <title>Link successful</title>
</link_info>
