******************************************************************************
                  TI ARM Linker Unix v18.1.3                   
******************************************************************************
>> Linked Fri Jun 14 16:04:07 2019

OUTPUT FILE NAME:   <GPS.out>
ENTRY POINT SYMBOL: "_c_int00_noargs"  address: 00007f01


MEMORY CONFIGURATION

         name            origin    length      used     unused   attr    fill
----------------------  --------  ---------  --------  --------  ----  --------
  FLASH                 00000000   00040000  00008b88  00037478  R  X
  SRAM                  20000000   00008000  00001b84  0000647c  RW X


SEGMENT ALLOCATION MAP

run origin  load origin   length   init length attrs members
----------  ----------- ---------- ----------- ----- -------
00000000    00000000    00008b88   00008b88    r-x
  00000000    00000000    0000026c   0000026c    r-- .intvecs
  0000026c    0000026c    00007edc   00007edc    r-x .text
  00008148    00008148    00000a00   00000a00    r-- .const
  00008b48    00008b48    00000040   00000040    r-- .cinit
20000000    20000000    00001b88   00000000    rw-
  20000000    20000000    0000026c   00000000    rw- .vtable
  20000270    20000270    00001770   00000000    rw- .stack
  200019e0    200019e0    00000140   00000000    rw- .bss
  20001b20    20001b20    00000068   00000000    rw- .data


SECTION ALLOCATION MAP

 output                                  attributes/
section   page    origin      length       input sections
--------  ----  ----------  ----------   ----------------
.intvecs   0    00000000    0000026c     
                  00000000    0000026c     tm4c123gh6pm_startup_ccs.obj (.intvecs)

.text      0    0000026c    00007edc     
                  0000026c    00002b04     timer.obj (.text)
                  00002d70    00000a5e     rtsv7M4_T_le_v4SPD16_eabi.lib : _printfi.c.obj (.text:__TI_printfi)
                  000037ce    00000002                                   : div0.asm.obj (.text)
                  000037d0    00000738                                   : k_rem_pio2.c.obj (.text:__kernel_rem_pio2)
                  00003f08    000005dc                                   : s_cos.c.obj (.text:cos)
                  000044e4    000005c4                                   : s_sin.c.obj (.text:sin)
                  00004aa8    00000554     gps.obj (.text)
                  00004ffc    0000048c     main.obj (.text)
                  00005488    00000460     rtsv7M4_T_le_v4SPD16_eabi.lib : strtod.c.obj (.text:strtod)
                  000058e8    000003d8                                   : e_asin.c.obj (.text:asin)
                  00005cc0    00000328     uartout.obj (.text)
                  00005fe8    000002ec     rtsv7M4_T_le_v4SPD16_eabi.lib : s_atan.c.obj (.text:atan)
                  000062d4    00000270                                   : _printfi.c.obj (.text:_pconv_a)
                  00006544    00000238                                   : e_fmod.c.obj (.text:fmod)
                  0000677c    000001ec                                   : e_atan2.c.obj (.text:atan2)
                  00006968    000001d0                                   : _printfi.c.obj (.text:_pconv_g)
                  00006b38    000001b6                                   : fd_add_t2.asm.obj (.text)
                  00006cee    00000002     --HOLE-- [fill = 0]
                  00006cf0    00000174                                   : k_sin.c.obj (.text:__kernel_sin)
                  00006e64    0000016c                                   : k_cos.c.obj (.text:__kernel_cos)
                  00006fd0    00000158                                   : e_sqrt.c.obj (.text:sqrt)
                  00007128    0000013c                                   : _printfi.c.obj (.text:_pconv_e)
                  00007264    00000136                                   : fd_div_t2.asm.obj (.text)
                  0000739a    00000002     --HOLE-- [fill = 0]
                  0000739c    00000120                                   : _printfi.c.obj (.text:fcvt)
                  000074bc    00000110                                   : s_scalbn.c.obj (.text:scalbn)
                  000075cc    000000fc                                   : fd_mul_t2.asm.obj (.text)
                  000076c8    000000f8                                   : s_floor.c.obj (.text:floor)
                  000077c0    000000b1                                   : _printfi.c.obj (.text:_ltostr)
                  00007871    00000001     --HOLE-- [fill = 0]
                  00007872    0000009c                                   : memcpy_t2.asm.obj (.text)
                  0000790e    00000096                                   : ull_div_t2.asm.obj (.text)
                  000079a4    00000086                                   : fd_cmp_t2.asm.obj (.text:__aeabi_cdcmple)
                  00007a2a    00000086                                   : fd_cmp_t2.asm.obj (.text:__aeabi_cdrcmple)
                  00007ab0    0000007a                                   : memset_t2.asm.obj (.text)
                  00007b2a    0000006e                                   : _printfi.c.obj (.text:_mcpy)
                  00007b98    00000068                                   : copy_decompress_lzss.c.obj (.text:decompress:lzss:__TI_decompress_lzss)
                  00007c00    00000064                                   : s_frexp.c.obj (.text:frexp)
                  00007c64    00000056                                   : _printfi.c.obj (.text:_pconv_f)
                  00007cba    00000054                                   : ltoa.c.obj (.text:ltoa)
                  00007d0e    00000052                                   : _printfi.c.obj (.text:_ecpy)
                  00007d60    0000004c                                   : atoi.c.obj (.text:atoi)
                  00007dac    00000048                                   : fd_toi_t2.asm.obj (.text)
                  00007df4    00000046     driverlib.lib : uart.obj (.text:UARTConfigSetExpClk)
                  00007e3a    00000002     --HOLE-- [fill = 0]
                  00007e3c    00000044     rtsv7M4_T_le_v4SPD16_eabi.lib : autoinit.c.obj (.text:__TI_auto_init_nobinit_nopinit:__TI_auto_init_nobinit_nopinit)
                  00007e80    00000040                                   : sprintf.c.obj (.text:sprintf)
                  00007ec0    0000003e                                   : _printfi.c.obj (.text:_fcpy)
                  00007efe    00000002     --HOLE-- [fill = 0]
                  00007f00    00000038                                   : boot_cortex_m.c.obj (.text:_c_int00_noargs:_c_int00_noargs)
                  00007f38    00000034                                   : strstr.c.obj (.text:strstr)
                  00007f6c    0000002e                                   : i_tofd_t2.asm.obj (.text)
                  00007f9a    00000002     --HOLE-- [fill = 0]
                  00007f9c    00000020     driverlib.lib : uart.obj (.text:UARTDisable)
                  00007fbc    0000001c     rtsv7M4_T_le_v4SPD16_eabi.lib : memccpy.c.obj (.text:memccpy)
                  00007fd8    00000018                                   : sprintf.c.obj (.text:_outs)
                  00007ff0    00000016                                   : strchr.c.obj (.text:strchr)
                  00008006    00000014     driverlib.lib : uart.obj (.text:UARTEnable)
                  0000801a    00000014     rtsv7M4_T_le_v4SPD16_eabi.lib : s_copysign.c.obj (.text:copysign)
                  0000802e    00000014                                   : strlen.c.obj (.text:strlen)
                  00008042    00000012                                   : atof.c.obj (.text:atof)
                  00008054    00000012                                   : copy_zero_init.c.obj (.text:decompress:ZI:__TI_zero_init_nomemset:__TI_zero_init_nomemset)
                  00008066    00000012                                   : wcslen.c.obj (.text:wcslen)
                  00008078    00000010     driverlib.lib : fpu.obj (.text:FPUEnable)
                  00008088    00000010                   : fpu.obj (.text:FPULazyStackingEnable)
                  00008098    0000000e                   : uart.obj (.text:UARTCharGetNonBlocking)
                  000080a6    0000000e                   : uart.obj (.text:UARTCharPutNonBlocking)
                  000080b4    0000000e                   : uart.obj (.text:UARTCharsAvail)
                  000080c2    0000000e     rtsv7M4_T_le_v4SPD16_eabi.lib : copy_decompress_none.c.obj (.text:decompress:none:__TI_decompress_none)
                  000080d0    0000000c     driverlib.lib : cpu.obj (.text:CPUcpsid)
                  000080dc    0000000c                   : cpu.obj (.text:CPUcpsie)
                  000080e8    0000000c     tm4c123gh6pm_startup_ccs.obj (.text)
                  000080f4    0000000a     driverlib.lib : cpu.obj (.text:CPUbasepriGet)
                  000080fe    0000000a                   : uart.obj (.text:UARTCharPut)
                  00008108    0000000a                   : uart.obj (.text:UARTIntStatus)
                  00008112    0000000a     rtsv7M4_T_le_v4SPD16_eabi.lib : sprintf.c.obj (.text:_outc)
                  0000811c    00000008     driverlib.lib : uart.obj (.text:UARTIntEnable)
                  00008124    00000008     rtsv7M4_T_le_v4SPD16_eabi.lib : errno.c.obj (.text:__aeabi_errno_addr)
                  0000812c    00000006     driverlib.lib : cpu.obj (.text:CPUbasepriSet)
                  00008132    00000006     timer.obj (.text:SysCtlDelay)
                  00008138    00000004     driverlib.lib : cpu.obj (.text:CPUwfi)
                  0000813c    00000004                   : uart.obj (.text:UARTIntClear)
                  00008140    00000004     rtsv7M4_T_le_v4SPD16_eabi.lib : pre_init.c.obj (.text:_system_pre_init)
                  00008144    00000004                                   : exit.c.obj (.text:abort:abort)

.const     0    00008148    00000a00     
                  00008148    000001b0     timer.obj (.const:g_pppui32XTALtoVCO)
                  000082f8    00000158     rtsv7M4_T_le_v4SPD16_eabi.lib : k_rem_pio2.c.obj (.const:$O1$$)
                  00008450    00000101                                   : ctype.c.obj (.const:.string:_ctypes_)
                  00008551    00000003     --HOLE-- [fill = 0]
                  00008554    000000d8     timer.obj (.const:g_ppui32GPIOIntMapSnowflake)
                  0000862c    00000004     --HOLE-- [fill = 0]
                  00008630    000000c8     rtsv7M4_T_le_v4SPD16_eabi.lib : strtod.c.obj (.const:$O1$$)
                  000086f8    000000c0     timer.obj (.const:g_ppui32GPIOIntMapBlizzard)
                  000087b8    0000009c     timer.obj (.const:g_pui32Regs)
                  00008854    00000004     --HOLE-- [fill = 0]
                  00008858    00000098     rtsv7M4_T_le_v4SPD16_eabi.lib : s_atan.c.obj (.const:$O1$$)
                  000088f0    00000090     timer.obj (.const:g_pui32GPIOBaseAddrs)
                  00008980    0000006c     timer.obj (.const:g_pui32Xtals)
                  000089ec    00000060     timer.obj (.const:g_ppui32TimerIntMap)
                  00008a4c    00000040     timer.obj (.const:g_ppui32TimerIntMapSnowflake)
                  00008a8c    00000030     timer.obj (.const:g_sXTALtoMEMTIM)
                  00008abc    00000020     timer.obj (.const:g_pui32Priority)
                  00008adc    00000014     timer.obj (.const:g_pui32Dii16Regs)
                  00008af0    00000014     timer.obj (.const:g_pui32EnRegs)
                  00008b04    00000014     timer.obj (.const:g_pui32PendRegs)
                  00008b18    00000014     timer.obj (.const:g_pui32UnpendRegs)
                  00008b2c    00000004     --HOLE-- [fill = 0]
                  00008b30    00000010     rtsv7M4_T_le_v4SPD16_eabi.lib : e_fmod.c.obj (.const:Zero)
                  00008b40    00000008     timer.obj (.const:g_pui32VCOFrequencies)

.cinit     0    00008b48    00000040     
                  00008b48    0000000c     (__TI_handler_table)
                  00008b54    00000004     --HOLE-- [fill = 0]
                  00008b58    00000008     (.cinit..bss.load) [load image, compression = zero_init]
                  00008b60    00000008     (.cinit..data.load) [load image, compression = lzss]
                  00008b68    00000008     (.cinit..vtable.load) [load image, compression = zero_init]
                  00008b70    00000018     (__TI_cinit_table)

.init_array 
*          0    00000000    00000000     UNINITIALIZED

.vtable    0    20000000    0000026c     UNINITIALIZED
                  20000000    0000026c     timer.obj (.vtable)

.bss       0    200019e0    00000140     UNINITIALIZED
                  200019e0    00000138     (.common:data)
                  20001b18    00000008     (.common:time)

.data      0    20001b20    00000068     UNINITIALIZED
                  20001b20    00000060     gps.obj (.data)
                  20001b80    00000004     rtsv7M4_T_le_v4SPD16_eabi.lib : errno.c.obj (.data)
                  20001b84    00000004     timer.obj (.data)

.stack     0    20000270    00001770     UNINITIALIZED
                  20000270    00000004     rtsv7M4_T_le_v4SPD16_eabi.lib : boot_cortex_m.c.obj (.stack)
                  20000274    0000176c     --HOLE--

MODULE SUMMARY

       Module                         code    ro data   rw data
       ------                         ----    -------   -------
    ./
       timer.obj                      11018   1576      624    
       gps.obj                        1364    0         416    
       main.obj                       1164    0         0      
       uartout.obj                    808     0         0      
       tm4c123gh6pm_startup_ccs.obj   12      620       0      
    +--+------------------------------+-------+---------+---------+
       Total:                         14366   2196      1040   
                                                               
    /home/mairon/ti/TivaWare_C_Series/driverlib/ccs/Debug/driverlib.lib
       uart.obj                       196     0         0      
       cpu.obj                        44      0         0      
       fpu.obj                        32      0         0      
    +--+------------------------------+-------+---------+---------+
       Total:                         272     0         0      
                                                               
    /home/mairon/ti/ccsv8/tools/compiler/ti-cgt-arm_18.1.3.LTS/lib/rtsv7M4_T_le_v4SPD16_eabi.lib
       _printfi.c.obj                 4863    0         0      
       k_rem_pio2.c.obj               1848    344       0      
       s_cos.c.obj                    1500    0         0      
       s_sin.c.obj                    1476    0         0      
       strtod.c.obj                   1120    200       0      
       e_asin.c.obj                   984     0         0      
       s_atan.c.obj                   748     152       0      
       e_fmod.c.obj                   568     16        0      
       e_atan2.c.obj                  492     0         0      
       fd_add_t2.asm.obj              438     0         0      
       k_sin.c.obj                    372     0         0      
       k_cos.c.obj                    364     0         0      
       e_sqrt.c.obj                   344     0         0      
       fd_div_t2.asm.obj              310     0         0      
       s_scalbn.c.obj                 272     0         0      
       fd_cmp_t2.asm.obj              268     0         0      
       ctype.c.obj                    0       257       0      
       fd_mul_t2.asm.obj              252     0         0      
       s_floor.c.obj                  248     0         0      
       memcpy_t2.asm.obj              156     0         0      
       ull_div_t2.asm.obj             150     0         0      
       memset_t2.asm.obj              122     0         0      
       copy_decompress_lzss.c.obj     104     0         0      
       s_frexp.c.obj                  100     0         0      
       sprintf.c.obj                  98      0         0      
       ltoa.c.obj                     84      0         0      
       atoi.c.obj                     76      0         0      
       fd_toi_t2.asm.obj              72      0         0      
       autoinit.c.obj                 68      0         0      
       boot_cortex_m.c.obj            56      0         0      
       strstr.c.obj                   52      0         0      
       i_tofd_t2.asm.obj              46      0         0      
       memccpy.c.obj                  28      0         0      
       strchr.c.obj                   22      0         0      
       s_copysign.c.obj               20      0         0      
       strlen.c.obj                   20      0         0      
       atof.c.obj                     18      0         0      
       copy_zero_init.c.obj           18      0         0      
       wcslen.c.obj                   18      0         0      
       copy_decompress_none.c.obj     14      0         0      
       errno.c.obj                    8       0         4      
       exit.c.obj                     4       0         0      
       pre_init.c.obj                 4       0         0      
       div0.asm.obj                   2       0         0      
    +--+------------------------------+-------+---------+---------+
       Total:                         17827   969       4      
                                                               
       Stack:                         0       0         6000   
       Linker Generated:              0       60        0      
    +--+------------------------------+-------+---------+---------+
       Grand Total:                   32465   3225      7044   


LINKER GENERATED COPY TABLES

__TI_cinit_table @ 00008b70 records: 3, size/record: 8, table size: 24
	.bss: load addr=00008b58, load size=00000008 bytes, run addr=200019e0, run size=00000140 bytes, compression=zero_init
	.data: load addr=00008b60, load size=00000008 bytes, run addr=20001b20, run size=00000068 bytes, compression=lzss
	.vtable: load addr=00008b68, load size=00000008 bytes, run addr=20000000, run size=0000026c bytes, compression=zero_init


LINKER GENERATED HANDLER TABLE

__TI_handler_table @ 00008b48 records: 3, size/record: 4, table size: 12
	index: 0, handler: __TI_zero_init
	index: 1, handler: __TI_decompress_lzss
	index: 2, handler: __TI_decompress_none


GLOBAL SYMBOLS: SORTED ALPHABETICALLY BY Name 

address   name                            
-------   ----                            
00004c77  Altitude                        
00004cab  Bearing                         
00008145  C$$EXIT                         
000080f5  CPUbasepriGet                   
0000812d  CPUbasepriSet                   
000080d1  CPUcpsid                        
000080dd  CPUcpsie                        
00008139  CPUwfi                          
00008079  FPUEnable                       
00008089  FPULazyStackingEnable           
00002ccd  GPIOADCTriggerDisable           
00002caf  GPIOADCTriggerEnable            
00002c91  GPIODMATriggerDisable           
00002c73  GPIODMATriggerEnable            
00002207  GPIODirModeGet                  
000021ab  GPIODirModeSet                  
00002783  GPIOIntClear                    
00002747  GPIOIntDisable                  
0000272d  GPIOIntEnable                   
00002797  GPIOIntRegister                 
000027cf  GPIOIntRegisterPin              
00002761  GPIOIntStatus                   
00002301  GPIOIntTypeGet                  
0000225d  GPIOIntTypeSet                  
000027b5  GPIOIntUnregister               
000027fd  GPIOIntUnregisterPin            
000025db  GPIOPadConfigGet                
000023a1  GPIOPadConfigSet                
00002c15  GPIOPinConfigure                
00002821  GPIOPinRead                     
00002859  GPIOPinTypeADC                  
0000287d  GPIOPinTypeCAN                  
000028a1  GPIOPinTypeComparator           
000028c5  GPIOPinTypeComparatorOutput     
000028e9  GPIOPinTypeDIVSCLK              
0000290d  GPIOPinTypeEPI                  
00002931  GPIOPinTypeEthernetLED          
00002955  GPIOPinTypeEthernetMII          
00002979  GPIOPinTypeGPIOInput            
0000299d  GPIOPinTypeGPIOOutput           
000029c1  GPIOPinTypeGPIOOutputOD         
000029e5  GPIOPinTypeHibernateRTCCLK      
00002a09  GPIOPinTypeI2C                  
00002a2d  GPIOPinTypeI2CSCL               
00002a51  GPIOPinTypeLCD                  
00002a75  GPIOPinTypeOneWire              
00002a99  GPIOPinTypePWM                  
00002abd  GPIOPinTypeQEI                  
00002ae1  GPIOPinTypeSSI                  
00002b05  GPIOPinTypeTimer                
00002b29  GPIOPinTypeTrace                
00002b4d  GPIOPinTypeUART                 
00002b71  GPIOPinTypeUSBAnalog            
00002b95  GPIOPinTypeUSBDigital           
00002bb9  GPIOPinTypeWakeHigh             
00002bdf  GPIOPinTypeWakeLow              
00002c05  GPIOPinWakeStatus               
00002839  GPIOPinWrite                    
00004c8d  GroundSpeed                     
00004e91  HaversineFormula                
000004a9  IntDisable                      
00000437  IntEnable                       
00000525  IntIsEnabled                    
000002fb  IntMasterDisable                
000002eb  IntMasterEnable                 
0000061d  IntPendClear                    
000005ad  IntPendSet                      
00000413  IntPriorityGet                  
0000038b  IntPriorityGroupingGet          
00000371  IntPriorityGroupingSet          
00000677  IntPriorityMaskGet              
0000066b  IntPriorityMaskSet              
000003c3  IntPrioritySet                  
0000030b  IntRegister                     
0000067f  IntTrigger                      
0000035d  IntUnregister                   
00004afd  Latitude                        
00004bb5  Longitude                       
000080e9  ResetISR                        
000015f5  SysCtlAltClkConfig              
00000d1d  SysCtlClockFreqSet              
000011e5  SysCtlClockGet                  
000015d9  SysCtlClockOutConfig            
00001015  SysCtlClockSet                  
00000c21  SysCtlDeepSleep                 
000013a9  SysCtlDeepSleepClockConfigSet   
0000138b  SysCtlDeepSleepClockSet         
00000c01  SysCtlDeepSleepPowerSet         
00008133  SysCtlDelay                     
00000795  SysCtlFlashSectorSizeGet        
00000769  SysCtlFlashSizeGet              
0000147f  SysCtlGPIOAHBDisable            
00001463  SysCtlGPIOAHBEnable             
00000b95  SysCtlIntClear                  
00000b81  SysCtlIntDisable                
00000b69  SysCtlIntEnable                 
00000b45  SysCtlIntRegister               
00000ba5  SysCtlIntStatus                 
00000b59  SysCtlIntUnregister             
00000be7  SysCtlLDODeepSleepGet           
00000bd7  SysCtlLDODeepSleepSet           
00000bd1  SysCtlLDOSleepGet               
00000bc1  SysCtlLDOSleepSet               
00000c57  SysCtlMOSCConfigSet             
000015bd  SysCtlNMIClear                  
000015a9  SysCtlNMIStatus                 
00000c6d  SysCtlPIOSCCalibrate            
0000144d  SysCtlPWMClockGet               
00001433  SysCtlPWMClockSet               
00000aed  SysCtlPeripheralClockGating     
00000aad  SysCtlPeripheralDeepSleepDisable
00000a55  SysCtlPeripheralDeepSleepEnable 
00000995  SysCtlPeripheralDisable         
00000951  SysCtlPeripheralEnable          
00000885  SysCtlPeripheralPowerOff        
00000845  SysCtlPeripheralPowerOn         
000007c1  SysCtlPeripheralPresent         
00000801  SysCtlPeripheralReady           
000008c5  SysCtlPeripheralReset           
00000a19  SysCtlPeripheralSleepDisable    
000009d9  SysCtlPeripheralSleepEnable     
00000c11  SysCtlReset                     
00000ccd  SysCtlResetBehaviorGet          
00000cbd  SysCtlResetBehaviorSet          
00000c43  SysCtlResetCauseClear           
00000c3d  SysCtlResetCauseGet             
0000075f  SysCtlSRAMSizeGet               
00000c19  SysCtlSleep                     
00000bed  SysCtlSleepPowerSet             
000014a7  SysCtlUSBPLLDisable             
0000149b  SysCtlUSBPLLEnable              
000014ed  SysCtlVCOGet                    
000014d5  SysCtlVoltageEventClear         
000014b9  SysCtlVoltageEventConfig        
000014c9  SysCtlVoltageEventStatus        
00000279  SysTickDisable                  
0000026d  SysTickEnable                   
00002ceb  SysTickInt                      
000002bd  SysTickIntDisable               
000002b1  SysTickIntEnable                
00000285  SysTickIntRegister              
0000029d  SysTickIntUnregister            
000002db  SysTickPeriodGet                
000002c9  SysTickPeriodSet                
000002e3  SysTickValueGet                 
00004aa9  Time                            
00001c01  TimerADCEventGet                
00001bef  TimerADCEventSet                
00002d0d  TimerBegin                      
0000191b  TimerClockSourceGet             
00001907  TimerClockSourceSet             
000016c9  TimerConfigure                  
00001801  TimerControlEvent               
00001749  TimerControlLevel               
0000182b  TimerControlStall               
0000178d  TimerControlTrigger             
0000186d  TimerControlWaitOnTrigger       
00001c21  TimerDMAEventGet                
00001c0f  TimerDMAEventSet                
000016a7  TimerDisable                    
00001689  TimerEnable                     
00001bcb  TimerIntClear                   
00001b95  TimerIntDisable                 
00001b7d  TimerIntEnable                  
00001b37  TimerIntRegister                
00001bad  TimerIntStatus                  
00001b5f  TimerIntUnregister              
000019ef  TimerLoadGet                    
00001a25  TimerLoadGet64                  
000019c5  TimerLoadSet                    
00001a0b  TimerLoadSet64                  
00001acf  TimerMatchGet                   
00001b05  TimerMatchGet64                 
00001aa5  TimerMatchSet                   
00001aeb  TimerMatchSet64                 
00001955  TimerPrescaleGet                
000019a9  TimerPrescaleMatchGet           
00001971  TimerPrescaleMatchSet           
0000192b  TimerPrescaleSet                
000018f1  TimerRTCDisable                 
000018d1  TimerRTCEnable                  
00001bdd  TimerSynchronize                
00001c2f  TimerUpdateMode                 
00001a57  TimerValueGet                   
00001a73  TimerValueGet64                 
00005cc1  UART0IntHandler                 
00005ea9  UART0Send                       
00005d15  UART2IntHandler                 
00005ed1  UART2Send                       
00008099  UARTCharGetNonBlocking          
000080ff  UARTCharPut                     
000080a7  UARTCharPutNonBlocking          
000080b5  UARTCharsAvail                  
00007df5  UARTConfigSetExpClk             
00007f9d  UARTDisable                     
00008007  UARTEnable                      
0000813d  UARTIntClear                    
0000811d  UARTIntEnable                   
00008109  UARTIntStatus                   
00005ef9  UARTsetup                       
200019e0  __STACK_END                     
00001770  __STACK_SIZE                    
20000470  __STACK_TOP                     
00008b70  __TI_CINIT_Base                 
00008b88  __TI_CINIT_Limit                
00008b48  __TI_Handler_Table_Base         
00008b54  __TI_Handler_Table_Limit        
00007e3d  __TI_auto_init_nobinit_nopinit  
00007b99  __TI_decompress_lzss            
000080c3  __TI_decompress_none            
ffffffff  __TI_pprof_out_hndl             
00002d71  __TI_printfi                    
ffffffff  __TI_prof_data_size             
ffffffff  __TI_prof_data_start            
00000000  __TI_static_base__              
00008055  __TI_zero_init_nomemset         
000079a5  __aeabi_cdcmpeq                 
000079a5  __aeabi_cdcmple                 
00007a2b  __aeabi_cdrcmple                
00007dad  __aeabi_d2iz                    
00006b43  __aeabi_dadd                    
00007265  __aeabi_ddiv                    
000075cd  __aeabi_dmul                    
00006b39  __aeabi_dsub                    
00008125  __aeabi_errno_addr              
00007f6d  __aeabi_i2d                     
000037cf  __aeabi_idiv0                   
000037cf  __aeabi_ldiv0                   
00007ab1  __aeabi_memclr                  
00007ab1  __aeabi_memclr4                 
00007ab1  __aeabi_memclr8                 
00007873  __aeabi_memcpy                  
00007873  __aeabi_memcpy4                 
00007873  __aeabi_memcpy8                 
00007ab3  __aeabi_memset                  
00007ab3  __aeabi_memset4                 
00007ab3  __aeabi_memset8                 
0000790f  __aeabi_uldivmod                
ffffffff  __binit__                       
ffffffff  __c_args__                      
00006e65  __kernel_cos                    
000037d1  __kernel_rem_pio2               
00006cf1  __kernel_sin                    
UNDEFED   __mpu_init                      
20000270  __stack                         
00007f01  _c_int00_noargs                 
00008450  _ctypes_                        
UNDEFED   _system_post_cinit              
00008141  _system_pre_init                
00008145  abort                           
20001b30  altitude                        
000058e9  asin                            
000058e9  asinl                           
00005fe9  atan                            
0000677d  atan2                           
0000677d  atan2l                          
00005fe9  atanl                           
00008043  atof                            
00007d61  atoi                            
20001b48  bearing                         
ffffffff  binit                           
0000801b  copysign                        
0000801b  copysignl                       
00003f09  cos                             
00003f09  cosl                            
20001b78  dD                              
20001b70  dE                              
20001b68  dN                              
200019e0  data                            
20001b40  distance                        
20001b80  errno                           
000076c9  floor                           
000076c9  floorl                          
00006545  fmod                            
00006545  fmodl                           
00007c01  frexp                           
00007c01  frexpl                          
20000000  g_pfnRAMVectors                 
00000000  g_pfnVectors                    
20001b38  groundspeed                     
00004e47  hav                             
20001b20  latitude                        
000074bd  ldexp                           
000074bd  ldexpl                          
20001b28  longitude                       
00007cbb  ltoa                            
00004ffd  main                            
00007fbd  memccpy                         
00007873  memcpy                          
00007ab9  memset                          
20001b84  millis                          
000074bd  scalbn                          
000074bd  scalbnl                         
000044e5  sin                             
000044e5  sinl                            
00007e81  sprintf                         
00006fd1  sqrt                            
00006fd1  sqrtl                           
00007ff1  strchr                          
0000802f  strlen                          
00007f39  strstr                          
00005489  strtod                          
00005489  strtold                         
20001b18  time                            
000020d9  uDMAChannelAssign               
00001d81  uDMAChannelAttributeDisable     
00001d2d  uDMAChannelAttributeEnable      
00001dd5  uDMAChannelAttributeGet         
00001e45  uDMAChannelControlSet           
00001cb9  uDMAChannelDisable              
00001ca1  uDMAChannelEnable               
00001cd1  uDMAChannelIsEnabled            
00002051  uDMAChannelModeGet              
00001d15  uDMAChannelRequest              
00001f7d  uDMAChannelScatterGatherSet     
00002135  uDMAChannelSelectDefault        
00002121  uDMAChannelSelectSecondary      
00002009  uDMAChannelSizeGet              
00001e85  uDMAChannelTransferSet          
00001d0f  uDMAControlAlternateBaseGet     
00001d09  uDMAControlBaseGet              
00001cf9  uDMAControlBaseSet              
00001c8b  uDMADisable                     
00001c83  uDMAEnable                      
00001c99  uDMAErrorStatusClear            
00001c93  uDMAErrorStatusGet              
000020c5  uDMAIntClear                    
00002097  uDMAIntRegister                 
000020bf  uDMAIntStatus                   
000020ad  uDMAIntUnregister               
20001b60  vD                              
20001b58  vE                              
20001b50  vN                              
00008067  wcslen                          


GLOBAL SYMBOLS: SORTED BY Symbol Address 

address   name                            
-------   ----                            
00000000  __TI_static_base__              
00000000  g_pfnVectors                    
0000026d  SysTickEnable                   
00000279  SysTickDisable                  
00000285  SysTickIntRegister              
0000029d  SysTickIntUnregister            
000002b1  SysTickIntEnable                
000002bd  SysTickIntDisable               
000002c9  SysTickPeriodSet                
000002db  SysTickPeriodGet                
000002e3  SysTickValueGet                 
000002eb  IntMasterEnable                 
000002fb  IntMasterDisable                
0000030b  IntRegister                     
0000035d  IntUnregister                   
00000371  IntPriorityGroupingSet          
0000038b  IntPriorityGroupingGet          
000003c3  IntPrioritySet                  
00000413  IntPriorityGet                  
00000437  IntEnable                       
000004a9  IntDisable                      
00000525  IntIsEnabled                    
000005ad  IntPendSet                      
0000061d  IntPendClear                    
0000066b  IntPriorityMaskSet              
00000677  IntPriorityMaskGet              
0000067f  IntTrigger                      
0000075f  SysCtlSRAMSizeGet               
00000769  SysCtlFlashSizeGet              
00000795  SysCtlFlashSectorSizeGet        
000007c1  SysCtlPeripheralPresent         
00000801  SysCtlPeripheralReady           
00000845  SysCtlPeripheralPowerOn         
00000885  SysCtlPeripheralPowerOff        
000008c5  SysCtlPeripheralReset           
00000951  SysCtlPeripheralEnable          
00000995  SysCtlPeripheralDisable         
000009d9  SysCtlPeripheralSleepEnable     
00000a19  SysCtlPeripheralSleepDisable    
00000a55  SysCtlPeripheralDeepSleepEnable 
00000aad  SysCtlPeripheralDeepSleepDisable
00000aed  SysCtlPeripheralClockGating     
00000b45  SysCtlIntRegister               
00000b59  SysCtlIntUnregister             
00000b69  SysCtlIntEnable                 
00000b81  SysCtlIntDisable                
00000b95  SysCtlIntClear                  
00000ba5  SysCtlIntStatus                 
00000bc1  SysCtlLDOSleepSet               
00000bd1  SysCtlLDOSleepGet               
00000bd7  SysCtlLDODeepSleepSet           
00000be7  SysCtlLDODeepSleepGet           
00000bed  SysCtlSleepPowerSet             
00000c01  SysCtlDeepSleepPowerSet         
00000c11  SysCtlReset                     
00000c19  SysCtlSleep                     
00000c21  SysCtlDeepSleep                 
00000c3d  SysCtlResetCauseGet             
00000c43  SysCtlResetCauseClear           
00000c57  SysCtlMOSCConfigSet             
00000c6d  SysCtlPIOSCCalibrate            
00000cbd  SysCtlResetBehaviorSet          
00000ccd  SysCtlResetBehaviorGet          
00000d1d  SysCtlClockFreqSet              
00001015  SysCtlClockSet                  
000011e5  SysCtlClockGet                  
0000138b  SysCtlDeepSleepClockSet         
000013a9  SysCtlDeepSleepClockConfigSet   
00001433  SysCtlPWMClockSet               
0000144d  SysCtlPWMClockGet               
00001463  SysCtlGPIOAHBEnable             
0000147f  SysCtlGPIOAHBDisable            
0000149b  SysCtlUSBPLLEnable              
000014a7  SysCtlUSBPLLDisable             
000014b9  SysCtlVoltageEventConfig        
000014c9  SysCtlVoltageEventStatus        
000014d5  SysCtlVoltageEventClear         
000014ed  SysCtlVCOGet                    
000015a9  SysCtlNMIStatus                 
000015bd  SysCtlNMIClear                  
000015d9  SysCtlClockOutConfig            
000015f5  SysCtlAltClkConfig              
00001689  TimerEnable                     
000016a7  TimerDisable                    
000016c9  TimerConfigure                  
00001749  TimerControlLevel               
00001770  __STACK_SIZE                    
0000178d  TimerControlTrigger             
00001801  TimerControlEvent               
0000182b  TimerControlStall               
0000186d  TimerControlWaitOnTrigger       
000018d1  TimerRTCEnable                  
000018f1  TimerRTCDisable                 
00001907  TimerClockSourceSet             
0000191b  TimerClockSourceGet             
0000192b  TimerPrescaleSet                
00001955  TimerPrescaleGet                
00001971  TimerPrescaleMatchSet           
000019a9  TimerPrescaleMatchGet           
000019c5  TimerLoadSet                    
000019ef  TimerLoadGet                    
00001a0b  TimerLoadSet64                  
00001a25  TimerLoadGet64                  
00001a57  TimerValueGet                   
00001a73  TimerValueGet64                 
00001aa5  TimerMatchSet                   
00001acf  TimerMatchGet                   
00001aeb  TimerMatchSet64                 
00001b05  TimerMatchGet64                 
00001b37  TimerIntRegister                
00001b5f  TimerIntUnregister              
00001b7d  TimerIntEnable                  
00001b95  TimerIntDisable                 
00001bad  TimerIntStatus                  
00001bcb  TimerIntClear                   
00001bdd  TimerSynchronize                
00001bef  TimerADCEventSet                
00001c01  TimerADCEventGet                
00001c0f  TimerDMAEventSet                
00001c21  TimerDMAEventGet                
00001c2f  TimerUpdateMode                 
00001c83  uDMAEnable                      
00001c8b  uDMADisable                     
00001c93  uDMAErrorStatusGet              
00001c99  uDMAErrorStatusClear            
00001ca1  uDMAChannelEnable               
00001cb9  uDMAChannelDisable              
00001cd1  uDMAChannelIsEnabled            
00001cf9  uDMAControlBaseSet              
00001d09  uDMAControlBaseGet              
00001d0f  uDMAControlAlternateBaseGet     
00001d15  uDMAChannelRequest              
00001d2d  uDMAChannelAttributeEnable      
00001d81  uDMAChannelAttributeDisable     
00001dd5  uDMAChannelAttributeGet         
00001e45  uDMAChannelControlSet           
00001e85  uDMAChannelTransferSet          
00001f7d  uDMAChannelScatterGatherSet     
00002009  uDMAChannelSizeGet              
00002051  uDMAChannelModeGet              
00002097  uDMAIntRegister                 
000020ad  uDMAIntUnregister               
000020bf  uDMAIntStatus                   
000020c5  uDMAIntClear                    
000020d9  uDMAChannelAssign               
00002121  uDMAChannelSelectSecondary      
00002135  uDMAChannelSelectDefault        
000021ab  GPIODirModeSet                  
00002207  GPIODirModeGet                  
0000225d  GPIOIntTypeSet                  
00002301  GPIOIntTypeGet                  
000023a1  GPIOPadConfigSet                
000025db  GPIOPadConfigGet                
0000272d  GPIOIntEnable                   
00002747  GPIOIntDisable                  
00002761  GPIOIntStatus                   
00002783  GPIOIntClear                    
00002797  GPIOIntRegister                 
000027b5  GPIOIntUnregister               
000027cf  GPIOIntRegisterPin              
000027fd  GPIOIntUnregisterPin            
00002821  GPIOPinRead                     
00002839  GPIOPinWrite                    
00002859  GPIOPinTypeADC                  
0000287d  GPIOPinTypeCAN                  
000028a1  GPIOPinTypeComparator           
000028c5  GPIOPinTypeComparatorOutput     
000028e9  GPIOPinTypeDIVSCLK              
0000290d  GPIOPinTypeEPI                  
00002931  GPIOPinTypeEthernetLED          
00002955  GPIOPinTypeEthernetMII          
00002979  GPIOPinTypeGPIOInput            
0000299d  GPIOPinTypeGPIOOutput           
000029c1  GPIOPinTypeGPIOOutputOD         
000029e5  GPIOPinTypeHibernateRTCCLK      
00002a09  GPIOPinTypeI2C                  
00002a2d  GPIOPinTypeI2CSCL               
00002a51  GPIOPinTypeLCD                  
00002a75  GPIOPinTypeOneWire              
00002a99  GPIOPinTypePWM                  
00002abd  GPIOPinTypeQEI                  
00002ae1  GPIOPinTypeSSI                  
00002b05  GPIOPinTypeTimer                
00002b29  GPIOPinTypeTrace                
00002b4d  GPIOPinTypeUART                 
00002b71  GPIOPinTypeUSBAnalog            
00002b95  GPIOPinTypeUSBDigital           
00002bb9  GPIOPinTypeWakeHigh             
00002bdf  GPIOPinTypeWakeLow              
00002c05  GPIOPinWakeStatus               
00002c15  GPIOPinConfigure                
00002c73  GPIODMATriggerEnable            
00002c91  GPIODMATriggerDisable           
00002caf  GPIOADCTriggerEnable            
00002ccd  GPIOADCTriggerDisable           
00002ceb  SysTickInt                      
00002d0d  TimerBegin                      
00002d71  __TI_printfi                    
000037cf  __aeabi_idiv0                   
000037cf  __aeabi_ldiv0                   
000037d1  __kernel_rem_pio2               
00003f09  cos                             
00003f09  cosl                            
000044e5  sin                             
000044e5  sinl                            
00004aa9  Time                            
00004afd  Latitude                        
00004bb5  Longitude                       
00004c77  Altitude                        
00004c8d  GroundSpeed                     
00004cab  Bearing                         
00004e47  hav                             
00004e91  HaversineFormula                
00004ffd  main                            
00005489  strtod                          
00005489  strtold                         
000058e9  asin                            
000058e9  asinl                           
00005cc1  UART0IntHandler                 
00005d15  UART2IntHandler                 
00005ea9  UART0Send                       
00005ed1  UART2Send                       
00005ef9  UARTsetup                       
00005fe9  atan                            
00005fe9  atanl                           
00006545  fmod                            
00006545  fmodl                           
0000677d  atan2                           
0000677d  atan2l                          
00006b39  __aeabi_dsub                    
00006b43  __aeabi_dadd                    
00006cf1  __kernel_sin                    
00006e65  __kernel_cos                    
00006fd1  sqrt                            
00006fd1  sqrtl                           
00007265  __aeabi_ddiv                    
000074bd  ldexp                           
000074bd  ldexpl                          
000074bd  scalbn                          
000074bd  scalbnl                         
000075cd  __aeabi_dmul                    
000076c9  floor                           
000076c9  floorl                          
00007873  __aeabi_memcpy                  
00007873  __aeabi_memcpy4                 
00007873  __aeabi_memcpy8                 
00007873  memcpy                          
0000790f  __aeabi_uldivmod                
000079a5  __aeabi_cdcmpeq                 
000079a5  __aeabi_cdcmple                 
00007a2b  __aeabi_cdrcmple                
00007ab1  __aeabi_memclr                  
00007ab1  __aeabi_memclr4                 
00007ab1  __aeabi_memclr8                 
00007ab3  __aeabi_memset                  
00007ab3  __aeabi_memset4                 
00007ab3  __aeabi_memset8                 
00007ab9  memset                          
00007b99  __TI_decompress_lzss            
00007c01  frexp                           
00007c01  frexpl                          
00007cbb  ltoa                            
00007d61  atoi                            
00007dad  __aeabi_d2iz                    
00007df5  UARTConfigSetExpClk             
00007e3d  __TI_auto_init_nobinit_nopinit  
00007e81  sprintf                         
00007f01  _c_int00_noargs                 
00007f39  strstr                          
00007f6d  __aeabi_i2d                     
00007f9d  UARTDisable                     
00007fbd  memccpy                         
00007ff1  strchr                          
00008007  UARTEnable                      
0000801b  copysign                        
0000801b  copysignl                       
0000802f  strlen                          
00008043  atof                            
00008055  __TI_zero_init_nomemset         
00008067  wcslen                          
00008079  FPUEnable                       
00008089  FPULazyStackingEnable           
00008099  UARTCharGetNonBlocking          
000080a7  UARTCharPutNonBlocking          
000080b5  UARTCharsAvail                  
000080c3  __TI_decompress_none            
000080d1  CPUcpsid                        
000080dd  CPUcpsie                        
000080e9  ResetISR                        
000080f5  CPUbasepriGet                   
000080ff  UARTCharPut                     
00008109  UARTIntStatus                   
0000811d  UARTIntEnable                   
00008125  __aeabi_errno_addr              
0000812d  CPUbasepriSet                   
00008133  SysCtlDelay                     
00008139  CPUwfi                          
0000813d  UARTIntClear                    
00008141  _system_pre_init                
00008145  C$$EXIT                         
00008145  abort                           
00008450  _ctypes_                        
00008b48  __TI_Handler_Table_Base         
00008b54  __TI_Handler_Table_Limit        
00008b70  __TI_CINIT_Base                 
00008b88  __TI_CINIT_Limit                
20000000  g_pfnRAMVectors                 
20000270  __stack                         
20000470  __STACK_TOP                     
200019e0  __STACK_END                     
200019e0  data                            
20001b18  time                            
20001b20  latitude                        
20001b28  longitude                       
20001b30  altitude                        
20001b38  groundspeed                     
20001b40  distance                        
20001b48  bearing                         
20001b50  vN                              
20001b58  vE                              
20001b60  vD                              
20001b68  dN                              
20001b70  dE                              
20001b78  dD                              
20001b80  errno                           
20001b84  millis                          
ffffffff  __TI_pprof_out_hndl             
ffffffff  __TI_prof_data_size             
ffffffff  __TI_prof_data_start            
ffffffff  __binit__                       
ffffffff  __c_args__                      
ffffffff  binit                           
UNDEFED   __mpu_init                      
UNDEFED   _system_post_cinit              

[334 symbols]
