<?xml version="1.0" encoding="ISO-8859-1" ?>
<link_info>
   <banner>TI ARM Linker Unix v18.1.3.LTS</banner>
   <copyright>Copyright (c) 1996-2017 Texas Instruments Incorporated</copyright>
   <link_time>0x5d03efa7</link_time>
   <link_errors>0x0</link_errors>
   <output_file>GPS.out</output_file>
   <entry_point>
      <name>_c_int00_noargs</name>
      <address>0x7f01</address>
   </entry_point>
   <input_file_list>
      <input_file id="fl-1">
         <path>./</path>
         <kind>object</kind>
         <file>gps.obj</file>
         <name>gps.obj</name>
      </input_file>
      <input_file id="fl-2">
         <path>./</path>
         <kind>object</kind>
         <file>main.obj</file>
         <name>main.obj</name>
      </input_file>
      <input_file id="fl-3">
         <path>./</path>
         <kind>object</kind>
         <file>timer.obj</file>
         <name>timer.obj</name>
      </input_file>
      <input_file id="fl-4">
         <path>./</path>
         <kind>object</kind>
         <file>tm4c123gh6pm_startup_ccs.obj</file>
         <name>tm4c123gh6pm_startup_ccs.obj</name>
      </input_file>
      <input_file id="fl-5">
         <path>./</path>
         <kind>object</kind>
         <file>uartout.obj</file>
         <name>uartout.obj</name>
      </input_file>
      <input_file id="fl-6">
         <path>./</path>
         <kind>object</kind>
         <file>uartstdio.obj</file>
         <name>uartstdio.obj</name>
      </input_file>
      <input_file id="fl-d">
         <kind>object</kind>
         <file>&lt;internal&gt;</file>
         <name>&lt;internal&gt;</name>
      </input_file>
      <input_file id="fl-e">
         <path>/home/mairon/ti/TivaWare_C_Series/driverlib/ccs/Debug/</path>
         <kind>archive</kind>
         <file>driverlib.lib</file>
         <name>cpu.obj</name>
      </input_file>
      <input_file id="fl-f">
         <path>/home/mairon/ti/TivaWare_C_Series/driverlib/ccs/Debug/</path>
         <kind>archive</kind>
         <file>driverlib.lib</file>
         <name>fpu.obj</name>
      </input_file>
      <input_file id="fl-10">
         <path>/home/mairon/ti/TivaWare_C_Series/driverlib/ccs/Debug/</path>
         <kind>archive</kind>
         <file>driverlib.lib</file>
         <name>uart.obj</name>
      </input_file>
      <input_file id="fl-c6">
         <path>/home/mairon/ti/ccsv8/tools/compiler/ti-cgt-arm_18.1.3.LTS/lib/</path>
         <kind>archive</kind>
         <file>rtsv7M4_T_le_v4SPD16_eabi.lib</file>
         <name>e_asin.c.obj</name>
      </input_file>
      <input_file id="fl-c7">
         <path>/home/mairon/ti/ccsv8/tools/compiler/ti-cgt-arm_18.1.3.LTS/lib/</path>
         <kind>archive</kind>
         <file>rtsv7M4_T_le_v4SPD16_eabi.lib</file>
         <name>e_atan2.c.obj</name>
      </input_file>
      <input_file id="fl-c8">
         <path>/home/mairon/ti/ccsv8/tools/compiler/ti-cgt-arm_18.1.3.LTS/lib/</path>
         <kind>archive</kind>
         <file>rtsv7M4_T_le_v4SPD16_eabi.lib</file>
         <name>e_fmod.c.obj</name>
      </input_file>
      <input_file id="fl-c9">
         <path>/home/mairon/ti/ccsv8/tools/compiler/ti-cgt-arm_18.1.3.LTS/lib/</path>
         <kind>archive</kind>
         <file>rtsv7M4_T_le_v4SPD16_eabi.lib</file>
         <name>e_sqrt.c.obj</name>
      </input_file>
      <input_file id="fl-ca">
         <path>/home/mairon/ti/ccsv8/tools/compiler/ti-cgt-arm_18.1.3.LTS/lib/</path>
         <kind>archive</kind>
         <file>rtsv7M4_T_le_v4SPD16_eabi.lib</file>
         <name>s_atan.c.obj</name>
      </input_file>
      <input_file id="fl-cb">
         <path>/home/mairon/ti/ccsv8/tools/compiler/ti-cgt-arm_18.1.3.LTS/lib/</path>
         <kind>archive</kind>
         <file>rtsv7M4_T_le_v4SPD16_eabi.lib</file>
         <name>s_cos.c.obj</name>
      </input_file>
      <input_file id="fl-cc">
         <path>/home/mairon/ti/ccsv8/tools/compiler/ti-cgt-arm_18.1.3.LTS/lib/</path>
         <kind>archive</kind>
         <file>rtsv7M4_T_le_v4SPD16_eabi.lib</file>
         <name>s_sin.c.obj</name>
      </input_file>
      <input_file id="fl-cd">
         <path>/home/mairon/ti/ccsv8/tools/compiler/ti-cgt-arm_18.1.3.LTS/lib/</path>
         <kind>archive</kind>
         <file>rtsv7M4_T_le_v4SPD16_eabi.lib</file>
         <name>u_divt2.asm.obj</name>
      </input_file>
      <input_file id="fl-ce">
         <path>/home/mairon/ti/ccsv8/tools/compiler/ti-cgt-arm_18.1.3.LTS/lib/</path>
         <kind>archive</kind>
         <file>rtsv7M4_T_le_v4SPD16_eabi.lib</file>
         <name>fd_add_t2.asm.obj</name>
      </input_file>
      <input_file id="fl-cf">
         <path>/home/mairon/ti/ccsv8/tools/compiler/ti-cgt-arm_18.1.3.LTS/lib/</path>
         <kind>archive</kind>
         <file>rtsv7M4_T_le_v4SPD16_eabi.lib</file>
         <name>fd_cmp_t2.asm.obj</name>
      </input_file>
      <input_file id="fl-d0">
         <path>/home/mairon/ti/ccsv8/tools/compiler/ti-cgt-arm_18.1.3.LTS/lib/</path>
         <kind>archive</kind>
         <file>rtsv7M4_T_le_v4SPD16_eabi.lib</file>
         <name>fd_div_t2.asm.obj</name>
      </input_file>
      <input_file id="fl-d1">
         <path>/home/mairon/ti/ccsv8/tools/compiler/ti-cgt-arm_18.1.3.LTS/lib/</path>
         <kind>archive</kind>
         <file>rtsv7M4_T_le_v4SPD16_eabi.lib</file>
         <name>fd_mul_t2.asm.obj</name>
      </input_file>
      <input_file id="fl-d2">
         <path>/home/mairon/ti/ccsv8/tools/compiler/ti-cgt-arm_18.1.3.LTS/lib/</path>
         <kind>archive</kind>
         <file>rtsv7M4_T_le_v4SPD16_eabi.lib</file>
         <name>fd_toi_t2.asm.obj</name>
      </input_file>
      <input_file id="fl-d3">
         <path>/home/mairon/ti/ccsv8/tools/compiler/ti-cgt-arm_18.1.3.LTS/lib/</path>
         <kind>archive</kind>
         <file>rtsv7M4_T_le_v4SPD16_eabi.lib</file>
         <name>i_tofd_t2.asm.obj</name>
      </input_file>
      <input_file id="fl-d4">
         <path>/home/mairon/ti/ccsv8/tools/compiler/ti-cgt-arm_18.1.3.LTS/lib/</path>
         <kind>archive</kind>
         <file>rtsv7M4_T_le_v4SPD16_eabi.lib</file>
         <name>copy_zero_init.c.obj</name>
      </input_file>
      <input_file id="fl-d5">
         <path>/home/mairon/ti/ccsv8/tools/compiler/ti-cgt-arm_18.1.3.LTS/lib/</path>
         <kind>archive</kind>
         <file>rtsv7M4_T_le_v4SPD16_eabi.lib</file>
         <name>copy_decompress_none.c.obj</name>
      </input_file>
      <input_file id="fl-d6">
         <path>/home/mairon/ti/ccsv8/tools/compiler/ti-cgt-arm_18.1.3.LTS/lib/</path>
         <kind>archive</kind>
         <file>rtsv7M4_T_le_v4SPD16_eabi.lib</file>
         <name>copy_decompress_lzss.c.obj</name>
      </input_file>
      <input_file id="fl-d7">
         <path>/home/mairon/ti/ccsv8/tools/compiler/ti-cgt-arm_18.1.3.LTS/lib/</path>
         <kind>archive</kind>
         <file>rtsv7M4_T_le_v4SPD16_eabi.lib</file>
         <name>atof.c.obj</name>
      </input_file>
      <input_file id="fl-d8">
         <path>/home/mairon/ti/ccsv8/tools/compiler/ti-cgt-arm_18.1.3.LTS/lib/</path>
         <kind>archive</kind>
         <file>rtsv7M4_T_le_v4SPD16_eabi.lib</file>
         <name>atoi.c.obj</name>
      </input_file>
      <input_file id="fl-d9">
         <path>/home/mairon/ti/ccsv8/tools/compiler/ti-cgt-arm_18.1.3.LTS/lib/</path>
         <kind>archive</kind>
         <file>rtsv7M4_T_le_v4SPD16_eabi.lib</file>
         <name>ctype.c.obj</name>
      </input_file>
      <input_file id="fl-da">
         <path>/home/mairon/ti/ccsv8/tools/compiler/ti-cgt-arm_18.1.3.LTS/lib/</path>
         <kind>archive</kind>
         <file>rtsv7M4_T_le_v4SPD16_eabi.lib</file>
         <name>sprintf.c.obj</name>
      </input_file>
      <input_file id="fl-db">
         <path>/home/mairon/ti/ccsv8/tools/compiler/ti-cgt-arm_18.1.3.LTS/lib/</path>
         <kind>archive</kind>
         <file>rtsv7M4_T_le_v4SPD16_eabi.lib</file>
         <name>strstr.c.obj</name>
      </input_file>
      <input_file id="fl-dc">
         <path>/home/mairon/ti/ccsv8/tools/compiler/ti-cgt-arm_18.1.3.LTS/lib/</path>
         <kind>archive</kind>
         <file>rtsv7M4_T_le_v4SPD16_eabi.lib</file>
         <name>strtod.c.obj</name>
      </input_file>
      <input_file id="fl-dd">
         <path>/home/mairon/ti/ccsv8/tools/compiler/ti-cgt-arm_18.1.3.LTS/lib/</path>
         <kind>archive</kind>
         <file>rtsv7M4_T_le_v4SPD16_eabi.lib</file>
         <name>errno.c.obj</name>
      </input_file>
      <input_file id="fl-de">
         <path>/home/mairon/ti/ccsv8/tools/compiler/ti-cgt-arm_18.1.3.LTS/lib/</path>
         <kind>archive</kind>
         <file>rtsv7M4_T_le_v4SPD16_eabi.lib</file>
         <name>boot_cortex_m.c.obj</name>
      </input_file>
      <input_file id="fl-df">
         <path>/home/mairon/ti/ccsv8/tools/compiler/ti-cgt-arm_18.1.3.LTS/lib/</path>
         <kind>archive</kind>
         <file>rtsv7M4_T_le_v4SPD16_eabi.lib</file>
         <name>k_rem_pio2.c.obj</name>
      </input_file>
      <input_file id="fl-e0">
         <path>/home/mairon/ti/ccsv8/tools/compiler/ti-cgt-arm_18.1.3.LTS/lib/</path>
         <kind>archive</kind>
         <file>rtsv7M4_T_le_v4SPD16_eabi.lib</file>
         <name>k_cos.c.obj</name>
      </input_file>
      <input_file id="fl-e1">
         <path>/home/mairon/ti/ccsv8/tools/compiler/ti-cgt-arm_18.1.3.LTS/lib/</path>
         <kind>archive</kind>
         <file>rtsv7M4_T_le_v4SPD16_eabi.lib</file>
         <name>k_sin.c.obj</name>
      </input_file>
      <input_file id="fl-e2">
         <path>/home/mairon/ti/ccsv8/tools/compiler/ti-cgt-arm_18.1.3.LTS/lib/</path>
         <kind>archive</kind>
         <file>rtsv7M4_T_le_v4SPD16_eabi.lib</file>
         <name>s_floor.c.obj</name>
      </input_file>
      <input_file id="fl-e3">
         <path>/home/mairon/ti/ccsv8/tools/compiler/ti-cgt-arm_18.1.3.LTS/lib/</path>
         <kind>archive</kind>
         <file>rtsv7M4_T_le_v4SPD16_eabi.lib</file>
         <name>s_scalbn.c.obj</name>
      </input_file>
      <input_file id="fl-e4">
         <path>/home/mairon/ti/ccsv8/tools/compiler/ti-cgt-arm_18.1.3.LTS/lib/</path>
         <kind>archive</kind>
         <file>rtsv7M4_T_le_v4SPD16_eabi.lib</file>
         <name>s_copysign.c.obj</name>
      </input_file>
      <input_file id="fl-e5">
         <path>/home/mairon/ti/ccsv8/tools/compiler/ti-cgt-arm_18.1.3.LTS/lib/</path>
         <kind>archive</kind>
         <file>rtsv7M4_T_le_v4SPD16_eabi.lib</file>
         <name>div0.asm.obj</name>
      </input_file>
      <input_file id="fl-e6">
         <path>/home/mairon/ti/ccsv8/tools/compiler/ti-cgt-arm_18.1.3.LTS/lib/</path>
         <kind>archive</kind>
         <file>rtsv7M4_T_le_v4SPD16_eabi.lib</file>
         <name>memset_t2.asm.obj</name>
      </input_file>
      <input_file id="fl-e7">
         <path>/home/mairon/ti/ccsv8/tools/compiler/ti-cgt-arm_18.1.3.LTS/lib/</path>
         <kind>archive</kind>
         <file>rtsv7M4_T_le_v4SPD16_eabi.lib</file>
         <name>memcpy_t2.asm.obj</name>
      </input_file>
      <input_file id="fl-e8">
         <path>/home/mairon/ti/ccsv8/tools/compiler/ti-cgt-arm_18.1.3.LTS/lib/</path>
         <kind>archive</kind>
         <file>rtsv7M4_T_le_v4SPD16_eabi.lib</file>
         <name>autoinit.c.obj</name>
      </input_file>
      <input_file id="fl-e9">
         <path>/home/mairon/ti/ccsv8/tools/compiler/ti-cgt-arm_18.1.3.LTS/lib/</path>
         <kind>archive</kind>
         <file>rtsv7M4_T_le_v4SPD16_eabi.lib</file>
         <name>pre_init.c.obj</name>
      </input_file>
      <input_file id="fl-ea">
         <path>/home/mairon/ti/ccsv8/tools/compiler/ti-cgt-arm_18.1.3.LTS/lib/</path>
         <kind>archive</kind>
         <file>rtsv7M4_T_le_v4SPD16_eabi.lib</file>
         <name>cpy_tbl.c.obj</name>
      </input_file>
      <input_file id="fl-eb">
         <path>/home/mairon/ti/ccsv8/tools/compiler/ti-cgt-arm_18.1.3.LTS/lib/</path>
         <kind>archive</kind>
         <file>rtsv7M4_T_le_v4SPD16_eabi.lib</file>
         <name>exit.c.obj</name>
      </input_file>
      <input_file id="fl-ec">
         <path>/home/mairon/ti/ccsv8/tools/compiler/ti-cgt-arm_18.1.3.LTS/lib/</path>
         <kind>archive</kind>
         <file>rtsv7M4_T_le_v4SPD16_eabi.lib</file>
         <name>_lock.c.obj</name>
      </input_file>
      <input_file id="fl-ed">
         <path>/home/mairon/ti/ccsv8/tools/compiler/ti-cgt-arm_18.1.3.LTS/lib/</path>
         <kind>archive</kind>
         <file>rtsv7M4_T_le_v4SPD16_eabi.lib</file>
         <name>_printfi.c.obj</name>
      </input_file>
      <input_file id="fl-ee">
         <path>/home/mairon/ti/ccsv8/tools/compiler/ti-cgt-arm_18.1.3.LTS/lib/</path>
         <kind>archive</kind>
         <file>rtsv7M4_T_le_v4SPD16_eabi.lib</file>
         <name>args_main.c.obj</name>
      </input_file>
      <input_file id="fl-ef">
         <path>/home/mairon/ti/ccsv8/tools/compiler/ti-cgt-arm_18.1.3.LTS/lib/</path>
         <kind>archive</kind>
         <file>rtsv7M4_T_le_v4SPD16_eabi.lib</file>
         <name>ltoa.c.obj</name>
      </input_file>
      <input_file id="fl-f0">
         <path>/home/mairon/ti/ccsv8/tools/compiler/ti-cgt-arm_18.1.3.LTS/lib/</path>
         <kind>archive</kind>
         <file>rtsv7M4_T_le_v4SPD16_eabi.lib</file>
         <name>memccpy.c.obj</name>
      </input_file>
      <input_file id="fl-f1">
         <path>/home/mairon/ti/ccsv8/tools/compiler/ti-cgt-arm_18.1.3.LTS/lib/</path>
         <kind>archive</kind>
         <file>rtsv7M4_T_le_v4SPD16_eabi.lib</file>
         <name>strchr.c.obj</name>
      </input_file>
      <input_file id="fl-f2">
         <path>/home/mairon/ti/ccsv8/tools/compiler/ti-cgt-arm_18.1.3.LTS/lib/</path>
         <kind>archive</kind>
         <file>rtsv7M4_T_le_v4SPD16_eabi.lib</file>
         <name>strlen.c.obj</name>
      </input_file>
      <input_file id="fl-f3">
         <path>/home/mairon/ti/ccsv8/tools/compiler/ti-cgt-arm_18.1.3.LTS/lib/</path>
         <kind>archive</kind>
         <file>rtsv7M4_T_le_v4SPD16_eabi.lib</file>
         <name>s_frexp.c.obj</name>
      </input_file>
      <input_file id="fl-f4">
         <path>/home/mairon/ti/ccsv8/tools/compiler/ti-cgt-arm_18.1.3.LTS/lib/</path>
         <kind>archive</kind>
         <file>rtsv7M4_T_le_v4SPD16_eabi.lib</file>
         <name>wcslen.c.obj</name>
      </input_file>
      <input_file id="fl-f5">
         <path>/home/mairon/ti/ccsv8/tools/compiler/ti-cgt-arm_18.1.3.LTS/lib/</path>
         <kind>archive</kind>
         <file>rtsv7M4_T_le_v4SPD16_eabi.lib</file>
         <name>ull_div_t2.asm.obj</name>
      </input_file>
   </input_file_list>
   <object_component_list>
      <object_component id="oc-f">
         <name>.intvecs</name>
         <load_address>0x0</load_address>
         <run_address>0x0</run_address>
         <size>0x26c</size>
         <input_file_ref idref="fl-4"/>
      </object_component>
      <object_component id="oc-89">
         <name>.text</name>
         <load_address>0x26c</load_address>
         <run_address>0x26c</run_address>
         <size>0x2b04</size>
         <input_file_ref idref="fl-3"/>
      </object_component>
      <object_component id="oc-296">
         <name>.text:__TI_printfi</name>
         <load_address>0x2d70</load_address>
         <run_address>0x2d70</run_address>
         <size>0xa5e</size>
         <input_file_ref idref="fl-ed"/>
      </object_component>
      <object_component id="oc-423">
         <name>.text</name>
         <load_address>0x37ce</load_address>
         <run_address>0x37ce</run_address>
         <size>0x2</size>
         <input_file_ref idref="fl-e5"/>
      </object_component>
      <object_component id="oc-27d">
         <name>.text:__kernel_rem_pio2</name>
         <load_address>0x37d0</load_address>
         <run_address>0x37d0</run_address>
         <size>0x738</size>
         <input_file_ref idref="fl-df"/>
      </object_component>
      <object_component id="oc-1ba">
         <name>.text:cos</name>
         <load_address>0x3f08</load_address>
         <run_address>0x3f08</run_address>
         <size>0x5dc</size>
         <input_file_ref idref="fl-cb"/>
      </object_component>
      <object_component id="oc-1c0">
         <name>.text:sin</name>
         <load_address>0x44e4</load_address>
         <run_address>0x44e4</run_address>
         <size>0x5c4</size>
         <input_file_ref idref="fl-cc"/>
      </object_component>
      <object_component id="oc-191">
         <name>.text</name>
         <load_address>0x4aa8</load_address>
         <run_address>0x4aa8</run_address>
         <size>0x554</size>
         <input_file_ref idref="fl-1"/>
      </object_component>
      <object_component id="oc-e6">
         <name>.text</name>
         <load_address>0x4ffc</load_address>
         <run_address>0x4ffc</run_address>
         <size>0x48c</size>
         <input_file_ref idref="fl-2"/>
      </object_component>
      <object_component id="oc-2d4">
         <name>.text:strtod</name>
         <load_address>0x5488</load_address>
         <run_address>0x5488</run_address>
         <size>0x460</size>
         <input_file_ref idref="fl-dc"/>
      </object_component>
      <object_component id="oc-269">
         <name>.text:asin</name>
         <load_address>0x58e8</load_address>
         <run_address>0x58e8</run_address>
         <size>0x3d8</size>
         <input_file_ref idref="fl-c6"/>
      </object_component>
      <object_component id="oc-2a">
         <name>.text</name>
         <load_address>0x5cc0</load_address>
         <run_address>0x5cc0</run_address>
         <size>0x328</size>
         <input_file_ref idref="fl-5"/>
      </object_component>
      <object_component id="oc-2dc">
         <name>.text:atan</name>
         <load_address>0x5fe8</load_address>
         <run_address>0x5fe8</run_address>
         <size>0x2ec</size>
         <input_file_ref idref="fl-ca"/>
      </object_component>
      <object_component id="oc-335">
         <name>.text:_pconv_a</name>
         <load_address>0x62d4</load_address>
         <run_address>0x62d4</run_address>
         <size>0x270</size>
         <input_file_ref idref="fl-ed"/>
      </object_component>
      <object_component id="oc-25d">
         <name>.text:fmod</name>
         <load_address>0x6544</load_address>
         <run_address>0x6544</run_address>
         <size>0x238</size>
         <input_file_ref idref="fl-c8"/>
      </object_component>
      <object_component id="oc-257">
         <name>.text:atan2</name>
         <load_address>0x677c</load_address>
         <run_address>0x677c</run_address>
         <size>0x1ec</size>
         <input_file_ref idref="fl-c7"/>
      </object_component>
      <object_component id="oc-323">
         <name>.text:_pconv_g</name>
         <load_address>0x6968</load_address>
         <run_address>0x6968</run_address>
         <size>0x1d0</size>
         <input_file_ref idref="fl-ed"/>
      </object_component>
      <object_component id="oc-1ab">
         <name>.text</name>
         <load_address>0x6b38</load_address>
         <run_address>0x6b38</run_address>
         <size>0x1b6</size>
         <input_file_ref idref="fl-ce"/>
      </object_component>
      <object_component id="oc-283">
         <name>.text:__kernel_sin</name>
         <load_address>0x6cf0</load_address>
         <run_address>0x6cf0</run_address>
         <size>0x174</size>
         <input_file_ref idref="fl-e1"/>
      </object_component>
      <object_component id="oc-277">
         <name>.text:__kernel_cos</name>
         <load_address>0x6e64</load_address>
         <run_address>0x6e64</run_address>
         <size>0x16c</size>
         <input_file_ref idref="fl-e0"/>
      </object_component>
      <object_component id="oc-263">
         <name>.text:sqrt</name>
         <load_address>0x6fd0</load_address>
         <run_address>0x6fd0</run_address>
         <size>0x158</size>
         <input_file_ref idref="fl-c9"/>
      </object_component>
      <object_component id="oc-32f">
         <name>.text:_pconv_e</name>
         <load_address>0x7128</load_address>
         <run_address>0x7128</run_address>
         <size>0x13c</size>
         <input_file_ref idref="fl-ed"/>
      </object_component>
      <object_component id="oc-1b5">
         <name>.text</name>
         <load_address>0x7264</load_address>
         <run_address>0x7264</run_address>
         <size>0x136</size>
         <input_file_ref idref="fl-d0"/>
      </object_component>
      <object_component id="oc-3ca">
         <name>.text:fcvt</name>
         <load_address>0x739c</load_address>
         <run_address>0x739c</run_address>
         <size>0x120</size>
         <input_file_ref idref="fl-ed"/>
      </object_component>
      <object_component id="oc-2f5">
         <name>.text:scalbn</name>
         <load_address>0x74bc</load_address>
         <run_address>0x74bc</run_address>
         <size>0x110</size>
         <input_file_ref idref="fl-e3"/>
      </object_component>
      <object_component id="oc-1b0">
         <name>.text</name>
         <load_address>0x75cc</load_address>
         <run_address>0x75cc</run_address>
         <size>0xfc</size>
         <input_file_ref idref="fl-d1"/>
      </object_component>
      <object_component id="oc-2fb">
         <name>.text:floor</name>
         <load_address>0x76c8</load_address>
         <run_address>0x76c8</run_address>
         <size>0xf8</size>
         <input_file_ref idref="fl-e2"/>
      </object_component>
      <object_component id="oc-31d">
         <name>.text:_ltostr</name>
         <load_address>0x77c0</load_address>
         <run_address>0x77c0</run_address>
         <size>0xb1</size>
         <input_file_ref idref="fl-ed"/>
      </object_component>
      <object_component id="oc-3e">
         <name>.text</name>
         <load_address>0x7872</load_address>
         <run_address>0x7872</run_address>
         <size>0x9c</size>
         <input_file_ref idref="fl-e7"/>
      </object_component>
      <object_component id="oc-3b1">
         <name>.text</name>
         <load_address>0x790e</load_address>
         <run_address>0x790e</run_address>
         <size>0x96</size>
         <input_file_ref idref="fl-f5"/>
      </object_component>
      <object_component id="oc-19c">
         <name>.text:__aeabi_cdcmple</name>
         <load_address>0x79a4</load_address>
         <run_address>0x79a4</run_address>
         <size>0x86</size>
         <input_file_ref idref="fl-cf"/>
      </object_component>
      <object_component id="oc-1a6">
         <name>.text:__aeabi_cdrcmple</name>
         <load_address>0x7a2a</load_address>
         <run_address>0x7a2a</run_address>
         <size>0x86</size>
         <input_file_ref idref="fl-cf"/>
      </object_component>
      <object_component id="oc-da">
         <name>.text</name>
         <load_address>0x7ab0</load_address>
         <run_address>0x7ab0</run_address>
         <size>0x7a</size>
         <input_file_ref idref="fl-e6"/>
      </object_component>
      <object_component id="oc-3c3">
         <name>.text:_mcpy</name>
         <load_address>0x7b2a</load_address>
         <run_address>0x7b2a</run_address>
         <size>0x6e</size>
         <input_file_ref idref="fl-ed"/>
      </object_component>
      <object_component id="oc-12">
         <name>.text:decompress:lzss:__TI_decompress_lzss</name>
         <load_address>0x7b98</load_address>
         <run_address>0x7b98</run_address>
         <size>0x68</size>
         <input_file_ref idref="fl-d6"/>
      </object_component>
      <object_component id="oc-3d8">
         <name>.text:frexp</name>
         <load_address>0x7c00</load_address>
         <run_address>0x7c00</run_address>
         <size>0x64</size>
         <input_file_ref idref="fl-f3"/>
      </object_component>
      <object_component id="oc-329">
         <name>.text:_pconv_f</name>
         <load_address>0x7c64</load_address>
         <run_address>0x7c64</run_address>
         <size>0x56</size>
         <input_file_ref idref="fl-ed"/>
      </object_component>
      <object_component id="oc-3b7">
         <name>.text:ltoa</name>
         <load_address>0x7cba</load_address>
         <run_address>0x7cba</run_address>
         <size>0x54</size>
         <input_file_ref idref="fl-ef"/>
      </object_component>
      <object_component id="oc-3bd">
         <name>.text:_ecpy</name>
         <load_address>0x7d0e</load_address>
         <run_address>0x7d0e</run_address>
         <size>0x52</size>
         <input_file_ref idref="fl-ed"/>
      </object_component>
      <object_component id="oc-24b">
         <name>.text:atoi</name>
         <load_address>0x7d60</load_address>
         <run_address>0x7d60</run_address>
         <size>0x4c</size>
         <input_file_ref idref="fl-d8"/>
      </object_component>
      <object_component id="oc-197">
         <name>.text</name>
         <load_address>0x7dac</load_address>
         <run_address>0x7dac</run_address>
         <size>0x48</size>
         <input_file_ref idref="fl-d2"/>
      </object_component>
      <object_component id="oc-a2">
         <name>.text:UARTConfigSetExpClk</name>
         <load_address>0x7df4</load_address>
         <run_address>0x7df4</run_address>
         <size>0x46</size>
         <input_file_ref idref="fl-10"/>
      </object_component>
      <object_component id="oc-1df">
         <name>.text:__TI_auto_init_nobinit_nopinit:__TI_auto_init_nobinit_nopinit</name>
         <load_address>0x7e3c</load_address>
         <run_address>0x7e3c</run_address>
         <size>0x44</size>
         <input_file_ref idref="fl-e8"/>
      </object_component>
      <object_component id="oc-1cc">
         <name>.text:sprintf</name>
         <load_address>0x7e80</load_address>
         <run_address>0x7e80</run_address>
         <size>0x40</size>
         <input_file_ref idref="fl-da"/>
      </object_component>
      <object_component id="oc-3d0">
         <name>.text:_fcpy</name>
         <load_address>0x7ec0</load_address>
         <run_address>0x7ec0</run_address>
         <size>0x3e</size>
         <input_file_ref idref="fl-ed"/>
      </object_component>
      <object_component id="oc-5c">
         <name>.text:_c_int00_noargs:_c_int00_noargs</name>
         <load_address>0x7f00</load_address>
         <run_address>0x7f00</run_address>
         <size>0x38</size>
         <input_file_ref idref="fl-de"/>
      </object_component>
      <object_component id="oc-96">
         <name>.text:strstr</name>
         <load_address>0x7f38</load_address>
         <run_address>0x7f38</run_address>
         <size>0x34</size>
         <input_file_ref idref="fl-db"/>
      </object_component>
      <object_component id="oc-1a1">
         <name>.text</name>
         <load_address>0x7f6c</load_address>
         <run_address>0x7f6c</run_address>
         <size>0x2e</size>
         <input_file_ref idref="fl-d3"/>
      </object_component>
      <object_component id="oc-15e">
         <name>.text:UARTDisable</name>
         <load_address>0x7f9c</load_address>
         <run_address>0x7f9c</run_address>
         <size>0x20</size>
         <input_file_ref idref="fl-10"/>
      </object_component>
      <object_component id="oc-33b">
         <name>.text:memccpy</name>
         <load_address>0x7fbc</load_address>
         <run_address>0x7fbc</run_address>
         <size>0x1c</size>
         <input_file_ref idref="fl-f0"/>
      </object_component>
      <object_component id="oc-29c">
         <name>.text:_outs</name>
         <load_address>0x7fd8</load_address>
         <run_address>0x7fd8</run_address>
         <size>0x18</size>
         <input_file_ref idref="fl-da"/>
      </object_component>
      <object_component id="oc-3de">
         <name>.text:strchr</name>
         <load_address>0x7ff0</load_address>
         <run_address>0x7ff0</run_address>
         <size>0x16</size>
         <input_file_ref idref="fl-f1"/>
      </object_component>
      <object_component id="oc-164">
         <name>.text:UARTEnable</name>
         <load_address>0x8006</load_address>
         <run_address>0x8006</run_address>
         <size>0x14</size>
         <input_file_ref idref="fl-10"/>
      </object_component>
      <object_component id="oc-39a">
         <name>.text:copysign</name>
         <load_address>0x801a</load_address>
         <run_address>0x801a</run_address>
         <size>0x14</size>
         <input_file_ref idref="fl-e4"/>
      </object_component>
      <object_component id="oc-317">
         <name>.text:strlen</name>
         <load_address>0x802e</load_address>
         <run_address>0x802e</run_address>
         <size>0x14</size>
         <input_file_ref idref="fl-f2"/>
      </object_component>
      <object_component id="oc-251">
         <name>.text:atof</name>
         <load_address>0x8042</load_address>
         <run_address>0x8042</run_address>
         <size>0x12</size>
         <input_file_ref idref="fl-d7"/>
      </object_component>
      <object_component id="oc-4a">
         <name>.text:decompress:ZI:__TI_zero_init_nomemset:__TI_zero_init_nomemset</name>
         <load_address>0x8054</load_address>
         <run_address>0x8054</run_address>
         <size>0x12</size>
         <input_file_ref idref="fl-d4"/>
      </object_component>
      <object_component id="oc-341">
         <name>.text:wcslen</name>
         <load_address>0x8066</load_address>
         <run_address>0x8066</run_address>
         <size>0x12</size>
         <input_file_ref idref="fl-f4"/>
      </object_component>
      <object_component id="oc-18b">
         <name>.text:FPUEnable</name>
         <load_address>0x8078</load_address>
         <run_address>0x8078</run_address>
         <size>0x10</size>
         <input_file_ref idref="fl-f"/>
      </object_component>
      <object_component id="oc-185">
         <name>.text:FPULazyStackingEnable</name>
         <load_address>0x8088</load_address>
         <run_address>0x8088</run_address>
         <size>0x10</size>
         <input_file_ref idref="fl-f"/>
      </object_component>
      <object_component id="oc-7d">
         <name>.text:UARTCharGetNonBlocking</name>
         <load_address>0x8098</load_address>
         <run_address>0x8098</run_address>
         <size>0xe</size>
         <input_file_ref idref="fl-10"/>
      </object_component>
      <object_component id="oc-83">
         <name>.text:UARTCharPutNonBlocking</name>
         <load_address>0x80a6</load_address>
         <run_address>0x80a6</run_address>
         <size>0xe</size>
         <input_file_ref idref="fl-10"/>
      </object_component>
      <object_component id="oc-90">
         <name>.text:UARTCharsAvail</name>
         <load_address>0x80b4</load_address>
         <run_address>0x80b4</run_address>
         <size>0xe</size>
         <input_file_ref idref="fl-10"/>
      </object_component>
      <object_component id="oc-18">
         <name>.text:decompress:none:__TI_decompress_none</name>
         <load_address>0x80c2</load_address>
         <run_address>0x80c2</run_address>
         <size>0xe</size>
         <input_file_ref idref="fl-d5"/>
      </object_component>
      <object_component id="oc-108">
         <name>.text:CPUcpsid</name>
         <load_address>0x80d0</load_address>
         <run_address>0x80d0</run_address>
         <size>0xc</size>
         <input_file_ref idref="fl-e"/>
      </object_component>
      <object_component id="oc-102">
         <name>.text:CPUcpsie</name>
         <load_address>0x80dc</load_address>
         <run_address>0x80dc</run_address>
         <size>0xc</size>
         <input_file_ref idref="fl-e"/>
      </object_component>
      <object_component id="oc-24">
         <name>.text</name>
         <load_address>0x80e8</load_address>
         <run_address>0x80e8</run_address>
         <size>0xc</size>
         <input_file_ref idref="fl-4"/>
      </object_component>
      <object_component id="oc-11a">
         <name>.text:CPUbasepriGet</name>
         <load_address>0x80f4</load_address>
         <run_address>0x80f4</run_address>
         <size>0xa</size>
         <input_file_ref idref="fl-e"/>
      </object_component>
      <object_component id="oc-9c">
         <name>.text:UARTCharPut</name>
         <load_address>0x80fe</load_address>
         <run_address>0x80fe</run_address>
         <size>0xa</size>
         <input_file_ref idref="fl-10"/>
      </object_component>
      <object_component id="oc-71">
         <name>.text:UARTIntStatus</name>
         <load_address>0x8108</load_address>
         <run_address>0x8108</run_address>
         <size>0xa</size>
         <input_file_ref idref="fl-10"/>
      </object_component>
      <object_component id="oc-2a2">
         <name>.text:_outc</name>
         <load_address>0x8112</load_address>
         <run_address>0x8112</run_address>
         <size>0xa</size>
         <input_file_ref idref="fl-da"/>
      </object_component>
      <object_component id="oc-a8">
         <name>.text:UARTIntEnable</name>
         <load_address>0x811c</load_address>
         <run_address>0x811c</run_address>
         <size>0x8</size>
         <input_file_ref idref="fl-10"/>
      </object_component>
      <object_component id="oc-2e9">
         <name>.text:__aeabi_errno_addr</name>
         <load_address>0x8124</load_address>
         <run_address>0x8124</run_address>
         <size>0x8</size>
         <input_file_ref idref="fl-dd"/>
      </object_component>
      <object_component id="oc-114">
         <name>.text:CPUbasepriSet</name>
         <load_address>0x812c</load_address>
         <run_address>0x812c</run_address>
         <size>0x6</size>
         <input_file_ref idref="fl-e"/>
      </object_component>
      <object_component id="oc-8f">
         <name>.text:SysCtlDelay</name>
         <load_address>0x8132</load_address>
         <run_address>0x8132</run_address>
         <size>0x6</size>
         <input_file_ref idref="fl-3"/>
      </object_component>
      <object_component id="oc-132">
         <name>.text:CPUwfi</name>
         <load_address>0x8138</load_address>
         <run_address>0x8138</run_address>
         <size>0x4</size>
         <input_file_ref idref="fl-e"/>
      </object_component>
      <object_component id="oc-77">
         <name>.text:UARTIntClear</name>
         <load_address>0x813c</load_address>
         <run_address>0x813c</run_address>
         <size>0x4</size>
         <input_file_ref idref="fl-10"/>
      </object_component>
      <object_component id="oc-e0">
         <name>.text:_system_pre_init</name>
         <load_address>0x8140</load_address>
         <run_address>0x8140</run_address>
         <size>0x4</size>
         <input_file_ref idref="fl-e9"/>
      </object_component>
      <object_component id="oc-1d3">
         <name>.text:abort:abort</name>
         <load_address>0x8144</load_address>
         <run_address>0x8144</run_address>
         <size>0x4</size>
         <input_file_ref idref="fl-eb"/>
      </object_component>
      <object_component id="oc-13e">
         <name>.const:g_pppui32XTALtoVCO</name>
         <load_address>0x8148</load_address>
         <run_address>0x8148</run_address>
         <size>0x1b0</size>
         <input_file_ref idref="fl-3"/>
      </object_component>
      <object_component id="oc-301">
         <name>.const:$O1$$</name>
         <load_address>0x82f8</load_address>
         <run_address>0x82f8</run_address>
         <size>0x158</size>
         <input_file_ref idref="fl-df"/>
      </object_component>
      <object_component id="oc-2cf">
         <name>.const:.string:_ctypes_</name>
         <load_address>0x8450</load_address>
         <run_address>0x8450</run_address>
         <size>0x101</size>
         <input_file_ref idref="fl-d9"/>
      </object_component>
      <object_component id="oc-14a">
         <name>.const:g_ppui32GPIOIntMapSnowflake</name>
         <load_address>0x8554</load_address>
         <run_address>0x8554</run_address>
         <size>0xd8</size>
         <input_file_ref idref="fl-3"/>
      </object_component>
      <object_component id="oc-37d">
         <name>.const:$O1$$</name>
         <load_address>0x8630</load_address>
         <run_address>0x8630</run_address>
         <size>0xc8</size>
         <input_file_ref idref="fl-dc"/>
      </object_component>
      <object_component id="oc-147">
         <name>.const:g_ppui32GPIOIntMapBlizzard</name>
         <load_address>0x86f8</load_address>
         <run_address>0x86f8</run_address>
         <size>0xc0</size>
         <input_file_ref idref="fl-3"/>
      </object_component>
      <object_component id="oc-120">
         <name>.const:g_pui32Regs</name>
         <load_address>0x87b8</load_address>
         <run_address>0x87b8</run_address>
         <size>0x9c</size>
         <input_file_ref idref="fl-3"/>
      </object_component>
      <object_component id="oc-385">
         <name>.const:$O1$$</name>
         <load_address>0x8858</load_address>
         <run_address>0x8858</run_address>
         <size>0x98</size>
         <input_file_ref idref="fl-ca"/>
      </object_component>
      <object_component id="oc-14d">
         <name>.const:g_pui32GPIOBaseAddrs</name>
         <load_address>0x88f0</load_address>
         <run_address>0x88f0</run_address>
         <size>0x90</size>
         <input_file_ref idref="fl-3"/>
      </object_component>
      <object_component id="oc-138">
         <name>.const:g_pui32Xtals</name>
         <load_address>0x8980</load_address>
         <run_address>0x8980</run_address>
         <size>0x6c</size>
         <input_file_ref idref="fl-3"/>
      </object_component>
      <object_component id="oc-141">
         <name>.const:g_ppui32TimerIntMap</name>
         <load_address>0x89ec</load_address>
         <run_address>0x89ec</run_address>
         <size>0x60</size>
         <input_file_ref idref="fl-3"/>
      </object_component>
      <object_component id="oc-144">
         <name>.const:g_ppui32TimerIntMapSnowflake</name>
         <load_address>0x8a4c</load_address>
         <run_address>0x8a4c</run_address>
         <size>0x40</size>
         <input_file_ref idref="fl-3"/>
      </object_component>
      <object_component id="oc-12f">
         <name>.const:g_sXTALtoMEMTIM</name>
         <load_address>0x8a8c</load_address>
         <run_address>0x8a8c</run_address>
         <size>0x30</size>
         <input_file_ref idref="fl-3"/>
      </object_component>
      <object_component id="oc-111">
         <name>.const:g_pui32Priority</name>
         <load_address>0x8abc</load_address>
         <run_address>0x8abc</run_address>
         <size>0x20</size>
         <input_file_ref idref="fl-3"/>
      </object_component>
      <object_component id="oc-126">
         <name>.const:g_pui32Dii16Regs</name>
         <load_address>0x8adc</load_address>
         <run_address>0x8adc</run_address>
         <size>0x14</size>
         <input_file_ref idref="fl-3"/>
      </object_component>
      <object_component id="oc-123">
         <name>.const:g_pui32EnRegs</name>
         <load_address>0x8af0</load_address>
         <run_address>0x8af0</run_address>
         <size>0x14</size>
         <input_file_ref idref="fl-3"/>
      </object_component>
      <object_component id="oc-129">
         <name>.const:g_pui32PendRegs</name>
         <load_address>0x8b04</load_address>
         <run_address>0x8b04</run_address>
         <size>0x14</size>
         <input_file_ref idref="fl-3"/>
      </object_component>
      <object_component id="oc-12c">
         <name>.const:g_pui32UnpendRegs</name>
         <load_address>0x8b18</load_address>
         <run_address>0x8b18</run_address>
         <size>0x14</size>
         <input_file_ref idref="fl-3"/>
      </object_component>
      <object_component id="oc-2e4">
         <name>.const:Zero</name>
         <load_address>0x8b30</load_address>
         <run_address>0x8b30</run_address>
         <size>0x10</size>
         <input_file_ref idref="fl-c8"/>
      </object_component>
      <object_component id="oc-13b">
         <name>.const:g_pui32VCOFrequencies</name>
         <load_address>0x8b40</load_address>
         <run_address>0x8b40</run_address>
         <size>0x8</size>
         <input_file_ref idref="fl-3"/>
      </object_component>
      <object_component id="oc-471">
         <name>__TI_handler_table</name>
         <load_address>0x8b48</load_address>
         <run_address>0x8b48</run_address>
         <size>0xc</size>
      </object_component>
      <object_component id="oc-475">
         <name>.cinit..bss.load</name>
         <load_address>0x8b58</load_address>
         <run_address>0x8b58</run_address>
         <size>0x8</size>
      </object_component>
      <object_component id="oc-474">
         <name>.cinit..data.load</name>
         <load_address>0x8b60</load_address>
         <run_address>0x8b60</run_address>
         <size>0x8</size>
      </object_component>
      <object_component id="oc-473">
         <name>.cinit..vtable.load</name>
         <load_address>0x8b68</load_address>
         <run_address>0x8b68</run_address>
         <size>0x8</size>
      </object_component>
      <object_component id="oc-472">
         <name>__TI_cinit_table</name>
         <load_address>0x8b70</load_address>
         <run_address>0x8b70</run_address>
         <size>0x18</size>
      </object_component>
      <object_component id="oc-10e">
         <name>.vtable</name>
         <uninitialized>true</uninitialized>
         <run_address>0x20000000</run_address>
         <size>0x26c</size>
         <input_file_ref idref="fl-3"/>
      </object_component>
      <object_component id="oc-1c9">
         <name>.data</name>
         <load_address>0x20001b20</load_address>
         <run_address>0x20001b20</run_address>
         <size>0x60</size>
         <input_file_ref idref="fl-1"/>
      </object_component>
      <object_component id="oc-150">
         <name>.data</name>
         <load_address>0x20001b84</load_address>
         <run_address>0x20001b84</run_address>
         <size>0x4</size>
         <input_file_ref idref="fl-3"/>
      </object_component>
      <object_component id="oc-38f">
         <name>.data</name>
         <load_address>0x20001b80</load_address>
         <run_address>0x20001b80</run_address>
         <size>0x4</size>
         <input_file_ref idref="fl-dd"/>
      </object_component>
      <object_component id="oc-ae">
         <name>.common:data</name>
         <uninitialized>true</uninitialized>
         <run_address>0x200019e0</run_address>
         <size>0x138</size>
      </object_component>
      <object_component id="oc-1c6">
         <name>.common:time</name>
         <uninitialized>true</uninitialized>
         <run_address>0x20001b18</run_address>
         <size>0x8</size>
      </object_component>
      <object_component id="oc-21">
         <name>.stack</name>
         <uninitialized>true</uninitialized>
         <run_address>0x20000270</run_address>
         <size>0x4</size>
         <input_file_ref idref="fl-de"/>
      </object_component>
      <object_component id="oc-476">
         <name>.stack</name>
         <uninitialized>true</uninitialized>
         <run_address>0x20000270</run_address>
         <size>0x0</size>
      </object_component>
      <object_component id="oc-af">
         <name>.debug_info</name>
         <load_address>0x0</load_address>
         <run_address>0x0</run_address>
         <size>0x438</size>
         <input_file_ref idref="fl-1"/>
      </object_component>
      <object_component id="oc-1ca">
         <name>.debug_info</name>
         <load_address>0x438</load_address>
         <run_address>0x438</run_address>
         <size>0x1fa</size>
         <input_file_ref idref="fl-1"/>
      </object_component>
      <object_component id="oc-192">
         <name>.debug_info</name>
         <load_address>0x632</load_address>
         <run_address>0x632</run_address>
         <size>0x94d</size>
         <input_file_ref idref="fl-1"/>
      </object_component>
      <object_component id="oc-c0">
         <name>.debug_info</name>
         <load_address>0xf7f</load_address>
         <run_address>0xf7f</run_address>
         <size>0x26b</size>
         <input_file_ref idref="fl-1"/>
      </object_component>
      <object_component id="oc-39">
         <name>.debug_info</name>
         <load_address>0x11ea</load_address>
         <run_address>0x11ea</run_address>
         <size>0x84</size>
         <input_file_ref idref="fl-1"/>
      </object_component>
      <object_component id="oc-16e">
         <name>.debug_info</name>
         <load_address>0x126e</load_address>
         <run_address>0x126e</run_address>
         <size>0x297</size>
         <input_file_ref idref="fl-1"/>
      </object_component>
      <object_component id="oc-154">
         <name>.debug_info</name>
         <load_address>0x1505</load_address>
         <run_address>0x1505</run_address>
         <size>0xef</size>
         <input_file_ref idref="fl-1"/>
      </object_component>
      <object_component id="oc-b2">
         <name>.debug_info</name>
         <load_address>0x15f4</load_address>
         <run_address>0x15f4</run_address>
         <size>0xbb</size>
         <input_file_ref idref="fl-1"/>
      </object_component>
      <object_component id="oc-2aa">
         <name>.debug_info</name>
         <load_address>0x16af</load_address>
         <run_address>0x16af</run_address>
         <size>0x2c</size>
         <input_file_ref idref="fl-1"/>
      </object_component>
      <object_component id="oc-1c7">
         <name>.debug_info</name>
         <load_address>0x16db</load_address>
         <run_address>0x16db</run_address>
         <size>0x721</size>
         <input_file_ref idref="fl-2"/>
      </object_component>
      <object_component id="oc-e7">
         <name>.debug_info</name>
         <load_address>0x1dfc</load_address>
         <run_address>0x1dfc</run_address>
         <size>0x543</size>
         <input_file_ref idref="fl-2"/>
      </object_component>
      <object_component id="oc-159">
         <name>.debug_info</name>
         <load_address>0x233f</load_address>
         <run_address>0x233f</run_address>
         <size>0x466</size>
         <input_file_ref idref="fl-3"/>
      </object_component>
      <object_component id="oc-112">
         <name>.debug_info</name>
         <load_address>0x27a5</load_address>
         <run_address>0x27a5</run_address>
         <size>0xe0</size>
         <input_file_ref idref="fl-3"/>
      </object_component>
      <object_component id="oc-121">
         <name>.debug_info</name>
         <load_address>0x2885</load_address>
         <run_address>0x2885</run_address>
         <size>0xd8</size>
         <input_file_ref idref="fl-3"/>
      </object_component>
      <object_component id="oc-124">
         <name>.debug_info</name>
         <load_address>0x295d</load_address>
         <run_address>0x295d</run_address>
         <size>0xdc</size>
         <input_file_ref idref="fl-3"/>
      </object_component>
      <object_component id="oc-127">
         <name>.debug_info</name>
         <load_address>0x2a39</load_address>
         <run_address>0x2a39</run_address>
         <size>0xe2</size>
         <input_file_ref idref="fl-3"/>
      </object_component>
      <object_component id="oc-12a">
         <name>.debug_info</name>
         <load_address>0x2b1b</load_address>
         <run_address>0x2b1b</run_address>
         <size>0xe0</size>
         <input_file_ref idref="fl-3"/>
      </object_component>
      <object_component id="oc-12d">
         <name>.debug_info</name>
         <load_address>0x2bfb</load_address>
         <run_address>0x2bfb</run_address>
         <size>0xe4</size>
         <input_file_ref idref="fl-3"/>
      </object_component>
      <object_component id="oc-10f">
         <name>.debug_info</name>
         <load_address>0x2cdf</load_address>
         <run_address>0x2cdf</run_address>
         <size>0xe1</size>
         <input_file_ref idref="fl-3"/>
      </object_component>
      <object_component id="oc-139">
         <name>.debug_info</name>
         <load_address>0x2dc0</load_address>
         <run_address>0x2dc0</run_address>
         <size>0xda</size>
         <input_file_ref idref="fl-3"/>
      </object_component>
      <object_component id="oc-13f">
         <name>.debug_info</name>
         <load_address>0x2e9a</load_address>
         <run_address>0x2e9a</run_address>
         <size>0xe6</size>
         <input_file_ref idref="fl-3"/>
      </object_component>
      <object_component id="oc-130">
         <name>.debug_info</name>
         <load_address>0x2f80</load_address>
         <run_address>0x2f80</run_address>
         <size>0xe0</size>
         <input_file_ref idref="fl-3"/>
      </object_component>
      <object_component id="oc-13c">
         <name>.debug_info</name>
         <load_address>0x3060</load_address>
         <run_address>0x3060</run_address>
         <size>0xed</size>
         <input_file_ref idref="fl-3"/>
      </object_component>
      <object_component id="oc-142">
         <name>.debug_info</name>
         <load_address>0x314d</load_address>
         <run_address>0x314d</run_address>
         <size>0xe8</size>
         <input_file_ref idref="fl-3"/>
      </object_component>
      <object_component id="oc-145">
         <name>.debug_info</name>
         <load_address>0x3235</load_address>
         <run_address>0x3235</run_address>
         <size>0xfa</size>
         <input_file_ref idref="fl-3"/>
      </object_component>
      <object_component id="oc-148">
         <name>.debug_info</name>
         <load_address>0x332f</load_address>
         <run_address>0x332f</run_address>
         <size>0xf6</size>
         <input_file_ref idref="fl-3"/>
      </object_component>
      <object_component id="oc-14b">
         <name>.debug_info</name>
         <load_address>0x3425</load_address>
         <run_address>0x3425</run_address>
         <size>0xf8</size>
         <input_file_ref idref="fl-3"/>
      </object_component>
      <object_component id="oc-14e">
         <name>.debug_info</name>
         <load_address>0x351d</load_address>
         <run_address>0x351d</run_address>
         <size>0xea</size>
         <input_file_ref idref="fl-3"/>
      </object_component>
      <object_component id="oc-151">
         <name>.debug_info</name>
         <load_address>0x3607</load_address>
         <run_address>0x3607</run_address>
         <size>0xcf</size>
         <input_file_ref idref="fl-3"/>
      </object_component>
      <object_component id="oc-8a">
         <name>.debug_info</name>
         <load_address>0x36d6</load_address>
         <run_address>0x36d6</run_address>
         <size>0xd745</size>
         <input_file_ref idref="fl-3"/>
      </object_component>
      <object_component id="oc-23c">
         <name>.debug_info</name>
         <load_address>0x10e1b</load_address>
         <run_address>0x10e1b</run_address>
         <size>0x51</size>
         <input_file_ref idref="fl-3"/>
      </object_component>
      <object_component id="oc-240">
         <name>.debug_info</name>
         <load_address>0x10e6c</load_address>
         <run_address>0x10e6c</run_address>
         <size>0x86</size>
         <input_file_ref idref="fl-3"/>
      </object_component>
      <object_component id="oc-b9">
         <name>.debug_info</name>
         <load_address>0x10ef2</load_address>
         <run_address>0x10ef2</run_address>
         <size>0x8b</size>
         <input_file_ref idref="fl-3"/>
      </object_component>
      <object_component id="oc-32">
         <name>.debug_info</name>
         <load_address>0x10f7d</load_address>
         <run_address>0x10f7d</run_address>
         <size>0x2fb</size>
         <input_file_ref idref="fl-4"/>
      </object_component>
      <object_component id="oc-10">
         <name>.debug_info</name>
         <load_address>0x11278</load_address>
         <run_address>0x11278</run_address>
         <size>0xee</size>
         <input_file_ref idref="fl-4"/>
      </object_component>
      <object_component id="oc-25">
         <name>.debug_info</name>
         <load_address>0x11366</load_address>
         <run_address>0x11366</run_address>
         <size>0x26a</size>
         <input_file_ref idref="fl-4"/>
      </object_component>
      <object_component id="oc-b7">
         <name>.debug_info</name>
         <load_address>0x115d0</load_address>
         <run_address>0x115d0</run_address>
         <size>0x6a0</size>
         <input_file_ref idref="fl-5"/>
      </object_component>
      <object_component id="oc-2b">
         <name>.debug_info</name>
         <load_address>0x11c70</load_address>
         <run_address>0x11c70</run_address>
         <size>0x80f</size>
         <input_file_ref idref="fl-5"/>
      </object_component>
      <object_component id="oc-135">
         <name>.debug_info</name>
         <load_address>0x1247f</load_address>
         <run_address>0x1247f</run_address>
         <size>0x20a</size>
         <input_file_ref idref="fl-e"/>
      </object_component>
      <object_component id="oc-105">
         <name>.debug_info</name>
         <load_address>0x12689</load_address>
         <run_address>0x12689</run_address>
         <size>0x212</size>
         <input_file_ref idref="fl-e"/>
      </object_component>
      <object_component id="oc-10b">
         <name>.debug_info</name>
         <load_address>0x1289b</load_address>
         <run_address>0x1289b</run_address>
         <size>0x20f</size>
         <input_file_ref idref="fl-e"/>
      </object_component>
      <object_component id="oc-117">
         <name>.debug_info</name>
         <load_address>0x12aaa</load_address>
         <run_address>0x12aaa</run_address>
         <size>0x23d</size>
         <input_file_ref idref="fl-e"/>
      </object_component>
      <object_component id="oc-11d">
         <name>.debug_info</name>
         <load_address>0x12ce7</load_address>
         <run_address>0x12ce7</run_address>
         <size>0x21c</size>
         <input_file_ref idref="fl-e"/>
      </object_component>
      <object_component id="oc-f9">
         <name>.debug_info</name>
         <load_address>0x12f03</load_address>
         <run_address>0x12f03</run_address>
         <size>0x18b</size>
         <input_file_ref idref="fl-e"/>
      </object_component>
      <object_component id="oc-186">
         <name>.debug_info</name>
         <load_address>0x1308e</load_address>
         <run_address>0x1308e</run_address>
         <size>0x225</size>
         <input_file_ref idref="fl-f"/>
      </object_component>
      <object_component id="oc-18c">
         <name>.debug_info</name>
         <load_address>0x132b3</load_address>
         <run_address>0x132b3</run_address>
         <size>0x20d</size>
         <input_file_ref idref="fl-f"/>
      </object_component>
      <object_component id="oc-fe">
         <name>.debug_info</name>
         <load_address>0x134c0</load_address>
         <run_address>0x134c0</run_address>
         <size>0x227</size>
         <input_file_ref idref="fl-10"/>
      </object_component>
      <object_component id="oc-72">
         <name>.debug_info</name>
         <load_address>0x136e7</load_address>
         <run_address>0x136e7</run_address>
         <size>0x27f</size>
         <input_file_ref idref="fl-10"/>
      </object_component>
      <object_component id="oc-a9">
         <name>.debug_info</name>
         <load_address>0x13966</load_address>
         <run_address>0x13966</run_address>
         <size>0x28f</size>
         <input_file_ref idref="fl-10"/>
      </object_component>
      <object_component id="oc-78">
         <name>.debug_info</name>
         <load_address>0x13bf5</load_address>
         <run_address>0x13bf5</run_address>
         <size>0x28d</size>
         <input_file_ref idref="fl-10"/>
      </object_component>
      <object_component id="oc-165">
         <name>.debug_info</name>
         <load_address>0x13e82</load_address>
         <run_address>0x13e82</run_address>
         <size>0x247</size>
         <input_file_ref idref="fl-10"/>
      </object_component>
      <object_component id="oc-15f">
         <name>.debug_info</name>
         <load_address>0x140c9</load_address>
         <run_address>0x140c9</run_address>
         <size>0x249</size>
         <input_file_ref idref="fl-10"/>
      </object_component>
      <object_component id="oc-a3">
         <name>.debug_info</name>
         <load_address>0x14312</load_address>
         <run_address>0x14312</run_address>
         <size>0x326</size>
         <input_file_ref idref="fl-10"/>
      </object_component>
      <object_component id="oc-91">
         <name>.debug_info</name>
         <load_address>0x14638</load_address>
         <run_address>0x14638</run_address>
         <size>0x253</size>
         <input_file_ref idref="fl-10"/>
      </object_component>
      <object_component id="oc-84">
         <name>.debug_info</name>
         <load_address>0x1488b</load_address>
         <run_address>0x1488b</run_address>
         <size>0x28d</size>
         <input_file_ref idref="fl-10"/>
      </object_component>
      <object_component id="oc-9d">
         <name>.debug_info</name>
         <load_address>0x14b18</load_address>
         <run_address>0x14b18</run_address>
         <size>0x273</size>
         <input_file_ref idref="fl-10"/>
      </object_component>
      <object_component id="oc-7e">
         <name>.debug_info</name>
         <load_address>0x14d8b</load_address>
         <run_address>0x14d8b</run_address>
         <size>0x263</size>
         <input_file_ref idref="fl-10"/>
      </object_component>
      <object_component id="oc-2f2">
         <name>.debug_info</name>
         <load_address>0x14fee</load_address>
         <run_address>0x14fee</run_address>
         <size>0x2de</size>
         <input_file_ref idref="fl-c6"/>
      </object_component>
      <object_component id="oc-26d">
         <name>.debug_info</name>
         <load_address>0x152cc</load_address>
         <run_address>0x152cc</run_address>
         <size>0x69e</size>
         <input_file_ref idref="fl-c6"/>
      </object_component>
      <object_component id="oc-310">
         <name>.debug_info</name>
         <load_address>0x1596a</load_address>
         <run_address>0x1596a</run_address>
         <size>0x46</size>
         <input_file_ref idref="fl-c6"/>
      </object_component>
      <object_component id="oc-28b">
         <name>.debug_info</name>
         <load_address>0x159b0</load_address>
         <run_address>0x159b0</run_address>
         <size>0x39</size>
         <input_file_ref idref="fl-c6"/>
      </object_component>
      <object_component id="oc-2e3">
         <name>.debug_info</name>
         <load_address>0x159e9</load_address>
         <run_address>0x159e9</run_address>
         <size>0x2a3</size>
         <input_file_ref idref="fl-c7"/>
      </object_component>
      <object_component id="oc-259">
         <name>.debug_info</name>
         <load_address>0x15c8c</load_address>
         <run_address>0x15c8c</run_address>
         <size>0x23c</size>
         <input_file_ref idref="fl-c7"/>
      </object_component>
      <object_component id="oc-2e8">
         <name>.debug_info</name>
         <load_address>0x15ec8</load_address>
         <run_address>0x15ec8</run_address>
         <size>0x291</size>
         <input_file_ref idref="fl-c8"/>
      </object_component>
      <object_component id="oc-2e5">
         <name>.debug_info</name>
         <load_address>0x16159</load_address>
         <run_address>0x16159</run_address>
         <size>0xf2</size>
         <input_file_ref idref="fl-c8"/>
      </object_component>
      <object_component id="oc-25e">
         <name>.debug_info</name>
         <load_address>0x1624b</load_address>
         <run_address>0x1624b</run_address>
         <size>0x288</size>
         <input_file_ref idref="fl-c8"/>
      </object_component>
      <object_component id="oc-2f0">
         <name>.debug_info</name>
         <load_address>0x164d3</load_address>
         <run_address>0x164d3</run_address>
         <size>0x2bf</size>
         <input_file_ref idref="fl-c9"/>
      </object_component>
      <object_component id="oc-266">
         <name>.debug_info</name>
         <load_address>0x16792</load_address>
         <run_address>0x16792</run_address>
         <size>0x242</size>
         <input_file_ref idref="fl-c9"/>
      </object_component>
      <object_component id="oc-416">
         <name>.debug_info</name>
         <load_address>0x169d4</load_address>
         <run_address>0x169d4</run_address>
         <size>0x2ec</size>
         <input_file_ref idref="fl-ca"/>
      </object_component>
      <object_component id="oc-386">
         <name>.debug_info</name>
         <load_address>0x16cc0</load_address>
         <run_address>0x16cc0</run_address>
         <size>0x126</size>
         <input_file_ref idref="fl-ca"/>
      </object_component>
      <object_component id="oc-2dd">
         <name>.debug_info</name>
         <load_address>0x16de6</load_address>
         <run_address>0x16de6</run_address>
         <size>0x4a1</size>
         <input_file_ref idref="fl-ca"/>
      </object_component>
      <object_component id="oc-28a">
         <name>.debug_info</name>
         <load_address>0x17287</load_address>
         <run_address>0x17287</run_address>
         <size>0x390</size>
         <input_file_ref idref="fl-cb"/>
      </object_component>
      <object_component id="oc-1bc">
         <name>.debug_info</name>
         <load_address>0x17617</load_address>
         <run_address>0x17617</run_address>
         <size>0x790</size>
         <input_file_ref idref="fl-cb"/>
      </object_component>
      <object_component id="oc-291">
         <name>.debug_info</name>
         <load_address>0x17da7</load_address>
         <run_address>0x17da7</run_address>
         <size>0x390</size>
         <input_file_ref idref="fl-cc"/>
      </object_component>
      <object_component id="oc-1c2">
         <name>.debug_info</name>
         <load_address>0x18137</load_address>
         <run_address>0x18137</run_address>
         <size>0x78b</size>
         <input_file_ref idref="fl-cc"/>
      </object_component>
      <object_component id="oc-1ae">
         <name>.debug_info</name>
         <load_address>0x188c2</load_address>
         <run_address>0x188c2</run_address>
         <size>0x144</size>
         <input_file_ref idref="fl-ce"/>
      </object_component>
      <object_component id="oc-19d">
         <name>.debug_info</name>
         <load_address>0x18a06</load_address>
         <run_address>0x18a06</run_address>
         <size>0x120</size>
         <input_file_ref idref="fl-cf"/>
      </object_component>
      <object_component id="oc-1a7">
         <name>.debug_info</name>
         <load_address>0x18b26</load_address>
         <run_address>0x18b26</run_address>
         <size>0x122</size>
         <input_file_ref idref="fl-cf"/>
      </object_component>
      <object_component id="oc-1b6">
         <name>.debug_info</name>
         <load_address>0x18c48</load_address>
         <run_address>0x18c48</run_address>
         <size>0x132</size>
         <input_file_ref idref="fl-d0"/>
      </object_component>
      <object_component id="oc-1b2">
         <name>.debug_info</name>
         <load_address>0x18d7a</load_address>
         <run_address>0x18d7a</run_address>
         <size>0x132</size>
         <input_file_ref idref="fl-d1"/>
      </object_component>
      <object_component id="oc-198">
         <name>.debug_info</name>
         <load_address>0x18eac</load_address>
         <run_address>0x18eac</run_address>
         <size>0x126</size>
         <input_file_ref idref="fl-d2"/>
      </object_component>
      <object_component id="oc-1a2">
         <name>.debug_info</name>
         <load_address>0x18fd2</load_address>
         <run_address>0x18fd2</run_address>
         <size>0x124</size>
         <input_file_ref idref="fl-d3"/>
      </object_component>
      <object_component id="oc-d9">
         <name>.debug_info</name>
         <load_address>0x190f6</load_address>
         <run_address>0x190f6</run_address>
         <size>0x313</size>
         <input_file_ref idref="fl-d4"/>
      </object_component>
      <object_component id="oc-4b">
         <name>.debug_info</name>
         <load_address>0x19409</load_address>
         <run_address>0x19409</run_address>
         <size>0x1b4</size>
         <input_file_ref idref="fl-d4"/>
      </object_component>
      <object_component id="oc-d4">
         <name>.debug_info</name>
         <load_address>0x195bd</load_address>
         <run_address>0x195bd</run_address>
         <size>0x46</size>
         <input_file_ref idref="fl-d4"/>
      </object_component>
      <object_component id="oc-17c">
         <name>.debug_info</name>
         <load_address>0x19603</load_address>
         <run_address>0x19603</run_address>
         <size>0x2c</size>
         <input_file_ref idref="fl-d4"/>
      </object_component>
      <object_component id="oc-49">
         <name>.debug_info</name>
         <load_address>0x1962f</load_address>
         <run_address>0x1962f</run_address>
         <size>0x29d</size>
         <input_file_ref idref="fl-d5"/>
      </object_component>
      <object_component id="oc-19">
         <name>.debug_info</name>
         <load_address>0x198cc</load_address>
         <run_address>0x198cc</run_address>
         <size>0x1df</size>
         <input_file_ref idref="fl-d5"/>
      </object_component>
      <object_component id="oc-44">
         <name>.debug_info</name>
         <load_address>0x19aab</load_address>
         <run_address>0x19aab</run_address>
         <size>0x46</size>
         <input_file_ref idref="fl-d5"/>
      </object_component>
      <object_component id="oc-cc">
         <name>.debug_info</name>
         <load_address>0x19af1</load_address>
         <run_address>0x19af1</run_address>
         <size>0x2c</size>
         <input_file_ref idref="fl-d5"/>
      </object_component>
      <object_component id="oc-ca">
         <name>.debug_info</name>
         <load_address>0x19b1d</load_address>
         <run_address>0x19b1d</run_address>
         <size>0x293</size>
         <input_file_ref idref="fl-d6"/>
      </object_component>
      <object_component id="oc-13">
         <name>.debug_info</name>
         <load_address>0x19db0</load_address>
         <run_address>0x19db0</run_address>
         <size>0x245</size>
         <input_file_ref idref="fl-d6"/>
      </object_component>
      <object_component id="oc-34">
         <name>.debug_info</name>
         <load_address>0x19ff5</load_address>
         <run_address>0x19ff5</run_address>
         <size>0x60</size>
         <input_file_ref idref="fl-d6"/>
      </object_component>
      <object_component id="oc-175">
         <name>.debug_info</name>
         <load_address>0x1a055</load_address>
         <run_address>0x1a055</run_address>
         <size>0x46</size>
         <input_file_ref idref="fl-d6"/>
      </object_component>
      <object_component id="oc-c5">
         <name>.debug_info</name>
         <load_address>0x1a09b</load_address>
         <run_address>0x1a09b</run_address>
         <size>0x39</size>
         <input_file_ref idref="fl-d6"/>
      </object_component>
      <object_component id="oc-2db">
         <name>.debug_info</name>
         <load_address>0x1a0d4</load_address>
         <run_address>0x1a0d4</run_address>
         <size>0x2ba</size>
         <input_file_ref idref="fl-d7"/>
      </object_component>
      <object_component id="oc-252">
         <name>.debug_info</name>
         <load_address>0x1a38e</load_address>
         <run_address>0x1a38e</run_address>
         <size>0x13e</size>
         <input_file_ref idref="fl-d7"/>
      </object_component>
      <object_component id="oc-2d3">
         <name>.debug_info</name>
         <load_address>0x1a4cc</load_address>
         <run_address>0x1a4cc</run_address>
         <size>0x2ae</size>
         <input_file_ref idref="fl-d8"/>
      </object_component>
      <object_component id="oc-24c">
         <name>.debug_info</name>
         <load_address>0x1a77a</load_address>
         <run_address>0x1a77a</run_address>
         <size>0x171</size>
         <input_file_ref idref="fl-d8"/>
      </object_component>
      <object_component id="oc-37a">
         <name>.debug_info</name>
         <load_address>0x1a8eb</load_address>
         <run_address>0x1a8eb</run_address>
         <size>0xee</size>
         <input_file_ref idref="fl-d9"/>
      </object_component>
      <object_component id="oc-2d0">
         <name>.debug_info</name>
         <load_address>0x1a9d9</load_address>
         <run_address>0x1a9d9</run_address>
         <size>0xfa</size>
         <input_file_ref idref="fl-d9"/>
      </object_component>
      <object_component id="oc-2a9">
         <name>.debug_info</name>
         <load_address>0x1aad3</load_address>
         <run_address>0x1aad3</run_address>
         <size>0x328</size>
         <input_file_ref idref="fl-da"/>
      </object_component>
      <object_component id="oc-1cd">
         <name>.debug_info</name>
         <load_address>0x1adfb</load_address>
         <run_address>0x1adfb</run_address>
         <size>0x1c6</size>
         <input_file_ref idref="fl-da"/>
      </object_component>
      <object_component id="oc-29d">
         <name>.debug_info</name>
         <load_address>0x1afc1</load_address>
         <run_address>0x1afc1</run_address>
         <size>0x182</size>
         <input_file_ref idref="fl-da"/>
      </object_component>
      <object_component id="oc-2a3">
         <name>.debug_info</name>
         <load_address>0x1b143</load_address>
         <run_address>0x1b143</run_address>
         <size>0x162</size>
         <input_file_ref idref="fl-da"/>
      </object_component>
      <object_component id="oc-3f0">
         <name>.debug_info</name>
         <load_address>0x1b2a5</load_address>
         <run_address>0x1b2a5</run_address>
         <size>0x2c</size>
         <input_file_ref idref="fl-da"/>
      </object_component>
      <object_component id="oc-15c">
         <name>.debug_info</name>
         <load_address>0x1b2d1</load_address>
         <run_address>0x1b2d1</run_address>
         <size>0x28a</size>
         <input_file_ref idref="fl-db"/>
      </object_component>
      <object_component id="oc-97">
         <name>.debug_info</name>
         <load_address>0x1b55b</load_address>
         <run_address>0x1b55b</run_address>
         <size>0x1c6</size>
         <input_file_ref idref="fl-db"/>
      </object_component>
      <object_component id="oc-381">
         <name>.debug_info</name>
         <load_address>0x1b721</load_address>
         <run_address>0x1b721</run_address>
         <size>0x3cf</size>
         <input_file_ref idref="fl-dc"/>
      </object_component>
      <object_component id="oc-37e">
         <name>.debug_info</name>
         <load_address>0x1baf0</load_address>
         <run_address>0x1baf0</run_address>
         <size>0x118</size>
         <input_file_ref idref="fl-dc"/>
      </object_component>
      <object_component id="oc-2d5">
         <name>.debug_info</name>
         <load_address>0x1bc08</load_address>
         <run_address>0x1bc08</run_address>
         <size>0x4d5</size>
         <input_file_ref idref="fl-dc"/>
      </object_component>
      <object_component id="oc-393">
         <name>.debug_info</name>
         <load_address>0x1c0dd</load_address>
         <run_address>0x1c0dd</run_address>
         <size>0x27e</size>
         <input_file_ref idref="fl-dd"/>
      </object_component>
      <object_component id="oc-390">
         <name>.debug_info</name>
         <load_address>0x1c35b</load_address>
         <run_address>0x1c35b</run_address>
         <size>0x103</size>
         <input_file_ref idref="fl-dd"/>
      </object_component>
      <object_component id="oc-2eb">
         <name>.debug_info</name>
         <load_address>0x1c45e</load_address>
         <run_address>0x1c45e</run_address>
         <size>0x143</size>
         <input_file_ref idref="fl-dd"/>
      </object_component>
      <object_component id="oc-22">
         <name>.debug_info</name>
         <load_address>0x1c5a1</load_address>
         <run_address>0x1c5a1</run_address>
         <size>0x100</size>
         <input_file_ref idref="fl-de"/>
      </object_component>
      <object_component id="oc-5f">
         <name>.debug_info</name>
         <load_address>0x1c6a1</load_address>
         <run_address>0x1c6a1</run_address>
         <size>0x1a4</size>
         <input_file_ref idref="fl-de"/>
      </object_component>
      <object_component id="oc-305">
         <name>.debug_info</name>
         <load_address>0x1c845</load_address>
         <run_address>0x1c845</run_address>
         <size>0x39f</size>
         <input_file_ref idref="fl-df"/>
      </object_component>
      <object_component id="oc-302">
         <name>.debug_info</name>
         <load_address>0x1cbe4</load_address>
         <run_address>0x1cbe4</run_address>
         <size>0x12f</size>
         <input_file_ref idref="fl-df"/>
      </object_component>
      <object_component id="oc-27e">
         <name>.debug_info</name>
         <load_address>0x1cd13</load_address>
         <run_address>0x1cd13</run_address>
         <size>0x724</size>
         <input_file_ref idref="fl-df"/>
      </object_component>
      <object_component id="oc-3a8">
         <name>.debug_info</name>
         <load_address>0x1d437</load_address>
         <run_address>0x1d437</run_address>
         <size>0x39</size>
         <input_file_ref idref="fl-df"/>
      </object_component>
      <object_component id="oc-307">
         <name>.debug_info</name>
         <load_address>0x1d470</load_address>
         <run_address>0x1d470</run_address>
         <size>0x2c</size>
         <input_file_ref idref="fl-df"/>
      </object_component>
      <object_component id="oc-2f4">
         <name>.debug_info</name>
         <load_address>0x1d49c</load_address>
         <run_address>0x1d49c</run_address>
         <size>0x282</size>
         <input_file_ref idref="fl-e0"/>
      </object_component>
      <object_component id="oc-27a">
         <name>.debug_info</name>
         <load_address>0x1d71e</load_address>
         <run_address>0x1d71e</run_address>
         <size>0x31c</size>
         <input_file_ref idref="fl-e0"/>
      </object_component>
      <object_component id="oc-30d">
         <name>.debug_info</name>
         <load_address>0x1da3a</load_address>
         <run_address>0x1da3a</run_address>
         <size>0x287</size>
         <input_file_ref idref="fl-e1"/>
      </object_component>
      <object_component id="oc-285">
         <name>.debug_info</name>
         <load_address>0x1dcc1</load_address>
         <run_address>0x1dcc1</run_address>
         <size>0x375</size>
         <input_file_ref idref="fl-e1"/>
      </object_component>
      <object_component id="oc-3a3">
         <name>.debug_info</name>
         <load_address>0x1e036</load_address>
         <run_address>0x1e036</run_address>
         <size>0x284</size>
         <input_file_ref idref="fl-e2"/>
      </object_component>
      <object_component id="oc-2fc">
         <name>.debug_info</name>
         <load_address>0x1e2ba</load_address>
         <run_address>0x1e2ba</run_address>
         <size>0x21f</size>
         <input_file_ref idref="fl-e2"/>
      </object_component>
      <object_component id="oc-3a1">
         <name>.debug_info</name>
         <load_address>0x1e4d9</load_address>
         <run_address>0x1e4d9</run_address>
         <size>0x2f2</size>
         <input_file_ref idref="fl-e3"/>
      </object_component>
      <object_component id="oc-2f7">
         <name>.debug_info</name>
         <load_address>0x1e7cb</load_address>
         <run_address>0x1e7cb</run_address>
         <size>0x21a</size>
         <input_file_ref idref="fl-e3"/>
      </object_component>
      <object_component id="oc-39d">
         <name>.debug_info</name>
         <load_address>0x1e9e5</load_address>
         <run_address>0x1e9e5</run_address>
         <size>0x156</size>
         <input_file_ref idref="fl-e4"/>
      </object_component>
      <object_component id="oc-426">
         <name>.debug_info</name>
         <load_address>0x1eb3b</load_address>
         <run_address>0x1eb3b</run_address>
         <size>0x10d</size>
         <input_file_ref idref="fl-e5"/>
      </object_component>
      <object_component id="oc-dd">
         <name>.debug_info</name>
         <load_address>0x1ec48</load_address>
         <run_address>0x1ec48</run_address>
         <size>0x13f</size>
         <input_file_ref idref="fl-e6"/>
      </object_component>
      <object_component id="oc-3f">
         <name>.debug_info</name>
         <load_address>0x1ed87</load_address>
         <run_address>0x1ed87</run_address>
         <size>0x111</size>
         <input_file_ref idref="fl-e7"/>
      </object_component>
      <object_component id="oc-2ba">
         <name>.debug_info</name>
         <load_address>0x1ee98</load_address>
         <run_address>0x1ee98</run_address>
         <size>0x547</size>
         <input_file_ref idref="fl-e8"/>
      </object_component>
      <object_component id="oc-1e3">
         <name>.debug_info</name>
         <load_address>0x1f3df</load_address>
         <run_address>0x1f3df</run_address>
         <size>0x19b</size>
         <input_file_ref idref="fl-e8"/>
      </object_component>
      <object_component id="oc-367">
         <name>.debug_info</name>
         <load_address>0x1f57a</load_address>
         <run_address>0x1f57a</run_address>
         <size>0x39</size>
         <input_file_ref idref="fl-e8"/>
      </object_component>
      <object_component id="oc-402">
         <name>.debug_info</name>
         <load_address>0x1f5b3</load_address>
         <run_address>0x1f5b3</run_address>
         <size>0x39</size>
         <input_file_ref idref="fl-e8"/>
      </object_component>
      <object_component id="oc-36c">
         <name>.debug_info</name>
         <load_address>0x1f5ec</load_address>
         <run_address>0x1f5ec</run_address>
         <size>0x39</size>
         <input_file_ref idref="fl-e8"/>
      </object_component>
      <object_component id="oc-371">
         <name>.debug_info</name>
         <load_address>0x1f625</load_address>
         <run_address>0x1f625</run_address>
         <size>0xcd</size>
         <input_file_ref idref="fl-e8"/>
      </object_component>
      <object_component id="oc-e1">
         <name>.debug_info</name>
         <load_address>0x1f6f2</load_address>
         <run_address>0x1f6f2</run_address>
         <size>0x148</size>
         <input_file_ref idref="fl-e9"/>
      </object_component>
      <object_component id="oc-1d4">
         <name>.debug_info</name>
         <load_address>0x1f83a</load_address>
         <run_address>0x1f83a</run_address>
         <size>0x117</size>
         <input_file_ref idref="fl-eb"/>
      </object_component>
      <object_component id="oc-348">
         <name>.debug_info</name>
         <load_address>0x1f951</load_address>
         <run_address>0x1f951</run_address>
         <size>0x8a6</size>
         <input_file_ref idref="fl-ed"/>
      </object_component>
      <object_component id="oc-31e">
         <name>.debug_info</name>
         <load_address>0x201f7</load_address>
         <run_address>0x201f7</run_address>
         <size>0x213</size>
         <input_file_ref idref="fl-ed"/>
      </object_component>
      <object_component id="oc-3be">
         <name>.debug_info</name>
         <load_address>0x2040a</load_address>
         <run_address>0x2040a</run_address>
         <size>0x1a8</size>
         <input_file_ref idref="fl-ed"/>
      </object_component>
      <object_component id="oc-3c4">
         <name>.debug_info</name>
         <load_address>0x205b2</load_address>
         <run_address>0x205b2</run_address>
[...]
      </symbol>
      <symbol id="sm-4b7">
         <name>TimerRTCDisable</name>
         <value>0x18f1</value>
         <object_component_ref idref="oc-89"/>
      </symbol>
      <symbol id="sm-4b8">
         <name>TimerADCEventGet</name>
         <value>0x1c01</value>
         <object_component_ref idref="oc-89"/>
      </symbol>
      <symbol id="sm-4b9">
         <name>GPIOPinTypeCAN</name>
         <value>0x287d</value>
         <object_component_ref idref="oc-89"/>
      </symbol>
      <symbol id="sm-4ba">
         <name>SysTickDisable</name>
         <value>0x279</value>
         <object_component_ref idref="oc-89"/>
      </symbol>
      <symbol id="sm-4bb">
         <name>uDMAEnable</name>
         <value>0x1c83</value>
         <object_component_ref idref="oc-89"/>
      </symbol>
      <symbol id="sm-4bc">
         <name>TimerPrescaleMatchSet</name>
         <value>0x1971</value>
         <object_component_ref idref="oc-89"/>
      </symbol>
      <symbol id="sm-4bd">
         <name>uDMAControlBaseSet</name>
         <value>0x1cf9</value>
         <object_component_ref idref="oc-89"/>
      </symbol>
      <symbol id="sm-4be">
         <name>TimerControlWaitOnTrigger</name>
         <value>0x186d</value>
         <object_component_ref idref="oc-89"/>
      </symbol>
      <symbol id="sm-4bf">
         <name>SysCtlUSBPLLDisable</name>
         <value>0x14a7</value>
         <object_component_ref idref="oc-89"/>
      </symbol>
      <symbol id="sm-4c0">
         <name>TimerConfigure</name>
         <value>0x16c9</value>
         <object_component_ref idref="oc-89"/>
      </symbol>
      <symbol id="sm-4c1">
         <name>TimerControlEvent</name>
         <value>0x1801</value>
         <object_component_ref idref="oc-89"/>
      </symbol>
      <symbol id="sm-4c2">
         <name>SysCtlPeripheralReady</name>
         <value>0x801</value>
         <object_component_ref idref="oc-89"/>
      </symbol>
      <symbol id="sm-4c3">
         <name>SysCtlPIOSCCalibrate</name>
         <value>0xc6d</value>
         <object_component_ref idref="oc-89"/>
      </symbol>
      <symbol id="sm-4c4">
         <name>TimerIntClear</name>
         <value>0x1bcb</value>
         <object_component_ref idref="oc-89"/>
      </symbol>
      <symbol id="sm-4c5">
         <name>uDMAChannelAttributeDisable</name>
         <value>0x1d81</value>
         <object_component_ref idref="oc-89"/>
      </symbol>
      <symbol id="sm-4c6">
         <name>SysCtlResetCauseClear</name>
         <value>0xc43</value>
         <object_component_ref idref="oc-89"/>
      </symbol>
      <symbol id="sm-4c7">
         <name>uDMAChannelEnable</name>
         <value>0x1ca1</value>
         <object_component_ref idref="oc-89"/>
      </symbol>
      <symbol id="sm-4c8">
         <name>SysCtlLDOSleepGet</name>
         <value>0xbd1</value>
         <object_component_ref idref="oc-89"/>
      </symbol>
      <symbol id="sm-4c9">
         <name>uDMAChannelRequest</name>
         <value>0x1d15</value>
         <object_component_ref idref="oc-89"/>
      </symbol>
      <symbol id="sm-4ca">
         <name>SysCtlClockFreqSet</name>
         <value>0xd1d</value>
         <object_component_ref idref="oc-89"/>
      </symbol>
      <symbol id="sm-4cb">
         <name>IntMasterEnable</name>
         <value>0x2eb</value>
         <object_component_ref idref="oc-89"/>
      </symbol>
      <symbol id="sm-4cc">
         <name>SysCtlPeripheralReset</name>
         <value>0x8c5</value>
         <object_component_ref idref="oc-89"/>
      </symbol>
      <symbol id="sm-4cd">
         <name>GPIOPinTypeEPI</name>
         <value>0x290d</value>
         <object_component_ref idref="oc-89"/>
      </symbol>
      <symbol id="sm-4ce">
         <name>GPIOPinTypeEthernetLED</name>
         <value>0x2931</value>
         <object_component_ref idref="oc-89"/>
      </symbol>
      <symbol id="sm-4cf">
         <name>IntPendSet</name>
         <value>0x5ad</value>
         <object_component_ref idref="oc-89"/>
      </symbol>
      <symbol id="sm-4d0">
         <name>GPIOPinWakeStatus</name>
         <value>0x2c05</value>
         <object_component_ref idref="oc-89"/>
      </symbol>
      <symbol id="sm-4d1">
         <name>TimerSynchronize</name>
         <value>0x1bdd</value>
         <object_component_ref idref="oc-89"/>
      </symbol>
      <symbol id="sm-4ed">
         <name>ResetISR</name>
         <value>0x80e9</value>
         <object_component_ref idref="oc-24"/>
      </symbol>
      <symbol id="sm-4ee">
         <name>g_pfnVectors</name>
         <value>0x0</value>
         <object_component_ref idref="oc-f"/>
      </symbol>
      <symbol id="sm-523">
         <name>UART0IntHandler</name>
         <value>0x5cc1</value>
         <object_component_ref idref="oc-2a"/>
      </symbol>
      <symbol id="sm-524">
         <name>UART2IntHandler</name>
         <value>0x5d15</value>
         <object_component_ref idref="oc-2a"/>
      </symbol>
      <symbol id="sm-525">
         <name>UARTsetup</name>
         <value>0x5ef9</value>
         <object_component_ref idref="oc-2a"/>
      </symbol>
      <symbol id="sm-526">
         <name>UART0Send</name>
         <value>0x5ea9</value>
         <object_component_ref idref="oc-2a"/>
      </symbol>
      <symbol id="sm-527">
         <name>UART2Send</name>
         <value>0x5ed1</value>
         <object_component_ref idref="oc-2a"/>
      </symbol>
      <symbol id="sm-557">
         <name>CPUbasepriGet</name>
         <value>0x80f5</value>
         <object_component_ref idref="oc-11a"/>
      </symbol>
      <symbol id="sm-558">
         <name>CPUbasepriSet</name>
         <value>0x812d</value>
         <object_component_ref idref="oc-114"/>
      </symbol>
      <symbol id="sm-559">
         <name>CPUcpsie</name>
         <value>0x80dd</value>
         <object_component_ref idref="oc-102"/>
      </symbol>
      <symbol id="sm-55a">
         <name>CPUcpsid</name>
         <value>0x80d1</value>
         <object_component_ref idref="oc-108"/>
      </symbol>
      <symbol id="sm-55b">
         <name>CPUwfi</name>
         <value>0x8139</value>
         <object_component_ref idref="oc-132"/>
      </symbol>
      <symbol id="sm-571">
         <name>FPULazyStackingEnable</name>
         <value>0x8089</value>
         <object_component_ref idref="oc-185"/>
      </symbol>
      <symbol id="sm-572">
         <name>FPUEnable</name>
         <value>0x8079</value>
         <object_component_ref idref="oc-18b"/>
      </symbol>
      <symbol id="sm-5cc">
         <name>UARTCharPutNonBlocking</name>
         <value>0x80a7</value>
         <object_component_ref idref="oc-83"/>
      </symbol>
      <symbol id="sm-5cd">
         <name>UARTConfigSetExpClk</name>
         <value>0x7df5</value>
         <object_component_ref idref="oc-a2"/>
      </symbol>
      <symbol id="sm-5ce">
         <name>UARTDisable</name>
         <value>0x7f9d</value>
         <object_component_ref idref="oc-15e"/>
      </symbol>
      <symbol id="sm-5cf">
         <name>UARTIntEnable</name>
         <value>0x811d</value>
         <object_component_ref idref="oc-a8"/>
      </symbol>
      <symbol id="sm-5d0">
         <name>UARTCharsAvail</name>
         <value>0x80b5</value>
         <object_component_ref idref="oc-90"/>
      </symbol>
      <symbol id="sm-5d1">
         <name>UARTCharGetNonBlocking</name>
         <value>0x8099</value>
         <object_component_ref idref="oc-7d"/>
      </symbol>
      <symbol id="sm-5d2">
         <name>UARTCharPut</name>
         <value>0x80ff</value>
         <object_component_ref idref="oc-9c"/>
      </symbol>
      <symbol id="sm-5d3">
         <name>UARTEnable</name>
         <value>0x8007</value>
         <object_component_ref idref="oc-164"/>
      </symbol>
      <symbol id="sm-5d4">
         <name>UARTIntClear</name>
         <value>0x813d</value>
         <object_component_ref idref="oc-77"/>
      </symbol>
      <symbol id="sm-5d5">
         <name>UARTIntStatus</name>
         <value>0x8109</value>
         <object_component_ref idref="oc-71"/>
      </symbol>
      <symbol id="sm-60d">
         <name>asinl</name>
         <value>0x58e9</value>
         <object_component_ref idref="oc-269"/>
      </symbol>
      <symbol id="sm-60e">
         <name>asin</name>
         <value>0x58e9</value>
         <object_component_ref idref="oc-269"/>
      </symbol>
      <symbol id="sm-648">
         <name>atan2</name>
         <value>0x677d</value>
         <object_component_ref idref="oc-257"/>
      </symbol>
      <symbol id="sm-649">
         <name>atan2l</name>
         <value>0x677d</value>
         <object_component_ref idref="oc-257"/>
      </symbol>
      <symbol id="sm-689">
         <name>fmod</name>
         <value>0x6545</value>
         <object_component_ref idref="oc-25d"/>
      </symbol>
      <symbol id="sm-68a">
         <name>fmodl</name>
         <value>0x6545</value>
         <object_component_ref idref="oc-25d"/>
      </symbol>
      <symbol id="sm-6ac">
         <name>sqrtl</name>
         <value>0x6fd1</value>
         <object_component_ref idref="oc-263"/>
      </symbol>
      <symbol id="sm-6ad">
         <name>sqrt</name>
         <value>0x6fd1</value>
         <object_component_ref idref="oc-263"/>
      </symbol>
      <symbol id="sm-6e3">
         <name>atanl</name>
         <value>0x5fe9</value>
         <object_component_ref idref="oc-2dc"/>
      </symbol>
      <symbol id="sm-6e4">
         <name>atan</name>
         <value>0x5fe9</value>
         <object_component_ref idref="oc-2dc"/>
      </symbol>
      <symbol id="sm-735">
         <name>cosl</name>
         <value>0x3f09</value>
         <object_component_ref idref="oc-1ba"/>
      </symbol>
      <symbol id="sm-736">
         <name>cos</name>
         <value>0x3f09</value>
         <object_component_ref idref="oc-1ba"/>
      </symbol>
      <symbol id="sm-782">
         <name>sin</name>
         <value>0x44e5</value>
         <object_component_ref idref="oc-1c0"/>
      </symbol>
      <symbol id="sm-783">
         <name>sinl</name>
         <value>0x44e5</value>
         <object_component_ref idref="oc-1c0"/>
      </symbol>
      <symbol id="sm-79b">
         <name>__aeabi_dsub</name>
         <value>0x6b39</value>
         <object_component_ref idref="oc-1ab"/>
      </symbol>
      <symbol id="sm-79c">
         <name>__aeabi_dadd</name>
         <value>0x6b43</value>
         <object_component_ref idref="oc-1ab"/>
      </symbol>
      <symbol id="sm-7be">
         <name>__aeabi_cdcmpeq</name>
         <value>0x79a5</value>
         <object_component_ref idref="oc-19c"/>
      </symbol>
      <symbol id="sm-7bf">
         <name>__aeabi_cdcmple</name>
         <value>0x79a5</value>
         <object_component_ref idref="oc-19c"/>
      </symbol>
      <symbol id="sm-7c0">
         <name>__aeabi_cdrcmple</name>
         <value>0x7a2b</value>
         <object_component_ref idref="oc-1a6"/>
      </symbol>
      <symbol id="sm-7d4">
         <name>__aeabi_ddiv</name>
         <value>0x7265</value>
         <object_component_ref idref="oc-1b5"/>
      </symbol>
      <symbol id="sm-7df">
         <name>__aeabi_dmul</name>
         <value>0x75cd</value>
         <object_component_ref idref="oc-1b0"/>
      </symbol>
      <symbol id="sm-7e9">
         <name>__aeabi_d2iz</name>
         <value>0x7dad</value>
         <object_component_ref idref="oc-197"/>
      </symbol>
      <symbol id="sm-7f3">
         <name>__aeabi_i2d</name>
         <value>0x7f6d</value>
         <object_component_ref idref="oc-1a1"/>
      </symbol>
      <symbol id="sm-80c">
         <name>__TI_zero_init_nomemset</name>
         <value>0x8055</value>
         <object_component_ref idref="oc-4a"/>
      </symbol>
      <symbol id="sm-823">
         <name>__TI_decompress_none</name>
         <value>0x80c3</value>
         <object_component_ref idref="oc-18"/>
      </symbol>
      <symbol id="sm-846">
         <name>__TI_decompress_lzss</name>
         <value>0x7b99</value>
         <object_component_ref idref="oc-12"/>
      </symbol>
      <symbol id="sm-853">
         <name>atof</name>
         <value>0x8043</value>
         <object_component_ref idref="oc-251"/>
      </symbol>
      <symbol id="sm-869">
         <name>atoi</name>
         <value>0x7d61</value>
         <object_component_ref idref="oc-24b"/>
      </symbol>
      <symbol id="sm-874">
         <name>_ctypes_</name>
         <value>0x8450</value>
         <object_component_ref idref="oc-2cf"/>
      </symbol>
      <symbol id="sm-89b">
         <name>sprintf</name>
         <value>0x7e81</value>
         <object_component_ref idref="oc-1cc"/>
      </symbol>
      <symbol id="sm-8ae">
         <name>strstr</name>
         <value>0x7f39</value>
         <object_component_ref idref="oc-96"/>
      </symbol>
      <symbol id="sm-90e">
         <name>strtold</name>
         <value>0x5489</value>
         <object_component_ref idref="oc-2d4"/>
      </symbol>
      <symbol id="sm-90f">
         <name>strtod</name>
         <value>0x5489</value>
         <object_component_ref idref="oc-2d4"/>
      </symbol>
      <symbol id="sm-925">
         <name>__aeabi_errno_addr</name>
         <value>0x8125</value>
         <object_component_ref idref="oc-2e9"/>
      </symbol>
      <symbol id="sm-926">
         <name>errno</name>
         <value>0x20001b80</value>
         <object_component_ref idref="oc-38f"/>
      </symbol>
      <symbol id="sm-939">
         <name>__stack</name>
         <value>0x20000270</value>
         <object_component_ref idref="oc-21"/>
      </symbol>
      <symbol id="sm-93a">
         <name>_c_int00_noargs</name>
         <value>0x7f01</value>
         <object_component_ref idref="oc-5c"/>
      </symbol>
      <symbol id="sm-9ab">
         <name>__kernel_rem_pio2</name>
         <value>0x37d1</value>
         <object_component_ref idref="oc-27d"/>
      </symbol>
      <symbol id="sm-9c1">
         <name>__kernel_cos</name>
         <value>0x6e65</value>
         <object_component_ref idref="oc-277"/>
      </symbol>
      <symbol id="sm-9d8">
         <name>__kernel_sin</name>
         <value>0x6cf1</value>
         <object_component_ref idref="oc-283"/>
      </symbol>
      <symbol id="sm-9f5">
         <name>floorl</name>
         <value>0x76c9</value>
         <object_component_ref idref="oc-2fb"/>
      </symbol>
      <symbol id="sm-9f6">
         <name>floor</name>
         <value>0x76c9</value>
         <object_component_ref idref="oc-2fb"/>
      </symbol>
      <symbol id="sm-a13">
         <name>scalbn</name>
         <value>0x74bd</value>
         <object_component_ref idref="oc-2f5"/>
      </symbol>
      <symbol id="sm-a14">
         <name>scalbnl</name>
         <value>0x74bd</value>
         <object_component_ref idref="oc-2f5"/>
      </symbol>
      <symbol id="sm-a15">
         <name>ldexpl</name>
         <value>0x74bd</value>
         <object_component_ref idref="oc-2f5"/>
      </symbol>
      <symbol id="sm-a16">
         <name>ldexp</name>
         <value>0x74bd</value>
         <object_component_ref idref="oc-2f5"/>
      </symbol>
      <symbol id="sm-a20">
         <name>copysign</name>
         <value>0x801b</value>
         <object_component_ref idref="oc-39a"/>
      </symbol>
      <symbol id="sm-a21">
         <name>copysignl</name>
         <value>0x801b</value>
         <object_component_ref idref="oc-39a"/>
      </symbol>
      <symbol id="sm-a2b">
         <name>__aeabi_idiv0</name>
         <value>0x37cf</value>
         <object_component_ref idref="oc-423"/>
      </symbol>
      <symbol id="sm-a2c">
         <name>__aeabi_ldiv0</name>
         <value>0x37cf</value>
         <object_component_ref idref="oc-423"/>
      </symbol>
      <symbol id="sm-a3b">
         <name>__aeabi_memset</name>
         <value>0x7ab3</value>
         <object_component_ref idref="oc-da"/>
      </symbol>
      <symbol id="sm-a3c">
         <name>memset</name>
         <value>0x7ab9</value>
         <object_component_ref idref="oc-da"/>
      </symbol>
      <symbol id="sm-a3d">
         <name>__aeabi_memset8</name>
         <value>0x7ab3</value>
         <object_component_ref idref="oc-da"/>
      </symbol>
      <symbol id="sm-a3e">
         <name>__aeabi_memset4</name>
         <value>0x7ab3</value>
         <object_component_ref idref="oc-da"/>
      </symbol>
      <symbol id="sm-a3f">
         <name>__aeabi_memclr8</name>
         <value>0x7ab1</value>
         <object_component_ref idref="oc-da"/>
      </symbol>
      <symbol id="sm-a40">
         <name>__aeabi_memclr4</name>
         <value>0x7ab1</value>
         <object_component_ref idref="oc-da"/>
      </symbol>
      <symbol id="sm-a41">
         <name>__aeabi_memclr</name>
         <value>0x7ab1</value>
         <object_component_ref idref="oc-da"/>
      </symbol>
      <symbol id="sm-a5c">
         <name>memcpy</name>
         <value>0x7873</value>
         <object_component_ref idref="oc-3e"/>
      </symbol>
      <symbol id="sm-a5d">
         <name>__aeabi_memcpy</name>
         <value>0x7873</value>
         <object_component_ref idref="oc-3e"/>
      </symbol>
      <symbol id="sm-a5e">
         <name>__aeabi_memcpy8</name>
         <value>0x7873</value>
         <object_component_ref idref="oc-3e"/>
      </symbol>
      <symbol id="sm-a5f">
         <name>__aeabi_memcpy4</name>
         <value>0x7873</value>
         <object_component_ref idref="oc-3e"/>
      </symbol>
      <symbol id="sm-a87">
         <name>__TI_auto_init_nobinit_nopinit</name>
         <value>0x7e3d</value>
         <object_component_ref idref="oc-1df"/>
      </symbol>
      <symbol id="sm-a91">
         <name>_system_pre_init</name>
         <value>0x8141</value>
         <object_component_ref idref="oc-e0"/>
      </symbol>
      <symbol id="sm-a9d">
         <name>C$$EXIT</name>
         <value>0x8145</value>
         <object_component_ref idref="oc-1d3"/>
      </symbol>
      <symbol id="sm-a9e">
         <name>abort</name>
         <value>0x8145</value>
         <object_component_ref idref="oc-1d3"/>
      </symbol>
      <symbol id="sm-c04">
         <name>__TI_printfi</name>
         <value>0x2d71</value>
         <object_component_ref idref="oc-296"/>
      </symbol>
      <symbol id="sm-c14">
         <name>ltoa</name>
         <value>0x7cbb</value>
         <object_component_ref idref="oc-3b7"/>
      </symbol>
      <symbol id="sm-c24">
         <name>memccpy</name>
         <value>0x7fbd</value>
         <object_component_ref idref="oc-33b"/>
      </symbol>
      <symbol id="sm-c34">
         <name>strchr</name>
         <value>0x7ff1</value>
         <object_component_ref idref="oc-3de"/>
      </symbol>
      <symbol id="sm-c42">
         <name>strlen</name>
         <value>0x802f</value>
         <object_component_ref idref="oc-317"/>
      </symbol>
      <symbol id="sm-c58">
         <name>frexpl</name>
         <value>0x7c01</value>
         <object_component_ref idref="oc-3d8"/>
      </symbol>
      <symbol id="sm-c59">
         <name>frexp</name>
         <value>0x7c01</value>
         <object_component_ref idref="oc-3d8"/>
      </symbol>
      <symbol id="sm-c72">
         <name>wcslen</name>
         <value>0x8067</value>
         <object_component_ref idref="oc-341"/>
      </symbol>
      <symbol id="sm-c7f">
         <name>__aeabi_uldivmod</name>
         <value>0x790f</value>
         <object_component_ref idref="oc-3b1"/>
      </symbol>
      <symbol id="sm-c80">
         <name>__TI_static_base__</name>
         <value>0x0</value>
      </symbol>
      <symbol id="sm-c83">
         <name>__mpu_init</name>
         <value>0x0</value>
      </symbol>
      <symbol id="sm-c84">
         <name>_system_post_cinit</name>
         <value>0x0</value>
      </symbol>
   </symbol_table>
   <title>Link successful</title>
</link_info>
