<?xml version="1.0" encoding="ISO-8859-1" ?>
<link_info>
   <banner>TI ARM Linker Unix v18.1.3.LTS</banner>
   <copyright>Copyright (c) 1996-2017 Texas Instruments Incorporated</copyright>
   <link_time>0x5d07dc0d</link_time>
   <link_errors>0x0</link_errors>
   <output_file>mpu9250.out</output_file>
   <entry_point>
      <name>_c_int00_noargs</name>
      <address>0x5a2d</address>
   </entry_point>
   <input_file_list>
      <input_file id="fl-1">
         <path>./</path>
         <kind>object</kind>
         <file>i2c1.obj</file>
         <name>i2c1.obj</name>
      </input_file>
      <input_file id="fl-2">
         <path>./</path>
         <kind>object</kind>
         <file>main.obj</file>
         <name>main.obj</name>
      </input_file>
      <input_file id="fl-3">
         <path>./</path>
         <kind>object</kind>
         <file>timer.obj</file>
         <name>timer.obj</name>
      </input_file>
      <input_file id="fl-4">
         <path>./</path>
         <kind>object</kind>
         <file>tm4c123gh6pm_startup_ccs.obj</file>
         <name>tm4c123gh6pm_startup_ccs.obj</name>
      </input_file>
      <input_file id="fl-5">
         <path>./</path>
         <kind>object</kind>
         <file>uartout.obj</file>
         <name>uartout.obj</name>
      </input_file>
      <input_file id="fl-6">
         <path>./</path>
         <kind>object</kind>
         <file>uartstdio.obj</file>
         <name>uartstdio.obj</name>
      </input_file>
      <input_file id="fl-c">
         <kind>object</kind>
         <file>&lt;internal&gt;</file>
         <name>&lt;internal&gt;</name>
      </input_file>
      <input_file id="fl-d">
         <path>/home/mairon/ti/TivaWare_C_Series/driverlib/ccs/Debug/</path>
         <kind>archive</kind>
         <file>driverlib.lib</file>
         <name>cpu.obj</name>
      </input_file>
      <input_file id="fl-e">
         <path>/home/mairon/ti/TivaWare_C_Series/driverlib/ccs/Debug/</path>
         <kind>archive</kind>
         <file>driverlib.lib</file>
         <name>i2c.obj</name>
      </input_file>
      <input_file id="fl-f">
         <path>/home/mairon/ti/TivaWare_C_Series/driverlib/ccs/Debug/</path>
         <kind>archive</kind>
         <file>driverlib.lib</file>
         <name>uart.obj</name>
      </input_file>
      <input_file id="fl-c5">
         <path>/home/mairon/ti/ccsv8/tools/compiler/ti-cgt-arm_18.1.3.LTS/lib/</path>
         <kind>archive</kind>
         <file>rtsv7M4_T_le_v4SPD16_eabi.lib</file>
         <name>u_divt2.asm.obj</name>
      </input_file>
      <input_file id="fl-c6">
         <path>/home/mairon/ti/ccsv8/tools/compiler/ti-cgt-arm_18.1.3.LTS/lib/</path>
         <kind>archive</kind>
         <file>rtsv7M4_T_le_v4SPD16_eabi.lib</file>
         <name>fd_add_t2.asm.obj</name>
      </input_file>
      <input_file id="fl-c7">
         <path>/home/mairon/ti/ccsv8/tools/compiler/ti-cgt-arm_18.1.3.LTS/lib/</path>
         <kind>archive</kind>
         <file>rtsv7M4_T_le_v4SPD16_eabi.lib</file>
         <name>fd_div_t2.asm.obj</name>
      </input_file>
      <input_file id="fl-c8">
         <path>/home/mairon/ti/ccsv8/tools/compiler/ti-cgt-arm_18.1.3.LTS/lib/</path>
         <kind>archive</kind>
         <file>rtsv7M4_T_le_v4SPD16_eabi.lib</file>
         <name>fd_mul_t2.asm.obj</name>
      </input_file>
      <input_file id="fl-c9">
         <path>/home/mairon/ti/ccsv8/tools/compiler/ti-cgt-arm_18.1.3.LTS/lib/</path>
         <kind>archive</kind>
         <file>rtsv7M4_T_le_v4SPD16_eabi.lib</file>
         <name>fd_toi_t2.asm.obj</name>
      </input_file>
      <input_file id="fl-ca">
         <path>/home/mairon/ti/ccsv8/tools/compiler/ti-cgt-arm_18.1.3.LTS/lib/</path>
         <kind>archive</kind>
         <file>rtsv7M4_T_le_v4SPD16_eabi.lib</file>
         <name>fd_tos_t2.asm.obj</name>
      </input_file>
      <input_file id="fl-cb">
         <path>/home/mairon/ti/ccsv8/tools/compiler/ti-cgt-arm_18.1.3.LTS/lib/</path>
         <kind>archive</kind>
         <file>rtsv7M4_T_le_v4SPD16_eabi.lib</file>
         <name>fs_tod_t2.asm.obj</name>
      </input_file>
      <input_file id="fl-cc">
         <path>/home/mairon/ti/ccsv8/tools/compiler/ti-cgt-arm_18.1.3.LTS/lib/</path>
         <kind>archive</kind>
         <file>rtsv7M4_T_le_v4SPD16_eabi.lib</file>
         <name>i_tofd_t2.asm.obj</name>
      </input_file>
      <input_file id="fl-cd">
         <path>/home/mairon/ti/ccsv8/tools/compiler/ti-cgt-arm_18.1.3.LTS/lib/</path>
         <kind>archive</kind>
         <file>rtsv7M4_T_le_v4SPD16_eabi.lib</file>
         <name>copy_zero_init.c.obj</name>
      </input_file>
      <input_file id="fl-ce">
         <path>/home/mairon/ti/ccsv8/tools/compiler/ti-cgt-arm_18.1.3.LTS/lib/</path>
         <kind>archive</kind>
         <file>rtsv7M4_T_le_v4SPD16_eabi.lib</file>
         <name>copy_decompress_none.c.obj</name>
      </input_file>
      <input_file id="fl-cf">
         <path>/home/mairon/ti/ccsv8/tools/compiler/ti-cgt-arm_18.1.3.LTS/lib/</path>
         <kind>archive</kind>
         <file>rtsv7M4_T_le_v4SPD16_eabi.lib</file>
         <name>copy_decompress_lzss.c.obj</name>
      </input_file>
      <input_file id="fl-d0">
         <path>/home/mairon/ti/ccsv8/tools/compiler/ti-cgt-arm_18.1.3.LTS/lib/</path>
         <kind>archive</kind>
         <file>rtsv7M4_T_le_v4SPD16_eabi.lib</file>
         <name>sprintf.c.obj</name>
      </input_file>
      <input_file id="fl-d1">
         <path>/home/mairon/ti/ccsv8/tools/compiler/ti-cgt-arm_18.1.3.LTS/lib/</path>
         <kind>archive</kind>
         <file>rtsv7M4_T_le_v4SPD16_eabi.lib</file>
         <name>boot_cortex_m.c.obj</name>
      </input_file>
      <input_file id="fl-d2">
         <path>/home/mairon/ti/ccsv8/tools/compiler/ti-cgt-arm_18.1.3.LTS/lib/</path>
         <kind>archive</kind>
         <file>rtsv7M4_T_le_v4SPD16_eabi.lib</file>
         <name>div0.asm.obj</name>
      </input_file>
      <input_file id="fl-d3">
         <path>/home/mairon/ti/ccsv8/tools/compiler/ti-cgt-arm_18.1.3.LTS/lib/</path>
         <kind>archive</kind>
         <file>rtsv7M4_T_le_v4SPD16_eabi.lib</file>
         <name>memset_t2.asm.obj</name>
      </input_file>
      <input_file id="fl-d4">
         <path>/home/mairon/ti/ccsv8/tools/compiler/ti-cgt-arm_18.1.3.LTS/lib/</path>
         <kind>archive</kind>
         <file>rtsv7M4_T_le_v4SPD16_eabi.lib</file>
         <name>memcpy_t2.asm.obj</name>
      </input_file>
      <input_file id="fl-d5">
         <path>/home/mairon/ti/ccsv8/tools/compiler/ti-cgt-arm_18.1.3.LTS/lib/</path>
         <kind>archive</kind>
         <file>rtsv7M4_T_le_v4SPD16_eabi.lib</file>
         <name>autoinit.c.obj</name>
      </input_file>
      <input_file id="fl-d6">
         <path>/home/mairon/ti/ccsv8/tools/compiler/ti-cgt-arm_18.1.3.LTS/lib/</path>
         <kind>archive</kind>
         <file>rtsv7M4_T_le_v4SPD16_eabi.lib</file>
         <name>pre_init.c.obj</name>
      </input_file>
      <input_file id="fl-d7">
         <path>/home/mairon/ti/ccsv8/tools/compiler/ti-cgt-arm_18.1.3.LTS/lib/</path>
         <kind>archive</kind>
         <file>rtsv7M4_T_le_v4SPD16_eabi.lib</file>
         <name>cpy_tbl.c.obj</name>
      </input_file>
      <input_file id="fl-d8">
         <path>/home/mairon/ti/ccsv8/tools/compiler/ti-cgt-arm_18.1.3.LTS/lib/</path>
         <kind>archive</kind>
         <file>rtsv7M4_T_le_v4SPD16_eabi.lib</file>
         <name>exit.c.obj</name>
      </input_file>
      <input_file id="fl-d9">
         <path>/home/mairon/ti/ccsv8/tools/compiler/ti-cgt-arm_18.1.3.LTS/lib/</path>
         <kind>archive</kind>
         <file>rtsv7M4_T_le_v4SPD16_eabi.lib</file>
         <name>_lock.c.obj</name>
      </input_file>
      <input_file id="fl-da">
         <path>/home/mairon/ti/ccsv8/tools/compiler/ti-cgt-arm_18.1.3.LTS/lib/</path>
         <kind>archive</kind>
         <file>rtsv7M4_T_le_v4SPD16_eabi.lib</file>
         <name>_printfi.c.obj</name>
      </input_file>
      <input_file id="fl-db">
         <path>/home/mairon/ti/ccsv8/tools/compiler/ti-cgt-arm_18.1.3.LTS/lib/</path>
         <kind>archive</kind>
         <file>rtsv7M4_T_le_v4SPD16_eabi.lib</file>
         <name>args_main.c.obj</name>
      </input_file>
      <input_file id="fl-dc">
         <path>/home/mairon/ti/ccsv8/tools/compiler/ti-cgt-arm_18.1.3.LTS/lib/</path>
         <kind>archive</kind>
         <file>rtsv7M4_T_le_v4SPD16_eabi.lib</file>
         <name>atoi.c.obj</name>
      </input_file>
      <input_file id="fl-dd">
         <path>/home/mairon/ti/ccsv8/tools/compiler/ti-cgt-arm_18.1.3.LTS/lib/</path>
         <kind>archive</kind>
         <file>rtsv7M4_T_le_v4SPD16_eabi.lib</file>
         <name>ctype.c.obj</name>
      </input_file>
      <input_file id="fl-de">
         <path>/home/mairon/ti/ccsv8/tools/compiler/ti-cgt-arm_18.1.3.LTS/lib/</path>
         <kind>archive</kind>
         <file>rtsv7M4_T_le_v4SPD16_eabi.lib</file>
         <name>ltoa.c.obj</name>
      </input_file>
      <input_file id="fl-df">
         <path>/home/mairon/ti/ccsv8/tools/compiler/ti-cgt-arm_18.1.3.LTS/lib/</path>
         <kind>archive</kind>
         <file>rtsv7M4_T_le_v4SPD16_eabi.lib</file>
         <name>memccpy.c.obj</name>
      </input_file>
      <input_file id="fl-e0">
         <path>/home/mairon/ti/ccsv8/tools/compiler/ti-cgt-arm_18.1.3.LTS/lib/</path>
         <kind>archive</kind>
         <file>rtsv7M4_T_le_v4SPD16_eabi.lib</file>
         <name>strchr.c.obj</name>
      </input_file>
      <input_file id="fl-e1">
         <path>/home/mairon/ti/ccsv8/tools/compiler/ti-cgt-arm_18.1.3.LTS/lib/</path>
         <kind>archive</kind>
         <file>rtsv7M4_T_le_v4SPD16_eabi.lib</file>
         <name>strlen.c.obj</name>
      </input_file>
      <input_file id="fl-e2">
         <path>/home/mairon/ti/ccsv8/tools/compiler/ti-cgt-arm_18.1.3.LTS/lib/</path>
         <kind>archive</kind>
         <file>rtsv7M4_T_le_v4SPD16_eabi.lib</file>
         <name>errno.c.obj</name>
      </input_file>
      <input_file id="fl-e3">
         <path>/home/mairon/ti/ccsv8/tools/compiler/ti-cgt-arm_18.1.3.LTS/lib/</path>
         <kind>archive</kind>
         <file>rtsv7M4_T_le_v4SPD16_eabi.lib</file>
         <name>s_frexp.c.obj</name>
      </input_file>
      <input_file id="fl-e4">
         <path>/home/mairon/ti/ccsv8/tools/compiler/ti-cgt-arm_18.1.3.LTS/lib/</path>
         <kind>archive</kind>
         <file>rtsv7M4_T_le_v4SPD16_eabi.lib</file>
         <name>s_scalbn.c.obj</name>
      </input_file>
      <input_file id="fl-e5">
         <path>/home/mairon/ti/ccsv8/tools/compiler/ti-cgt-arm_18.1.3.LTS/lib/</path>
         <kind>archive</kind>
         <file>rtsv7M4_T_le_v4SPD16_eabi.lib</file>
         <name>wcslen.c.obj</name>
      </input_file>
      <input_file id="fl-e6">
         <path>/home/mairon/ti/ccsv8/tools/compiler/ti-cgt-arm_18.1.3.LTS/lib/</path>
         <kind>archive</kind>
         <file>rtsv7M4_T_le_v4SPD16_eabi.lib</file>
         <name>s_copysign.c.obj</name>
      </input_file>
      <input_file id="fl-e7">
         <path>/home/mairon/ti/ccsv8/tools/compiler/ti-cgt-arm_18.1.3.LTS/lib/</path>
         <kind>archive</kind>
         <file>rtsv7M4_T_le_v4SPD16_eabi.lib</file>
         <name>ull_div_t2.asm.obj</name>
      </input_file>
      <input_file id="fl-e8">
         <path>/home/mairon/ti/ccsv8/tools/compiler/ti-cgt-arm_18.1.3.LTS/lib/</path>
         <kind>archive</kind>
         <file>rtsv7M4_T_le_v4SPD16_eabi.lib</file>
         <name>fd_cmp_t2.asm.obj</name>
      </input_file>
   </input_file_list>
   <object_component_list>
      <object_component id="oc-f">
         <name>.intvecs</name>
         <load_address>0x0</load_address>
         <run_address>0x0</run_address>
         <size>0x26c</size>
         <input_file_ref idref="fl-4"/>
      </object_component>
      <object_component id="oc-89">
         <name>.text</name>
         <load_address>0x26c</load_address>
         <run_address>0x26c</run_address>
         <size>0x2b04</size>
         <input_file_ref idref="fl-3"/>
      </object_component>
      <object_component id="oc-291">
         <name>.text:__TI_printfi</name>
         <load_address>0x2d70</load_address>
         <run_address>0x2d70</run_address>
         <size>0xa5e</size>
         <input_file_ref idref="fl-da"/>
      </object_component>
      <object_component id="oc-254">
         <name>.text</name>
         <load_address>0x37ce</load_address>
         <run_address>0x37ce</run_address>
         <size>0x2</size>
         <input_file_ref idref="fl-d2"/>
      </object_component>
      <object_component id="oc-d6">
         <name>.text</name>
         <load_address>0x37d0</load_address>
         <run_address>0x37d0</run_address>
         <size>0x80c</size>
         <input_file_ref idref="fl-2"/>
      </object_component>
      <object_component id="oc-9c">
         <name>.text</name>
         <load_address>0x3fdc</load_address>
         <run_address>0x3fdc</run_address>
         <size>0x49c</size>
         <input_file_ref idref="fl-6"/>
      </object_component>
      <object_component id="oc-304">
         <name>.text:_pconv_a</name>
         <load_address>0x4478</load_address>
         <run_address>0x4478</run_address>
         <size>0x270</size>
         <input_file_ref idref="fl-da"/>
      </object_component>
      <object_component id="oc-2f2">
         <name>.text:_pconv_g</name>
         <load_address>0x46e8</load_address>
         <run_address>0x46e8</run_address>
         <size>0x1d0</size>
         <input_file_ref idref="fl-da"/>
      </object_component>
      <object_component id="oc-1b2">
         <name>.text</name>
         <load_address>0x48b8</load_address>
         <run_address>0x48b8</run_address>
         <size>0x1b6</size>
         <input_file_ref idref="fl-c6"/>
      </object_component>
      <object_component id="oc-2fe">
         <name>.text:_pconv_e</name>
         <load_address>0x4a70</load_address>
         <run_address>0x4a70</run_address>
         <size>0x13c</size>
         <input_file_ref idref="fl-da"/>
      </object_component>
      <object_component id="oc-1ad">
         <name>.text</name>
         <load_address>0x4bac</load_address>
         <run_address>0x4bac</run_address>
         <size>0x136</size>
         <input_file_ref idref="fl-c7"/>
      </object_component>
      <object_component id="oc-376">
         <name>.text:fcvt</name>
         <load_address>0x4ce4</load_address>
         <run_address>0x4ce4</run_address>
         <size>0x120</size>
         <input_file_ref idref="fl-da"/>
      </object_component>
      <object_component id="oc-198">
         <name>.text</name>
         <load_address>0x4e04</load_address>
         <run_address>0x4e04</run_address>
         <size>0x110</size>
         <input_file_ref idref="fl-1"/>
      </object_component>
      <object_component id="oc-38a">
         <name>.text:scalbn</name>
         <load_address>0x4f14</load_address>
         <run_address>0x4f14</run_address>
         <size>0x110</size>
         <input_file_ref idref="fl-e4"/>
      </object_component>
      <object_component id="oc-1a3">
         <name>.text</name>
         <load_address>0x5024</load_address>
         <run_address>0x5024</run_address>
         <size>0xfc</size>
         <input_file_ref idref="fl-c8"/>
      </object_component>
      <object_component id="oc-2a">
         <name>.text</name>
         <load_address>0x5120</load_address>
         <run_address>0x5120</run_address>
         <size>0xd0</size>
         <input_file_ref idref="fl-5"/>
      </object_component>
      <object_component id="oc-2e7">
         <name>.text:_ltostr</name>
         <load_address>0x51f0</load_address>
         <run_address>0x51f0</run_address>
         <size>0xb1</size>
         <input_file_ref idref="fl-da"/>
      </object_component>
      <object_component id="oc-3e">
         <name>.text</name>
         <load_address>0x52a2</load_address>
         <run_address>0x52a2</run_address>
         <size>0x9c</size>
         <input_file_ref idref="fl-d4"/>
      </object_component>
      <object_component id="oc-357">
         <name>.text</name>
         <load_address>0x533e</load_address>
         <run_address>0x533e</run_address>
         <size>0x96</size>
         <input_file_ref idref="fl-e7"/>
      </object_component>
      <object_component id="oc-2ed">
         <name>.text:__aeabi_cdcmple</name>
         <load_address>0x53d4</load_address>
         <run_address>0x53d4</run_address>
         <size>0x86</size>
         <input_file_ref idref="fl-e8"/>
      </object_component>
      <object_component id="oc-35e">
         <name>.text:__aeabi_cdrcmple</name>
         <load_address>0x545a</load_address>
         <run_address>0x545a</run_address>
         <size>0x86</size>
         <input_file_ref idref="fl-e8"/>
      </object_component>
      <object_component id="oc-ca">
         <name>.text</name>
         <load_address>0x54e0</load_address>
         <run_address>0x54e0</run_address>
         <size>0x7a</size>
         <input_file_ref idref="fl-d3"/>
      </object_component>
      <object_component id="oc-36f">
         <name>.text:_mcpy</name>
         <load_address>0x555a</load_address>
         <run_address>0x555a</run_address>
         <size>0x6e</size>
         <input_file_ref idref="fl-da"/>
      </object_component>
      <object_component id="oc-1a8">
         <name>.text</name>
         <load_address>0x55c8</load_address>
         <run_address>0x55c8</run_address>
         <size>0x6e</size>
         <input_file_ref idref="fl-ca"/>
      </object_component>
      <object_component id="oc-12">
         <name>.text:decompress:lzss:__TI_decompress_lzss</name>
         <load_address>0x5636</load_address>
         <run_address>0x5636</run_address>
         <size>0x68</size>
         <input_file_ref idref="fl-cf"/>
      </object_component>
      <object_component id="oc-384">
         <name>.text:frexp</name>
         <load_address>0x56a0</load_address>
         <run_address>0x56a0</run_address>
         <size>0x64</size>
         <input_file_ref idref="fl-e3"/>
      </object_component>
      <object_component id="oc-2f8">
         <name>.text:_pconv_f</name>
         <load_address>0x5704</load_address>
         <run_address>0x5704</run_address>
         <size>0x56</size>
         <input_file_ref idref="fl-da"/>
      </object_component>
      <object_component id="oc-363">
         <name>.text:ltoa</name>
         <load_address>0x575a</load_address>
         <run_address>0x575a</run_address>
         <size>0x54</size>
         <input_file_ref idref="fl-de"/>
      </object_component>
      <object_component id="oc-369">
         <name>.text:_ecpy</name>
         <load_address>0x57ae</load_address>
         <run_address>0x57ae</run_address>
         <size>0x52</size>
         <input_file_ref idref="fl-da"/>
      </object_component>
      <object_component id="oc-261">
         <name>.text:I2CMasterInitExpClk</name>
         <load_address>0x5800</load_address>
         <run_address>0x5800</run_address>
         <size>0x4c</size>
         <input_file_ref idref="fl-e"/>
      </object_component>
      <object_component id="oc-2e1">
         <name>.text:atoi</name>
         <load_address>0x584c</load_address>
         <run_address>0x584c</run_address>
         <size>0x4c</size>
         <input_file_ref idref="fl-dc"/>
      </object_component>
      <object_component id="oc-1b7">
         <name>.text</name>
         <load_address>0x5898</load_address>
         <run_address>0x5898</run_address>
         <size>0x48</size>
         <input_file_ref idref="fl-c9"/>
      </object_component>
      <object_component id="oc-96">
         <name>.text:UARTConfigSetExpClk</name>
         <load_address>0x58e0</load_address>
         <run_address>0x58e0</run_address>
         <size>0x46</size>
         <input_file_ref idref="fl-f"/>
      </object_component>
      <object_component id="oc-1e4">
         <name>.text:__TI_auto_init_nobinit_nopinit:__TI_auto_init_nobinit_nopinit</name>
         <load_address>0x5928</load_address>
         <run_address>0x5928</run_address>
         <size>0x44</size>
         <input_file_ref idref="fl-d5"/>
      </object_component>
      <object_component id="oc-172">
         <name>.text</name>
         <load_address>0x596c</load_address>
         <run_address>0x596c</run_address>
         <size>0x40</size>
         <input_file_ref idref="fl-c5"/>
      </object_component>
      <object_component id="oc-1c7">
         <name>.text:sprintf</name>
         <load_address>0x59ac</load_address>
         <run_address>0x59ac</run_address>
         <size>0x40</size>
         <input_file_ref idref="fl-d0"/>
      </object_component>
      <object_component id="oc-37c">
         <name>.text:_fcpy</name>
         <load_address>0x59ec</load_address>
         <run_address>0x59ec</run_address>
         <size>0x3e</size>
         <input_file_ref idref="fl-da"/>
      </object_component>
      <object_component id="oc-5c">
         <name>.text:_c_int00_noargs:_c_int00_noargs</name>
         <load_address>0x5a2c</load_address>
         <run_address>0x5a2c</run_address>
         <size>0x38</size>
         <input_file_ref idref="fl-d1"/>
      </object_component>
      <object_component id="oc-1bc">
         <name>.text</name>
         <load_address>0x5a64</load_address>
         <run_address>0x5a64</run_address>
         <size>0x38</size>
         <input_file_ref idref="fl-cb"/>
      </object_component>
      <object_component id="oc-19e">
         <name>.text</name>
         <load_address>0x5a9c</load_address>
         <run_address>0x5a9c</run_address>
         <size>0x2e</size>
         <input_file_ref idref="fl-cc"/>
      </object_component>
      <object_component id="oc-150">
         <name>.text:UARTDisable</name>
         <load_address>0x5acc</load_address>
         <run_address>0x5acc</run_address>
         <size>0x20</size>
         <input_file_ref idref="fl-f"/>
      </object_component>
      <object_component id="oc-30a">
         <name>.text:memccpy</name>
         <load_address>0x5aec</load_address>
         <run_address>0x5aec</run_address>
         <size>0x1c</size>
         <input_file_ref idref="fl-df"/>
      </object_component>
      <object_component id="oc-297">
         <name>.text:_outs</name>
         <load_address>0x5b08</load_address>
         <run_address>0x5b08</run_address>
         <size>0x18</size>
         <input_file_ref idref="fl-d0"/>
      </object_component>
      <object_component id="oc-390">
         <name>.text:strchr</name>
         <load_address>0x5b20</load_address>
         <run_address>0x5b20</run_address>
         <size>0x16</size>
         <input_file_ref idref="fl-e0"/>
      </object_component>
      <object_component id="oc-156">
         <name>.text:UARTEnable</name>
         <load_address>0x5b36</load_address>
         <run_address>0x5b36</run_address>
         <size>0x14</size>
         <input_file_ref idref="fl-f"/>
      </object_component>
      <object_component id="oc-3db">
         <name>.text:copysign</name>
         <load_address>0x5b4a</load_address>
         <run_address>0x5b4a</run_address>
         <size>0x14</size>
         <input_file_ref idref="fl-e6"/>
      </object_component>
      <object_component id="oc-2db">
         <name>.text:strlen</name>
         <load_address>0x5b5e</load_address>
         <run_address>0x5b5e</run_address>
         <size>0x14</size>
         <input_file_ref idref="fl-e1"/>
      </object_component>
      <object_component id="oc-4a">
         <name>.text:decompress:ZI:__TI_zero_init_nomemset:__TI_zero_init_nomemset</name>
         <load_address>0x5b72</load_address>
         <run_address>0x5b72</run_address>
         <size>0x12</size>
         <input_file_ref idref="fl-cd"/>
      </object_component>
      <object_component id="oc-310">
         <name>.text:wcslen</name>
         <load_address>0x5b84</load_address>
         <run_address>0x5b84</run_address>
         <size>0x12</size>
         <input_file_ref idref="fl-e5"/>
      </object_component>
      <object_component id="oc-7d">
         <name>.text:UARTCharGetNonBlocking</name>
         <load_address>0x5b96</load_address>
         <run_address>0x5b96</run_address>
         <size>0xe</size>
         <input_file_ref idref="fl-f"/>
      </object_component>
      <object_component id="oc-83">
         <name>.text:UARTCharPutNonBlocking</name>
         <load_address>0x5ba4</load_address>
         <run_address>0x5ba4</run_address>
         <size>0xe</size>
         <input_file_ref idref="fl-f"/>
      </object_component>
      <object_component id="oc-90">
         <name>.text:UARTCharsAvail</name>
         <load_address>0x5bb2</load_address>
         <run_address>0x5bb2</run_address>
         <size>0xe</size>
         <input_file_ref idref="fl-f"/>
      </object_component>
      <object_component id="oc-18">
         <name>.text:decompress:none:__TI_decompress_none</name>
         <load_address>0x5bc0</load_address>
         <run_address>0x5bc0</run_address>
         <size>0xe</size>
         <input_file_ref idref="fl-ce"/>
      </object_component>
      <object_component id="oc-fd">
         <name>.text:CPUcpsid</name>
         <load_address>0x5bce</load_address>
         <run_address>0x5bce</run_address>
         <size>0xc</size>
         <input_file_ref idref="fl-d"/>
      </object_component>
      <object_component id="oc-f7">
         <name>.text:CPUcpsie</name>
         <load_address>0x5bda</load_address>
         <run_address>0x5bda</run_address>
         <size>0xc</size>
         <input_file_ref idref="fl-d"/>
      </object_component>
      <object_component id="oc-24">
         <name>.text</name>
         <load_address>0x5be6</load_address>
         <run_address>0x5be6</run_address>
         <size>0xc</size>
         <input_file_ref idref="fl-4"/>
      </object_component>
      <object_component id="oc-10f">
         <name>.text:CPUbasepriGet</name>
         <load_address>0x5bf2</load_address>
         <run_address>0x5bf2</run_address>
         <size>0xa</size>
         <input_file_ref idref="fl-d"/>
      </object_component>
      <object_component id="oc-2ce">
         <name>.text:I2CMasterEnable</name>
         <load_address>0x5bfc</load_address>
         <run_address>0x5bfc</run_address>
         <size>0xa</size>
         <input_file_ref idref="fl-e"/>
      </object_component>
      <object_component id="oc-163">
         <name>.text:UARTCharGet</name>
         <load_address>0x5c06</load_address>
         <run_address>0x5c06</run_address>
         <size>0xa</size>
         <input_file_ref idref="fl-f"/>
      </object_component>
      <object_component id="oc-15d">
         <name>.text:UARTCharPut</name>
         <load_address>0x5c10</load_address>
         <run_address>0x5c10</run_address>
         <size>0xa</size>
         <input_file_ref idref="fl-f"/>
      </object_component>
      <object_component id="oc-71">
         <name>.text:UARTIntStatus</name>
         <load_address>0x5c1a</load_address>
         <run_address>0x5c1a</run_address>
         <size>0xa</size>
         <input_file_ref idref="fl-f"/>
      </object_component>
      <object_component id="oc-29d">
         <name>.text:_outc</name>
         <load_address>0x5c24</load_address>
         <run_address>0x5c24</run_address>
         <size>0xa</size>
         <input_file_ref idref="fl-d0"/>
      </object_component>
      <object_component id="oc-279">
         <name>.text:I2CMasterBusy</name>
         <load_address>0x5c2e</load_address>
         <run_address>0x5c2e</run_address>
         <size>0x8</size>
         <input_file_ref idref="fl-e"/>
      </object_component>
      <object_component id="oc-267">
         <name>.text:I2CMasterSlaveAddrSet</name>
         <load_address>0x5c36</load_address>
         <run_address>0x5c36</run_address>
         <size>0x8</size>
         <input_file_ref idref="fl-e"/>
      </object_component>
      <object_component id="oc-a2">
         <name>.text:UARTIntEnable</name>
         <load_address>0x5c3e</load_address>
         <run_address>0x5c3e</run_address>
         <size>0x8</size>
         <input_file_ref idref="fl-f"/>
      </object_component>
      <object_component id="oc-316">
         <name>.text:__aeabi_errno_addr</name>
         <load_address>0x5c48</load_address>
         <run_address>0x5c48</run_address>
         <size>0x8</size>
         <input_file_ref idref="fl-e2"/>
      </object_component>
      <object_component id="oc-109">
         <name>.text:CPUbasepriSet</name>
         <load_address>0x5c50</load_address>
         <run_address>0x5c50</run_address>
         <size>0x6</size>
         <input_file_ref idref="fl-d"/>
      </object_component>
      <object_component id="oc-8f">
         <name>.text:SysCtlDelay</name>
         <load_address>0x5c56</load_address>
         <run_address>0x5c56</run_address>
         <size>0x6</size>
         <input_file_ref idref="fl-3"/>
      </object_component>
      <object_component id="oc-127">
         <name>.text:CPUwfi</name>
         <load_address>0x5c5c</load_address>
         <run_address>0x5c5c</run_address>
         <size>0x4</size>
         <input_file_ref idref="fl-d"/>
      </object_component>
      <object_component id="oc-273">
         <name>.text:I2CMasterControl</name>
         <load_address>0x5c60</load_address>
         <run_address>0x5c60</run_address>
         <size>0x4</size>
         <input_file_ref idref="fl-e"/>
      </object_component>
      <object_component id="oc-27f">
         <name>.text:I2CMasterDataGet</name>
         <load_address>0x5c64</load_address>
         <run_address>0x5c64</run_address>
         <size>0x4</size>
         <input_file_ref idref="fl-e"/>
      </object_component>
      <object_component id="oc-26d">
         <name>.text:I2CMasterDataPut</name>
         <load_address>0x5c68</load_address>
         <run_address>0x5c68</run_address>
         <size>0x4</size>
         <input_file_ref idref="fl-e"/>
      </object_component>
      <object_component id="oc-77">
         <name>.text:UARTIntClear</name>
         <load_address>0x5c6c</load_address>
         <run_address>0x5c6c</run_address>
         <size>0x4</size>
         <input_file_ref idref="fl-f"/>
      </object_component>
      <object_component id="oc-d0">
         <name>.text:_system_pre_init</name>
         <load_address>0x5c70</load_address>
         <run_address>0x5c70</run_address>
         <size>0x4</size>
         <input_file_ref idref="fl-d6"/>
      </object_component>
      <object_component id="oc-1d8">
         <name>.text:abort:abort</name>
         <load_address>0x5c74</load_address>
         <run_address>0x5c74</run_address>
         <size>0x4</size>
         <input_file_ref idref="fl-d8"/>
      </object_component>
      <object_component id="oc-133">
         <name>.const:g_pppui32XTALtoVCO</name>
         <load_address>0x5c78</load_address>
         <run_address>0x5c78</run_address>
         <size>0x1b0</size>
         <input_file_ref idref="fl-3"/>
      </object_component>
      <object_component id="oc-352">
         <name>.const:.string:_ctypes_</name>
         <load_address>0x5e28</load_address>
         <run_address>0x5e28</run_address>
         <size>0x101</size>
         <input_file_ref idref="fl-dd"/>
      </object_component>
      <object_component id="oc-13f">
         <name>.const:g_ppui32GPIOIntMapSnowflake</name>
         <load_address>0x5f2c</load_address>
         <run_address>0x5f2c</run_address>
         <size>0xd8</size>
         <input_file_ref idref="fl-3"/>
      </object_component>
      <object_component id="oc-13c">
         <name>.const:g_ppui32GPIOIntMapBlizzard</name>
         <load_address>0x6004</load_address>
         <run_address>0x6004</run_address>
         <size>0xc0</size>
         <input_file_ref idref="fl-3"/>
      </object_component>
      <object_component id="oc-115">
         <name>.const:g_pui32Regs</name>
         <load_address>0x60c4</load_address>
         <run_address>0x60c4</run_address>
         <size>0x9c</size>
         <input_file_ref idref="fl-3"/>
      </object_component>
      <object_component id="oc-142">
         <name>.const:g_pui32GPIOBaseAddrs</name>
         <load_address>0x6160</load_address>
         <run_address>0x6160</run_address>
         <size>0x90</size>
         <input_file_ref idref="fl-3"/>
      </object_component>
      <object_component id="oc-12d">
         <name>.const:g_pui32Xtals</name>
         <load_address>0x61f0</load_address>
         <run_address>0x61f0</run_address>
         <size>0x6c</size>
         <input_file_ref idref="fl-3"/>
      </object_component>
      <object_component id="oc-136">
         <name>.const:g_ppui32TimerIntMap</name>
         <load_address>0x625c</load_address>
         <run_address>0x625c</run_address>
         <size>0x60</size>
         <input_file_ref idref="fl-3"/>
      </object_component>
      <object_component id="oc-139">
         <name>.const:g_ppui32TimerIntMapSnowflake</name>
         <load_address>0x62bc</load_address>
         <run_address>0x62bc</run_address>
         <size>0x40</size>
         <input_file_ref idref="fl-3"/>
      </object_component>
      <object_component id="oc-124">
         <name>.const:g_sXTALtoMEMTIM</name>
         <load_address>0x62fc</load_address>
         <run_address>0x62fc</run_address>
         <size>0x30</size>
         <input_file_ref idref="fl-3"/>
      </object_component>
      <object_component id="oc-106">
         <name>.const:g_pui32Priority</name>
         <load_address>0x632c</load_address>
         <run_address>0x632c</run_address>
         <size>0x20</size>
         <input_file_ref idref="fl-3"/>
      </object_component>
      <object_component id="oc-11b">
         <name>.const:g_pui32Dii16Regs</name>
         <load_address>0x634c</load_address>
         <run_address>0x634c</run_address>
         <size>0x14</size>
         <input_file_ref idref="fl-3"/>
      </object_component>
      <object_component id="oc-118">
         <name>.const:g_pui32EnRegs</name>
         <load_address>0x6360</load_address>
         <run_address>0x6360</run_address>
         <size>0x14</size>
         <input_file_ref idref="fl-3"/>
      </object_component>
      <object_component id="oc-11e">
         <name>.const:g_pui32PendRegs</name>
         <load_address>0x6374</load_address>
         <run_address>0x6374</run_address>
         <size>0x14</size>
         <input_file_ref idref="fl-3"/>
      </object_component>
      <object_component id="oc-121">
         <name>.const:g_pui32UnpendRegs</name>
         <load_address>0x6388</load_address>
         <run_address>0x6388</run_address>
         <size>0x14</size>
         <input_file_ref idref="fl-3"/>
      </object_component>
      <object_component id="oc-25a">
         <name>.const:.string</name>
         <load_address>0x639c</load_address>
         <run_address>0x639c</run_address>
         <size>0x12</size>
         <input_file_ref idref="fl-6"/>
      </object_component>
      <object_component id="oc-16f">
         <name>.const:g_ui32UARTBase</name>
         <load_address>0x63b0</load_address>
         <run_address>0x63b0</run_address>
         <size>0xc</size>
         <input_file_ref idref="fl-6"/>
      </object_component>
      <object_component id="oc-169">
         <name>.const:g_ui32UARTPeriph</name>
         <load_address>0x63bc</load_address>
         <run_address>0x63bc</run_address>
         <size>0xc</size>
         <input_file_ref idref="fl-6"/>
      </object_component>
      <object_component id="oc-130">
         <name>.const:g_pui32VCOFrequencies</name>
         <load_address>0x63c8</load_address>
         <run_address>0x63c8</run_address>
         <size>0x8</size>
         <input_file_ref idref="fl-3"/>
      </object_component>
      <object_component id="oc-177">
         <name>.const</name>
         <load_address>0x63d0</load_address>
         <run_address>0x63d0</run_address>
         <size>0x4</size>
         <input_file_ref idref="fl-6"/>
      </object_component>
      <object_component id="oc-431">
         <name>.cinit..data.load</name>
         <load_address>0x63d8</load_address>
         <run_address>0x63d8</run_address>
         <size>0x16</size>
      </object_component>
      <object_component id="oc-42e">
         <name>__TI_handler_table</name>
         <load_address>0x63f0</load_address>
         <run_address>0x63f0</run_address>
         <size>0xc</size>
      </object_component>
      <object_component id="oc-430">
         <name>.cinit..vtable.load</name>
         <load_address>0x6400</load_address>
         <run_address>0x6400</run_address>
         <size>0x8</size>
      </object_component>
      <object_component id="oc-42f">
         <name>__TI_cinit_table</name>
         <load_address>0x6408</load_address>
         <run_address>0x6408</run_address>
         <size>0x10</size>
      </object_component>
      <object_component id="oc-103">
         <name>.vtable</name>
         <uninitialized>true</uninitialized>
         <run_address>0x20000000</run_address>
         <size>0x26c</size>
         <input_file_ref idref="fl-3"/>
      </object_component>
      <object_component id="oc-1c4">
         <name>.data:acclBias</name>
         <load_address>0x20000aa0</load_address>
         <run_address>0x20000aa0</run_address>
         <size>0xc</size>
         <input_file_ref idref="fl-2"/>
      </object_component>
      <object_component id="oc-1c1">
         <name>.data:gyroBias</name>
         <load_address>0x20000aac</load_address>
         <run_address>0x20000aac</run_address>
         <size>0xc</size>
         <input_file_ref idref="fl-2"/>
      </object_component>
      <object_component id="oc-1cd">
         <name>.data:mag_aj</name>
         <load_address>0x20000abd</load_address>
         <run_address>0x20000abd</run_address>
         <size>0x3</size>
         <input_file_ref idref="fl-2"/>
      </object_component>
      <object_component id="oc-1d3">
         <name>.data:mag_offset</name>
         <load_address>0x20000a70</load_address>
         <run_address>0x20000a70</run_address>
         <size>0x18</size>
         <input_file_ref idref="fl-2"/>
      </object_component>
      <object_component id="oc-1d0">
         <name>.data:mag_scale</name>
         <load_address>0x20000a88</load_address>
         <run_address>0x20000a88</run_address>
         <size>0x18</size>
         <input_file_ref idref="fl-2"/>
      </object_component>
      <object_component id="oc-145">
         <name>.data</name>
         <load_address>0x20000ac4</load_address>
         <run_address>0x20000ac4</run_address>
         <size>0x4</size>
         <input_file_ref idref="fl-3"/>
      </object_component>
      <object_component id="oc-16c">
         <name>.data</name>
         <load_address>0x20000ab8</load_address>
         <run_address>0x20000ab8</run_address>
         <size>0x5</size>
         <input_file_ref idref="fl-6"/>
      </object_component>
      <object_component id="oc-3a0">
         <name>.data</name>
         <load_address>0x20000ac0</load_address>
         <run_address>0x20000ac0</run_address>
         <size>0x4</size>
         <input_file_ref idref="fl-e2"/>
      </object_component>
      <object_component id="oc-21">
         <name>.stack</name>
         <uninitialized>true</uninitialized>
         <run_address>0x20000270</run_address>
         <size>0x4</size>
         <input_file_ref idref="fl-d1"/>
      </object_component>
      <object_component id="oc-432">
         <name>.stack</name>
         <uninitialized>true</uninitialized>
         <run_address>0x20000270</run_address>
         <size>0x0</size>
      </object_component>
      <object_component id="oc-187">
         <name>.debug_info</name>
         <load_address>0x0</load_address>
         <run_address>0x0</run_address>
         <size>0x506</size>
         <input_file_ref idref="fl-1"/>
      </object_component>
      <object_component id="oc-199">
         <name>.debug_info</name>
         <load_address>0x506</load_address>
         <run_address>0x506</run_address>
         <size>0x53b</size>
         <input_file_ref idref="fl-1"/>
      </object_component>
      <object_component id="oc-b0">
         <name>.debug_info</name>
         <load_address>0xa41</load_address>
         <run_address>0xa41</run_address>
         <size>0x26b</size>
         <input_file_ref idref="fl-1"/>
      </object_component>
      <object_component id="oc-ee">
         <name>.debug_info</name>
         <load_address>0xcac</load_address>
         <run_address>0xcac</run_address>
         <size>0x8b</size>
         <input_file_ref idref="fl-1"/>
      </object_component>
      <object_component id="oc-182">
         <name>.debug_info</name>
         <load_address>0xd37</load_address>
         <run_address>0xd37</run_address>
         <size>0x297</size>
         <input_file_ref idref="fl-1"/>
      </object_component>
      <object_component id="oc-149">
         <name>.debug_info</name>
         <load_address>0xfce</load_address>
         <run_address>0xfce</run_address>
         <size>0xef</size>
         <input_file_ref idref="fl-1"/>
      </object_component>
      <object_component id="oc-a9">
         <name>.debug_info</name>
         <load_address>0x10bd</load_address>
         <run_address>0x10bd</run_address>
         <size>0xbb</size>
         <input_file_ref idref="fl-1"/>
      </object_component>
      <object_component id="oc-17c">
         <name>.debug_info</name>
         <load_address>0x1178</load_address>
         <run_address>0x1178</run_address>
         <size>0x2c</size>
         <input_file_ref idref="fl-1"/>
      </object_component>
      <object_component id="oc-1d7">
         <name>.debug_info</name>
         <load_address>0x11a4</load_address>
         <run_address>0x11a4</run_address>
         <size>0x442</size>
         <input_file_ref idref="fl-2"/>
      </object_component>
      <object_component id="oc-1c5">
         <name>.debug_info</name>
         <load_address>0x15e6</load_address>
         <run_address>0x15e6</run_address>
         <size>0xd6</size>
         <input_file_ref idref="fl-2"/>
      </object_component>
      <object_component id="oc-1c2">
         <name>.debug_info</name>
         <load_address>0x16bc</load_address>
         <run_address>0x16bc</run_address>
         <size>0xd6</size>
         <input_file_ref idref="fl-2"/>
      </object_component>
      <object_component id="oc-1ce">
         <name>.debug_info</name>
         <load_address>0x1792</load_address>
         <run_address>0x1792</run_address>
         <size>0xd2</size>
         <input_file_ref idref="fl-2"/>
      </object_component>
      <object_component id="oc-1d4">
         <name>.debug_info</name>
         <load_address>0x1864</load_address>
         <run_address>0x1864</run_address>
         <size>0xda</size>
         <input_file_ref idref="fl-2"/>
      </object_component>
      <object_component id="oc-1d1">
         <name>.debug_info</name>
         <load_address>0x193e</load_address>
         <run_address>0x193e</run_address>
         <size>0xd8</size>
         <input_file_ref idref="fl-2"/>
      </object_component>
      <object_component id="oc-d7">
         <name>.debug_info</name>
         <load_address>0x1a16</load_address>
         <run_address>0x1a16</run_address>
         <size>0xd06</size>
         <input_file_ref idref="fl-2"/>
      </object_component>
      <object_component id="oc-39">
         <name>.debug_info</name>
         <load_address>0x271c</load_address>
         <run_address>0x271c</run_address>
         <size>0x84</size>
         <input_file_ref idref="fl-2"/>
      </object_component>
      <object_component id="oc-14e">
         <name>.debug_info</name>
         <load_address>0x27a0</load_address>
         <run_address>0x27a0</run_address>
         <size>0x46a</size>
         <input_file_ref idref="fl-3"/>
      </object_component>
      <object_component id="oc-107">
         <name>.debug_info</name>
         <load_address>0x2c0a</load_address>
         <run_address>0x2c0a</run_address>
         <size>0xe4</size>
         <input_file_ref idref="fl-3"/>
      </object_component>
      <object_component id="oc-116">
         <name>.debug_info</name>
         <load_address>0x2cee</load_address>
         <run_address>0x2cee</run_address>
         <size>0xdc</size>
         <input_file_ref idref="fl-3"/>
      </object_component>
      <object_component id="oc-119">
         <name>.debug_info</name>
         <load_address>0x2dca</load_address>
         <run_address>0x2dca</run_address>
         <size>0xe0</size>
         <input_file_ref idref="fl-3"/>
      </object_component>
      <object_component id="oc-11c">
         <name>.debug_info</name>
         <load_address>0x2eaa</load_address>
         <run_address>0x2eaa</run_address>
         <size>0xe6</size>
         <input_file_ref idref="fl-3"/>
      </object_component>
      <object_component id="oc-11f">
         <name>.debug_info</name>
         <load_address>0x2f90</load_address>
         <run_address>0x2f90</run_address>
         <size>0xe4</size>
         <input_file_ref idref="fl-3"/>
      </object_component>
      <object_component id="oc-122">
         <name>.debug_info</name>
         <load_address>0x3074</load_address>
         <run_address>0x3074</run_address>
         <size>0xe8</size>
         <input_file_ref idref="fl-3"/>
      </object_component>
      <object_component id="oc-104">
         <name>.debug_info</name>
         <load_address>0x315c</load_address>
         <run_address>0x315c</run_address>
         <size>0xe5</size>
         <input_file_ref idref="fl-3"/>
      </object_component>
      <object_component id="oc-12e">
         <name>.debug_info</name>
         <load_address>0x3241</load_address>
         <run_address>0x3241</run_address>
         <size>0xde</size>
         <input_file_ref idref="fl-3"/>
      </object_component>
      <object_component id="oc-134">
         <name>.debug_info</name>
         <load_address>0x331f</load_address>
         <run_address>0x331f</run_address>
         <size>0xea</size>
         <input_file_ref idref="fl-3"/>
      </object_component>
      <object_component id="oc-125">
         <name>.debug_info</name>
         <load_address>0x3409</load_address>
         <run_address>0x3409</run_address>
         <size>0xe4</size>
         <input_file_ref idref="fl-3"/>
      </object_component>
      <object_component id="oc-131">
         <name>.debug_info</name>
         <load_address>0x34ed</load_address>
         <run_address>0x34ed</run_address>
         <size>0xf1</size>
         <input_file_ref idref="fl-3"/>
      </object_component>
      <object_component id="oc-137">
         <name>.debug_info</name>
         <load_address>0x35de</load_address>
         <run_address>0x35de</run_address>
         <size>0xec</size>
         <input_file_ref idref="fl-3"/>
      </object_component>
      <object_component id="oc-13a">
         <name>.debug_info</name>
         <load_address>0x36ca</load_address>
         <run_address>0x36ca</run_address>
         <size>0xfe</size>
         <input_file_ref idref="fl-3"/>
      </object_component>
      <object_component id="oc-13d">
         <name>.debug_info</name>
         <load_address>0x37c8</load_address>
         <run_address>0x37c8</run_address>
         <size>0xfa</size>
         <input_file_ref idref="fl-3"/>
      </object_component>
      <object_component id="oc-140">
         <name>.debug_info</name>
         <load_address>0x38c2</load_address>
         <run_address>0x38c2</run_address>
         <size>0xfc</size>
         <input_file_ref idref="fl-3"/>
      </object_component>
      <object_component id="oc-143">
         <name>.debug_info</name>
         <load_address>0x39be</load_address>
         <run_address>0x39be</run_address>
         <size>0xee</size>
         <input_file_ref idref="fl-3"/>
      </object_component>
      <object_component id="oc-146">
         <name>.debug_info</name>
         <load_address>0x3aac</load_address>
         <run_address>0x3aac</run_address>
         <size>0xd3</size>
         <input_file_ref idref="fl-3"/>
      </object_component>
      <object_component id="oc-8a">
         <name>.debug_info</name>
         <load_address>0x3b7f</load_address>
         <run_address>0x3b7f</run_address>
         <size>0xd749</size>
         <input_file_ref idref="fl-3"/>
      </object_component>
      <object_component id="oc-241">
         <name>.debug_info</name>
         <load_address>0x112c8</load_address>
         <run_address>0x112c8</run_address>
         <size>0x51</size>
         <input_file_ref idref="fl-3"/>
      </object_component>
      <object_component id="oc-245">
         <name>.debug_info</name>
         <load_address>0x11319</load_address>
         <run_address>0x11319</run_address>
         <size>0x86</size>
         <input_file_ref idref="fl-3"/>
      </object_component>
      <object_component id="oc-32">
         <name>.debug_info</name>
         <load_address>0x1139f</load_address>
         <run_address>0x1139f</run_address>
         <size>0x2d7</size>
         <input_file_ref idref="fl-4"/>
      </object_component>
      <object_component id="oc-10">
         <name>.debug_info</name>
         <load_address>0x11676</load_address>
         <run_address>0x11676</run_address>
         <size>0xf2</size>
         <input_file_ref idref="fl-4"/>
      </object_component>
      <object_component id="oc-25">
         <name>.debug_info</name>
         <load_address>0x11768</load_address>
         <run_address>0x11768</run_address>
         <size>0x26e</size>
         <input_file_ref idref="fl-4"/>
      </object_component>
      <object_component id="oc-2b">
         <name>.debug_info</name>
         <load_address>0x119d6</load_address>
         <run_address>0x119d6</run_address>
         <size>0x3af</size>
         <input_file_ref idref="fl-5"/>
      </object_component>
      <object_component id="oc-17b">
         <name>.debug_info</name>
         <load_address>0x11d85</load_address>
         <run_address>0x11d85</run_address>
         <size>0x40c</size>
         <input_file_ref idref="fl-6"/>
      </object_component>
      <object_component id="oc-16d">
         <name>.debug_info</name>
         <load_address>0x12191</load_address>
         <run_address>0x12191</run_address>
         <size>0x103</size>
         <input_file_ref idref="fl-6"/>
      </object_component>
      <object_component id="oc-178">
         <name>.debug_info</name>
         <load_address>0x12294</load_address>
         <run_address>0x12294</run_address>
         <size>0xfd</size>
         <input_file_ref idref="fl-6"/>
      </object_component>
      <object_component id="oc-170">
         <name>.debug_info</name>
         <load_address>0x12391</load_address>
         <run_address>0x12391</run_address>
         <size>0x10b</size>
         <input_file_ref idref="fl-6"/>
      </object_component>
      <object_component id="oc-16a">
         <name>.debug_info</name>
         <load_address>0x1249c</load_address>
         <run_address>0x1249c</run_address>
         <size>0x10f</size>
         <input_file_ref idref="fl-6"/>
      </object_component>
      <object_component id="oc-9d">
         <name>.debug_info</name>
         <load_address>0x125ab</load_address>
         <run_address>0x125ab</run_address>
         <size>0x968</size>
         <input_file_ref idref="fl-6"/>
      </object_component>
      <object_component id="oc-129">
         <name>.debug_info</name>
         <load_address>0x12f13</load_address>
         <run_address>0x12f13</run_address>
         <size>0x20a</size>
         <input_file_ref idref="fl-d"/>
      </object_component>
      <object_component id="oc-f9">
         <name>.debug_info</name>
         <load_address>0x1311d</load_address>
         <run_address>0x1311d</run_address>
         <size>0x212</size>
         <input_file_ref idref="fl-d"/>
      </object_component>
      <object_component id="oc-ff">
         <name>.debug_info</name>
         <load_address>0x1332f</load_address>
         <run_address>0x1332f</run_address>
         <size>0x20f</size>
         <input_file_ref idref="fl-d"/>
      </object_component>
      <object_component id="oc-10b">
         <name>.debug_info</name>
         <load_address>0x1353e</load_address>
         <run_address>0x1353e</run_address>
         <size>0x23d</size>
         <input_file_ref idref="fl-d"/>
      </object_component>
      <object_component id="oc-111">
         <name>.debug_info</name>
         <load_address>0x1377b</load_address>
         <run_address>0x1377b</run_address>
         <size>0x21c</size>
         <input_file_ref idref="fl-d"/>
      </object_component>
      <object_component id="oc-e9">
         <name>.debug_info</name>
         <load_address>0x13997</load_address>
         <run_address>0x13997</run_address>
         <size>0x18b</size>
         <input_file_ref idref="fl-d"/>
      </object_component>
      <object_component id="oc-2d5">
         <name>.debug_info</name>
         <load_address>0x13b22</load_address>
         <run_address>0x13b22</run_address>
         <size>0x231</size>
         <input_file_ref idref="fl-e"/>
      </object_component>
      <object_component id="oc-268">
         <name>.debug_info</name>
         <load_address>0x13d53</load_address>
         <run_address>0x13d53</run_address>
         <size>0x2ce</size>
         <input_file_ref idref="fl-e"/>
      </object_component>
      <object_component id="oc-2cf">
         <name>.debug_info</name>
         <load_address>0x14021</load_address>
         <run_address>0x14021</run_address>
         <size>0x24e</size>
         <input_file_ref idref="fl-e"/>
      </object_component>
      <object_component id="oc-262">
         <name>.debug_info</name>
         <load_address>0x1426f</load_address>
         <run_address>0x1426f</run_address>
         <size>0x2d5</size>
         <input_file_ref idref="fl-e"/>
      </object_component>
      <object_component id="oc-26e">
         <name>.debug_info</name>
         <load_address>0x14544</load_address>
         <run_address>0x14544</run_address>
         <size>0x27e</size>
         <input_file_ref idref="fl-e"/>
      </object_component>
      <object_component id="oc-280">
         <name>.debug_info</name>
         <load_address>0x147c2</load_address>
         <run_address>0x147c2</run_address>
         <size>0x254</size>
         <input_file_ref idref="fl-e"/>
      </object_component>
      <object_component id="oc-274">
         <name>.debug_info</name>
         <load_address>0x14a16</load_address>
         <run_address>0x14a16</run_address>
         <size>0x27e</size>
         <input_file_ref idref="fl-e"/>
      </object_component>
      <object_component id="oc-27a">
         <name>.debug_info</name>
         <load_address>0x14c94</load_address>
         <run_address>0x14c94</run_address>
         <size>0x24e</size>
         <input_file_ref idref="fl-e"/>
      </object_component>
      <object_component id="oc-f3">
         <name>.debug_info</name>
         <load_address>0x14ee2</load_address>
         <run_address>0x14ee2</run_address>
         <size>0x227</size>
         <input_file_ref idref="fl-f"/>
      </object_component>
      <object_component id="oc-73">
         <name>.debug_info</name>
         <load_address>0x15109</load_address>
         <run_address>0x15109</run_address>
         <size>0x27f</size>
         <input_file_ref idref="fl-f"/>
      </object_component>
      <object_component id="oc-a4">
         <name>.debug_info</name>
         <load_address>0x15388</load_address>
         <run_address>0x15388</run_address>
         <size>0x28f</size>
         <input_file_ref idref="fl-f"/>
      </object_component>
      <object_component id="oc-7a">
         <name>.debug_info</name>
         <load_address>0x15617</load_address>
         <run_address>0x15617</run_address>
         <size>0x28d</size>
         <input_file_ref idref="fl-f"/>
      </object_component>
      <object_component id="oc-15a">
         <name>.debug_info</name>
         <load_address>0x158a4</load_address>
         <run_address>0x158a4</run_address>
         <size>0x247</size>
         <input_file_ref idref="fl-f"/>
      </object_component>
      <object_component id="oc-152">
         <name>.debug_info</name>
         <load_address>0x15aeb</load_address>
         <run_address>0x15aeb</run_address>
         <size>0x249</size>
         <input_file_ref idref="fl-f"/>
      </object_component>
      <object_component id="oc-97">
         <name>.debug_info</name>
         <load_address>0x15d34</load_address>
         <run_address>0x15d34</run_address>
         <size>0x326</size>
         <input_file_ref idref="fl-f"/>
      </object_component>
      <object_component id="oc-92">
         <name>.debug_info</name>
         <load_address>0x1605a</load_address>
         <run_address>0x1605a</run_address>
         <size>0x253</size>
         <input_file_ref idref="fl-f"/>
      </object_component>
      <object_component id="oc-85">
         <name>.debug_info</name>
         <load_address>0x162ad</load_address>
         <run_address>0x162ad</run_address>
         <size>0x28d</size>
         <input_file_ref idref="fl-f"/>
      </object_component>
      <object_component id="oc-160">
         <name>.debug_info</name>
         <load_address>0x1653a</load_address>
         <run_address>0x1653a</run_address>
         <size>0x273</size>
         <input_file_ref idref="fl-f"/>
      </object_component>
      <object_component id="oc-80">
         <name>.debug_info</name>
         <load_address>0x167ad</load_address>
         <run_address>0x167ad</run_address>
         <size>0x263</size>
         <input_file_ref idref="fl-f"/>
      </object_component>
      <object_component id="oc-165">
         <name>.debug_info</name>
         <load_address>0x16a10</load_address>
         <run_address>0x16a10</run_address>
         <size>0x24d</size>
         <input_file_ref idref="fl-f"/>
      </object_component>
      <object_component id="oc-173">
         <name>.debug_info</name>
         <load_address>0x16c5d</load_address>
         <run_address>0x16c5d</run_address>
         <size>0x13a</size>
         <input_file_ref idref="fl-c5"/>
      </object_component>
      <object_component id="oc-1b3">
         <name>.debug_info</name>
         <load_address>0x16d97</load_address>
         <run_address>0x16d97</run_address>
         <size>0x144</size>
         <input_file_ref idref="fl-c6"/>
      </object_component>
      <object_component id="oc-1ae">
         <name>.debug_info</name>
         <load_address>0x16edb</load_address>
         <run_address>0x16edb</run_address>
         <size>0x132</size>
         <input_file_ref idref="fl-c7"/>
      </object_component>
      <object_component id="oc-1a4">
         <name>.debug_info</name>
         <load_address>0x1700d</load_address>
         <run_address>0x1700d</run_address>
         <size>0x132</size>
         <input_file_ref idref="fl-c8"/>
      </object_component>
      <object_component id="oc-1b8">
         <name>.debug_info</name>
         <load_address>0x1713f</load_address>
         <run_address>0x1713f</run_address>
         <size>0x126</size>
         <input_file_ref idref="fl-c9"/>
      </object_component>
      <object_component id="oc-1a9">
         <name>.debug_info</name>
         <load_address>0x17265</load_address>
         <run_address>0x17265</run_address>
         <size>0x136</size>
         <input_file_ref idref="fl-ca"/>
      </object_component>
      <object_component id="oc-1bd">
         <name>.debug_info</name>
         <load_address>0x1739b</load_address>
         <run_address>0x1739b</run_address>
         <size>0x124</size>
         <input_file_ref idref="fl-cb"/>
      </object_component>
      <object_component id="oc-19f">
         <name>.debug_info</name>
         <load_address>0x174bf</load_address>
         <run_address>0x174bf</run_address>
         <size>0x124</size>
         <input_file_ref idref="fl-cc"/>
      </object_component>
      <object_component id="oc-c9">
         <name>.debug_info</name>
         <load_address>0x175e3</load_address>
         <run_address>0x175e3</run_address>
         <size>0x313</size>
         <input_file_ref idref="fl-cd"/>
      </object_component>
      <object_component id="oc-4b">
         <name>.debug_info</name>
         <load_address>0x178f6</load_address>
         <run_address>0x178f6</run_address>
         <size>0x1b4</size>
         <input_file_ref idref="fl-cd"/>
      </object_component>
      <object_component id="oc-c4">
         <name>.debug_info</name>
         <load_address>0x17aaa</load_address>
         <run_address>0x17aaa</run_address>
         <size>0x46</size>
         <input_file_ref idref="fl-cd"/>
      </object_component>
      <object_component id="oc-18f">
         <name>.debug_info</name>
         <load_address>0x17af0</load_address>
         <run_address>0x17af0</run_address>
         <size>0x2c</size>
         <input_file_ref idref="fl-cd"/>
      </object_component>
      <object_component id="oc-49">
         <name>.debug_info</name>
         <load_address>0x17b1c</load_address>
         <run_address>0x17b1c</run_address>
         <size>0x29d</size>
         <input_file_ref idref="fl-ce"/>
      </object_component>
      <object_component id="oc-19">
         <name>.debug_info</name>
         <load_address>0x17db9</load_address>
         <run_address>0x17db9</run_address>
         <size>0x1df</size>
         <input_file_ref idref="fl-ce"/>
      </object_component>
      <object_component id="oc-44">
         <name>.debug_info</name>
         <load_address>0x17f98</load_address>
         <run_address>0x17f98</run_address>
         <size>0x46</size>
         <input_file_ref idref="fl-ce"/>
      </object_component>
      <object_component id="oc-bc">
         <name>.debug_info</name>
         <load_address>0x17fde</load_address>
         <run_address>0x17fde</run_address>
         <size>0x2c</size>
         <input_file_ref idref="fl-ce"/>
      </object_component>
      <object_component id="oc-ba">
         <name>.debug_info</name>
         <load_address>0x1800a</load_address>
         <run_address>0x1800a</run_address>
         <size>0x293</size>
         <input_file_ref idref="fl-cf"/>
      </object_component>
      <object_component id="oc-13">
         <name>.debug_info</name>
         <load_address>0x1829d</load_address>
         <run_address>0x1829d</run_address>
         <size>0x245</size>
         <input_file_ref idref="fl-cf"/>
      </object_component>
      <object_component id="oc-34">
         <name>.debug_info</name>
         <load_address>0x184e2</load_address>
         <run_address>0x184e2</run_address>
         <size>0x60</size>
         <input_file_ref idref="fl-cf"/>
      </object_component>
      <object_component id="oc-188">
         <name>.debug_info</name>
         <load_address>0x18542</load_address>
         <run_address>0x18542</run_address>
         <size>0x46</size>
         <input_file_ref idref="fl-cf"/>
      </object_component>
      <object_component id="oc-b5">
         <name>.debug_info</name>
         <load_address>0x18588</load_address>
         <run_address>0x18588</run_address>
         <size>0x39</size>
         <input_file_ref idref="fl-cf"/>
      </object_component>
      <object_component id="oc-2a4">
         <name>.debug_info</name>
         <load_address>0x185c1</load_address>
         <run_address>0x185c1</run_address>
         <size>0x328</size>
         <input_file_ref idref="fl-d0"/>
      </object_component>
      <object_component id="oc-1c8">
         <name>.debug_info</name>
         <load_address>0x188e9</load_address>
         <run_address>0x188e9</run_address>
         <size>0x1c6</size>
         <input_file_ref idref="fl-d0"/>
      </object_component>
      <object_component id="oc-298">
         <name>.debug_info</name>
         <load_address>0x18aaf</load_address>
         <run_address>0x18aaf</run_address>
         <size>0x182</size>
         <input_file_ref idref="fl-d0"/>
      </object_component>
      <object_component id="oc-29e">
         <name>.debug_info</name>
         <load_address>0x18c31</load_address>
         <run_address>0x18c31</run_address>
         <size>0x162</size>
         <input_file_ref idref="fl-d0"/>
      </object_component>
      <object_component id="oc-3a7">
         <name>.debug_info</name>
         <load_address>0x18d93</load_address>
         <run_address>0x18d93</run_address>
         <size>0x2c</size>
         <input_file_ref idref="fl-d0"/>
      </object_component>
      <object_component id="oc-22">
         <name>.debug_info</name>
         <load_address>0x18dbf</load_address>
         <run_address>0x18dbf</run_address>
         <size>0x100</size>
         <input_file_ref idref="fl-d1"/>
      </object_component>
      <object_component id="oc-5d">
         <name>.debug_info</name>
         <load_address>0x18ebf</load_address>
         <run_address>0x18ebf</run_address>
         <size>0x1a4</size>
         <input_file_ref idref="fl-d1"/>
      </object_component>
      <object_component id="oc-255">
         <name>.debug_info</name>
         <load_address>0x19063</load_address>
         <run_address>0x19063</run_address>
         <size>0x10d</size>
         <input_file_ref idref="fl-d2"/>
      </object_component>
      <object_component id="oc-cb">
         <name>.debug_info</name>
         <load_address>0x19170</load_address>
         <run_address>0x19170</run_address>
         <size>0x13f</size>
         <input_file_ref idref="fl-d3"/>
      </object_component>
      <object_component id="oc-3f">
         <name>.debug_info</name>
         <load_address>0x192af</load_address>
         <run_address>0x192af</run_address>
         <size>0x111</size>
         <input_file_ref idref="fl-d4"/>
      </object_component>
      <object_component id="oc-2b8">
         <name>.debug_info</name>
         <load_address>0x193c0</load_address>
         <run_address>0x193c0</run_address>
         <size>0x547</size>
         <input_file_ref idref="fl-d5"/>
      </object_component>
      <object_component id="oc-1e5">
         <name>.debug_info</name>
         <load_address>0x19907</load_address>
         <run_address>0x19907</run_address>
         <size>0x19b</size>
         <input_file_ref idref="fl-d5"/>
      </object_component>
      <object_component id="oc-33c">
         <name>.debug_info</name>
         <load_address>0x19aa2</load_address>
         <run_address>0x19aa2</run_address>
         <size>0x39</size>
         <input_file_ref idref="fl-d5"/>
      </object_component>
      <object_component id="oc-3b9">
         <name>.debug_info</name>
         <load_address>0x19adb</load_address>
         <run_address>0x19adb</run_address>
         <size>0x39</size>
         <input_file_ref idref="fl-d5"/>
      </object_component>
      <object_component id="oc-341">
         <name>.debug_info</name>
         <load_address>0x19b14</load_address>
         <run_address>0x19b14</run_address>
         <size>0x39</size>
         <input_file_ref idref="fl-d5"/>
      </object_component>
      <object_component id="oc-346">
         <name>.debug_info</name>
         <load_address>0x19b4d</load_address>
         <run_address>0x19b4d</run_address>
         <size>0xcd</size>
         <input_file_ref idref="fl-d5"/>
      </object_component>
      <object_component id="oc-d1">
         <name>.debug_info</name>
         <load_address>0x19c1a</load_address>
         <run_address>0x19c1a</run_address>
         <size>0x148</size>
         <input_file_ref idref="fl-d6"/>
      </object_component>
      <object_component id="oc-1d9">
         <name>.debug_info</name>
         <load_address>0x19d62</load_address>
         <run_address>0x19d62</run_address>
         <size>0x117</size>
         <input_file_ref idref="fl-d8"/>
      </object_component>
      <object_component id="oc-31d">
         <name>.debug_info</name>
         <load_address>0x19e79</load_address>
         <run_address>0x19e79</run_address>
         <size>0x8a6</size>
         <input_file_ref idref="fl-da"/>
      </object_component>
      <object_component id="oc-2e8">
         <name>.debug_info</name>
         <load_address>0x1a71f</load_address>
         <run_address>0x1a71f</run_address>
         <size>0x213</size>
         <input_file_ref idref="fl-da"/>
      </object_component>
      <object_component id="oc-36a">
         <name>.debug_info</name>
         <load_address>0x1a932</load_address>
         <run_address>0x1a932</run_address>
         <size>0x1a8</size>
         <input_file_ref idref="fl-da"/>
      </object_component>
      <object_component id="oc-370">
         <name>.debug_info</name>
         <load_address>0x1aada</load_address>
         <run_address>0x1aada</run_address>
         <size>0x210</size>
         <input_file_ref idref="fl-da"/>
      </object_component>
      <object_component id="oc-2f3">
         <name>.debug_info</name>
         <load_address>0x1acea</load_address>
         <run_address>0x1acea</run_address>
         <size>0x3b0</size>
         <input_file_ref idref="fl-da"/>
      </object_component>
      <object_component id="oc-377">
         <name>.debug_info</name>
         <load_address>0x1b09a</load_address>
         <run_address>0x1b09a</run_address>
         <size>0x2fa</size>
         <input_file_ref idref="fl-da"/>
      </object_component>
      <object_component id="oc-37d">
         <name>.debug_info</name>
         <load_address>0x1b394</load_address>
         <run_address>0x1b394</run_address>
         <size>0x20a</size>
         <input_file_ref idref="fl-da"/>
      </object_component>
      <object_component id="oc-2f9">
         <name>.debug_info</name>
         <load_address>0x1b59e</load_address>
         <run_address>0x1b59e</run_address>
         <size>0x20a</size>
         <input_file_ref idref="fl-da"/>
      </object_component>
      <object_component id="oc-2ff">
         <name>.debug_info</name>
         <load_address>0x1b7a8</load_address>
         <run_address>0x1b7a8</run_address>
         <size>0x2f9</size>
         <input_file_ref idref="fl-da"/>
      </object_component>
      <object_component id="oc-305">
         <name>.debug_info</name>
         <load_address>0x1baa1</load_address>
         <run_address>0x1baa1</run_address>
         <size>0x4a5</size>
         <input_file_ref idref="fl-da"/>
      </object_component>
      <object_component id="oc-292">
         <name>.debug_info</name>
         <load_address>0x1bf46</load_address>
         <run_address>0x1bf46</run_address>
         <size>0x5cd</size>
         <input_file_ref idref="fl-da"/>
      </object_component>
      <object_component id="oc-31e">
         <name>.debug_info</name>
         <load_address>0x1c513</load_address>
         <run_address>0x1c513</run_address>
         <size>0x86</size>
         <input_file_ref idref="fl-da"/>
      </object_component>
      <object_component id="oc-3ac">
         <name>.debug_info</name>
         <load_address>0x1c599</load_address>
         <run_address>0x1c599</run_address>
         <size>0x39</size>
         <input_file_ref idref="fl-da"/>
      </object_component>
      <object_component id="oc-3f2">
         <name>.debug_info</name>
         <load_address>0x1c5d2</load_address>
         <run_address>0x1c5d2</run_address>
         <size>0xb6</size>
         <input_file_ref idref="fl-da"/>
      </object_component>
      <object_component id="oc-3b1">
         <name>.debug_info</name>
         <load_address>0x1c688</load_address>
         <run_address>0x1c688</run_address>
         <size>0x46</size>
         <input_file_ref idref="fl-da"/>
      </object_component>
      <object_component id="oc-323">
         <name>.debug_info</name>
         <load_address>0x1c6ce</load_address>
         <run_address>0x1c6ce</run_address>
         <size>0x46</size>
         <input_file_ref idref="fl-da"/>
      </object_component>
      <object_component id="oc-356">
         <name>.debug_info</name>
         <load_address>0x1c714</load_address>
         <run_address>0x1c714</run_address>
         <size>0x2ae</size>
         <input_file_ref idref="fl-dc"/>
      </object_component>
      <object_component id="oc-2e2">
         <name>.debug_info</name>
         <load_address>0x1c9c2</load_address>
         <run_address>0x1c9c2</run_address>
         <size>0x171</size>
         <input_file_ref idref="fl-dc"/>
      </object_component>
      <object_component id="oc-3c9">
         <name>.debug_info</name>
         <load_address>0x1cb33</load_address>
         <run_address>0x1cb33</run_address>
         <size>0xee</size>
         <input_file_ref idref="fl-dd"/>
      </object_component>
      <object_component id="oc-353">
         <name>.debug_info</name>
         <load_address>0x1cc21</load_address>
         <run_address>0x1cc21</run_address>
         <size>0xfa</size>
         <input_file_ref idref="fl-dd"/>
      </object_component>
      <object_component id="oc-3cf">
         <name>.debug_info</name>
         <load_address>0x1cd1b</load_address>
         <run_address>0x1cd1b</run_address>
         <size>0x290</size>
         <input_file_ref idref="fl-de"/>
      </object_component>
      <object_component id="oc-364">
         <name>.debug_info</name>
         <load_address>0x1cfab</load_address>
         <run_address>0x1cfab</run_address>
         <size>0x1c2</size>
         <input_file_ref idref="fl-de"/>
      </object_component>
      <object_component id="oc-398">
         <name>.debug_info</name>
         <load_address>0x1d16d</load_address>
         <run_address>0x1d16d</run_address>
         <size>0x28b</size>
         <input_file_ref idref="fl-df"/>
      </object_component>
      <object_component id="oc-30b">
         <name>.debug_info</name>
         <load_address>0x1d3f8</load_address>
         <run_address>0x1d3f8</run_address>
         <size>0x1ab</size>
         <input_file_ref idref="fl-df"/>
      </object_component>
      <object_component id="oc-3e4">
         <name>.debug_info</name>
         <load_address>0x1d5a3</load_address>
         <run_address>0x1d5a3</run_address>
         <size>0x28f</size>
         <input_file_ref idref="fl-e0"/>
      </object_component>
      <object_component id="oc-391">
         <name>.debug_info</name>
         <load_address>0x1d832</load_address>
         <run_address>0x1d832</run_address>
         <size>0x247</size>
         <input_file_ref idref="fl-e0"/>
      </object_component>
      <object_component id="oc-351">
         <name>.debug_info</name>
         <load_address>0x1da79</load_address>
         <run_address>0x1da79</run_address>
         <size>0x284</size>
         <input_file_ref idref="fl-e1"/>
      </object_component>
      <object_component id="oc-2dc">
         <name>.debug_info</name>
         <load_address>0x1dcfd</load_address>
         <run_address>0x1dcfd</run_address>
         <size>0x22a</size>
         <input_file_ref idref="fl-e1"/>
      </object_component>
      <object_component id="oc-3a4">
         <name>.debug_info</name>
         <load_address>0x1df27</load_address>
         <run_address>0x1df27</run_address>
         <size>0x27e</size>
         <input_file_ref idref="fl-e2"/>
      </object_component>
      <object_component id="oc-3a1">
         <name>.debug_info</name>
         <load_address>0x1e1a5</load_address>
         <run_address>0x1e1a5</run_address>
         <size>0x103</size>
         <input_file_ref idref="fl-e2"/>
      </object_component>
      <object_component id="oc-317">
         <name>.debug_info</name>
         <load_address>0x1e2a8</load_address>
         <run_address>0x1e2a8</run_address>
         <size>0x143</size>
         <input_file_ref idref="fl-e2"/>
      </object_component>
      <object_component id="oc-3d5">
         <name>.debug_info</name>
         <load_address>0x1e3eb</load_address>
         <run_address>0x1e3eb</run_address>
         <size>0x28f</size>
         <input_file_ref idref="fl-e3"/>
      </object_component>
      <object_component id="oc-385">
         <name>.debug_info</name>
         <load_address>0x1e67a</load_address>
         <run_address>0x1e67a</run_address>
         <size>0x18a</size>
         <input_file_ref idref="fl-e3"/>
      </object_component>
      <object_component id="oc-3fd">
         <name>.debug_info</name>
         <load_address>0x1e804</load_address>
         <run_address>0x1e804</run_address>
         <size>0x39</size>
         <input_file_ref idref="fl-e3"/>
      </object_component>
      <object_component id="oc-3d6">
         <name>.debug_info</name>
         <load_address>0x1e83d</load_address>
         <run_address>0x1e83d</run_address>
         <size>0x2c</size>
         <input_file_ref idref="fl-e3"/>
      </object_component>
      <object_component id="oc-3e2">
         <name>.debug_info</name>
         <load_address>0x1e869</load_address>
         <run_address>0x1e869</run_address>
         <size>0x2f2</size>
         <input_file_ref idref="fl-e4"/>
      </object_component>
      <object_component id="oc-38c">
         <name>.debug_info</name>
         <load_address>0x1eb5b</load_address>
         <run_address>0x1eb5b</run_address>
         <size>0x21a</size>
         <input_file_ref idref="fl-e4"/>
      </object_component>
      <object_component id="oc-39f">
         <name>.debug_info</name>
         <load_address>0x1ed75</load_address>
         <run_address>0x1ed75</run_address>
         <size>0x284</size>
         <input_file_ref idref="fl-e5"/>
      </object_component>
      <object_component id="oc-312">
         <name>.debug_info</name>
         <load_address>0x1eff9</load_address>
         <run_address>0x1eff9</run_address>
         <size>0x14f</size>
         <input_file_ref idref="fl-e5"/>
      </object_component>
      <object_component id="oc-3e7">
         <name>.debug_info</name>
         <load_address>0x1f148</load_address>
         <run_address>0x1f148</run_address>
         <size>0x46</size>
         <input_file_ref idref="fl-e5"/>
      </object_component>
      <object_component id="oc-39a">
         <name>.debug_info</name>
         <load_address>0x1f18e</load_address>
         <run_address>0x1f18e</run_address>
         <size>0x39</size>
         <input_file_ref idref="fl-e5"/>
      </object_component>
      <object_component id="oc-3de">
         <name>.debug_info</name>
         <load_address>0x1f1c7</load_address>
         <run_address>0x1f1c7</run_address>
         <size>0x156</size>
         <input_file_ref idref="fl-e6"/>
      </object_component>
      <object_component id="oc-359">
         <name>.debug_info</name>
         <load_address>0x1f31d</load_address>
         <run_address>0x1f31d</run_address>
         <size>0x12c</size>
         <input_file_ref idref="fl-e7"/>
      </object_component>
      <object_component id="oc-2ef">
         <name>.debug_info</name>
         <load_address>0x1f449</load_address>
         <run_address>0x1f449</run_address>
         <size>0x120</size>
         <input_file_ref idref="fl-e8"/>
      </object_component>
      <object_component id="oc-360">
         <name>.debug_info</name>
         <load_address>0x1f569</load_address>
         <run_address>0x1f569</run_address>
         <size>0x122</size>
         <input_file_ref idref="fl-e8"/>
      </object_component>
      <object_component id="oc-433">
         <name>.debug_info</name>
         <load_address>0x1f68b</load_address>
         <run_address>0x1f68b</run_address>
         <size>0xa8</size>
      </object_component>
      <object_component id="oc-260">
[...]
      <symbol id="sm-4ac">
         <name>uDMAChannelAssign</name>
         <value>0x20d9</value>
         <object_component_ref idref="oc-89"/>
      </symbol>
      <symbol id="sm-4ad">
         <name>SysCtlUSBPLLEnable</name>
         <value>0x149b</value>
         <object_component_ref idref="oc-89"/>
      </symbol>
      <symbol id="sm-4ae">
         <name>TimerClockSourceSet</name>
         <value>0x1907</value>
         <object_component_ref idref="oc-89"/>
      </symbol>
      <symbol id="sm-4af">
         <name>SysCtlPeripheralSleepEnable</name>
         <value>0x9d9</value>
         <object_component_ref idref="oc-89"/>
      </symbol>
      <symbol id="sm-4b0">
         <name>SysCtlIntUnregister</name>
         <value>0xb59</value>
         <object_component_ref idref="oc-89"/>
      </symbol>
      <symbol id="sm-4b1">
         <name>uDMAIntRegister</name>
         <value>0x2097</value>
         <object_component_ref idref="oc-89"/>
      </symbol>
      <symbol id="sm-4b2">
         <name>TimerLoadSet64</name>
         <value>0x1a0b</value>
         <object_component_ref idref="oc-89"/>
      </symbol>
      <symbol id="sm-4b3">
         <name>GPIOPinTypeTimer</name>
         <value>0x2b05</value>
         <object_component_ref idref="oc-89"/>
      </symbol>
      <symbol id="sm-4b4">
         <name>TimerDMAEventGet</name>
         <value>0x1c21</value>
         <object_component_ref idref="oc-89"/>
      </symbol>
      <symbol id="sm-4b5">
         <name>TimerRTCDisable</name>
         <value>0x18f1</value>
         <object_component_ref idref="oc-89"/>
      </symbol>
      <symbol id="sm-4b6">
         <name>TimerADCEventGet</name>
         <value>0x1c01</value>
         <object_component_ref idref="oc-89"/>
      </symbol>
      <symbol id="sm-4b7">
         <name>GPIOPinTypeCAN</name>
         <value>0x287d</value>
         <object_component_ref idref="oc-89"/>
      </symbol>
      <symbol id="sm-4b8">
         <name>SysTickDisable</name>
         <value>0x279</value>
         <object_component_ref idref="oc-89"/>
      </symbol>
      <symbol id="sm-4b9">
         <name>uDMAEnable</name>
         <value>0x1c83</value>
         <object_component_ref idref="oc-89"/>
      </symbol>
      <symbol id="sm-4ba">
         <name>TimerPrescaleMatchSet</name>
         <value>0x1971</value>
         <object_component_ref idref="oc-89"/>
      </symbol>
      <symbol id="sm-4bb">
         <name>uDMAControlBaseSet</name>
         <value>0x1cf9</value>
         <object_component_ref idref="oc-89"/>
      </symbol>
      <symbol id="sm-4bc">
         <name>TimerControlWaitOnTrigger</name>
         <value>0x186d</value>
         <object_component_ref idref="oc-89"/>
      </symbol>
      <symbol id="sm-4bd">
         <name>SysCtlUSBPLLDisable</name>
         <value>0x14a7</value>
         <object_component_ref idref="oc-89"/>
      </symbol>
      <symbol id="sm-4be">
         <name>TimerConfigure</name>
         <value>0x16c9</value>
         <object_component_ref idref="oc-89"/>
      </symbol>
      <symbol id="sm-4bf">
         <name>TimerControlEvent</name>
         <value>0x1801</value>
         <object_component_ref idref="oc-89"/>
      </symbol>
      <symbol id="sm-4c0">
         <name>SysCtlPeripheralReady</name>
         <value>0x801</value>
         <object_component_ref idref="oc-89"/>
      </symbol>
      <symbol id="sm-4c1">
         <name>SysCtlPIOSCCalibrate</name>
         <value>0xc6d</value>
         <object_component_ref idref="oc-89"/>
      </symbol>
      <symbol id="sm-4c2">
         <name>TimerIntClear</name>
         <value>0x1bcb</value>
         <object_component_ref idref="oc-89"/>
      </symbol>
      <symbol id="sm-4c3">
         <name>uDMAChannelAttributeDisable</name>
         <value>0x1d81</value>
         <object_component_ref idref="oc-89"/>
      </symbol>
      <symbol id="sm-4c4">
         <name>SysCtlResetCauseClear</name>
         <value>0xc43</value>
         <object_component_ref idref="oc-89"/>
      </symbol>
      <symbol id="sm-4c5">
         <name>uDMAChannelEnable</name>
         <value>0x1ca1</value>
         <object_component_ref idref="oc-89"/>
      </symbol>
      <symbol id="sm-4c6">
         <name>SysCtlLDOSleepGet</name>
         <value>0xbd1</value>
         <object_component_ref idref="oc-89"/>
      </symbol>
      <symbol id="sm-4c7">
         <name>uDMAChannelRequest</name>
         <value>0x1d15</value>
         <object_component_ref idref="oc-89"/>
      </symbol>
      <symbol id="sm-4c8">
         <name>SysCtlClockFreqSet</name>
         <value>0xd1d</value>
         <object_component_ref idref="oc-89"/>
      </symbol>
      <symbol id="sm-4c9">
         <name>IntMasterEnable</name>
         <value>0x2eb</value>
         <object_component_ref idref="oc-89"/>
      </symbol>
      <symbol id="sm-4ca">
         <name>SysCtlPeripheralReset</name>
         <value>0x8c5</value>
         <object_component_ref idref="oc-89"/>
      </symbol>
      <symbol id="sm-4cb">
         <name>GPIOPinTypeEPI</name>
         <value>0x290d</value>
         <object_component_ref idref="oc-89"/>
      </symbol>
      <symbol id="sm-4cc">
         <name>GPIOPinTypeEthernetLED</name>
         <value>0x2931</value>
         <object_component_ref idref="oc-89"/>
      </symbol>
      <symbol id="sm-4cd">
         <name>IntPendSet</name>
         <value>0x5ad</value>
         <object_component_ref idref="oc-89"/>
      </symbol>
      <symbol id="sm-4ce">
         <name>GPIOPinWakeStatus</name>
         <value>0x2c05</value>
         <object_component_ref idref="oc-89"/>
      </symbol>
      <symbol id="sm-4cf">
         <name>TimerSynchronize</name>
         <value>0x1bdd</value>
         <object_component_ref idref="oc-89"/>
      </symbol>
      <symbol id="sm-4eb">
         <name>ResetISR</name>
         <value>0x5be7</value>
         <object_component_ref idref="oc-24"/>
      </symbol>
      <symbol id="sm-4ec">
         <name>g_pfnVectors</name>
         <value>0x0</value>
         <object_component_ref idref="oc-f"/>
      </symbol>
      <symbol id="sm-4ff">
         <name>UARTsetup</name>
         <value>0x5175</value>
         <object_component_ref idref="oc-2a"/>
      </symbol>
      <symbol id="sm-500">
         <name>UARTIntHandler</name>
         <value>0x5121</value>
         <object_component_ref idref="oc-2a"/>
      </symbol>
      <symbol id="sm-56f">
         <name>UARTgetc</name>
         <value>0x4123</value>
         <object_component_ref idref="oc-9c"/>
      </symbol>
      <symbol id="sm-570">
         <name>UARTgets</name>
         <value>0x4069</value>
         <object_component_ref idref="oc-9c"/>
      </symbol>
      <symbol id="sm-571">
         <name>UARTStdioConfig</name>
         <value>0x3fdd</value>
         <object_component_ref idref="oc-9c"/>
      </symbol>
      <symbol id="sm-572">
         <name>UARTwrite</name>
         <value>0x4023</value>
         <object_component_ref idref="oc-9c"/>
      </symbol>
      <symbol id="sm-573">
         <name>UARTprintf</name>
         <value>0x4443</value>
         <object_component_ref idref="oc-9c"/>
      </symbol>
      <symbol id="sm-574">
         <name>UARTvprintf</name>
         <value>0x4149</value>
         <object_component_ref idref="oc-9c"/>
      </symbol>
      <symbol id="sm-5a3">
         <name>CPUbasepriGet</name>
         <value>0x5bf3</value>
         <object_component_ref idref="oc-10f"/>
      </symbol>
      <symbol id="sm-5a4">
         <name>CPUbasepriSet</name>
         <value>0x5c51</value>
         <object_component_ref idref="oc-109"/>
      </symbol>
      <symbol id="sm-5a5">
         <name>CPUcpsie</name>
         <value>0x5bdb</value>
         <object_component_ref idref="oc-f7"/>
      </symbol>
      <symbol id="sm-5a6">
         <name>CPUcpsid</name>
         <value>0x5bcf</value>
         <object_component_ref idref="oc-fd"/>
      </symbol>
      <symbol id="sm-5a7">
         <name>CPUwfi</name>
         <value>0x5c5d</value>
         <object_component_ref idref="oc-127"/>
      </symbol>
      <symbol id="sm-5e8">
         <name>I2CMasterDataPut</name>
         <value>0x5c69</value>
         <object_component_ref idref="oc-26d"/>
      </symbol>
      <symbol id="sm-5e9">
         <name>I2CMasterInitExpClk</name>
         <value>0x5801</value>
         <object_component_ref idref="oc-261"/>
      </symbol>
      <symbol id="sm-5ea">
         <name>I2CMasterSlaveAddrSet</name>
         <value>0x5c37</value>
         <object_component_ref idref="oc-267"/>
      </symbol>
      <symbol id="sm-5eb">
         <name>I2CMasterDataGet</name>
         <value>0x5c65</value>
         <object_component_ref idref="oc-27f"/>
      </symbol>
      <symbol id="sm-5ec">
         <name>I2CMasterControl</name>
         <value>0x5c61</value>
         <object_component_ref idref="oc-273"/>
      </symbol>
      <symbol id="sm-5ed">
         <name>I2CMasterBusy</name>
         <value>0x5c2f</value>
         <object_component_ref idref="oc-279"/>
      </symbol>
      <symbol id="sm-5ee">
         <name>I2CMasterEnable</name>
         <value>0x5bfd</value>
         <object_component_ref idref="oc-2ce"/>
      </symbol>
      <symbol id="sm-651">
         <name>UARTCharPutNonBlocking</name>
         <value>0x5ba5</value>
         <object_component_ref idref="oc-83"/>
      </symbol>
      <symbol id="sm-652">
         <name>UARTConfigSetExpClk</name>
         <value>0x58e1</value>
         <object_component_ref idref="oc-96"/>
      </symbol>
      <symbol id="sm-653">
         <name>UARTDisable</name>
         <value>0x5acd</value>
         <object_component_ref idref="oc-150"/>
      </symbol>
      <symbol id="sm-654">
         <name>UARTIntEnable</name>
         <value>0x5c3f</value>
         <object_component_ref idref="oc-a2"/>
      </symbol>
      <symbol id="sm-655">
         <name>UARTCharsAvail</name>
         <value>0x5bb3</value>
         <object_component_ref idref="oc-90"/>
      </symbol>
      <symbol id="sm-656">
         <name>UARTCharGetNonBlocking</name>
         <value>0x5b97</value>
         <object_component_ref idref="oc-7d"/>
      </symbol>
      <symbol id="sm-657">
         <name>UARTCharPut</name>
         <value>0x5c11</value>
         <object_component_ref idref="oc-15d"/>
      </symbol>
      <symbol id="sm-658">
         <name>UARTEnable</name>
         <value>0x5b37</value>
         <object_component_ref idref="oc-156"/>
      </symbol>
      <symbol id="sm-659">
         <name>UARTIntClear</name>
         <value>0x5c6d</value>
         <object_component_ref idref="oc-77"/>
      </symbol>
      <symbol id="sm-65a">
         <name>UARTIntStatus</name>
         <value>0x5c1b</value>
         <object_component_ref idref="oc-71"/>
      </symbol>
      <symbol id="sm-65b">
         <name>UARTCharGet</name>
         <value>0x5c07</value>
         <object_component_ref idref="oc-163"/>
      </symbol>
      <symbol id="sm-66a">
         <name>__aeabi_uidivmod</name>
         <value>0x596d</value>
         <object_component_ref idref="oc-172"/>
      </symbol>
      <symbol id="sm-66b">
         <name>__aeabi_uidiv</name>
         <value>0x596d</value>
         <object_component_ref idref="oc-172"/>
      </symbol>
      <symbol id="sm-682">
         <name>__aeabi_dsub</name>
         <value>0x48b9</value>
         <object_component_ref idref="oc-1b2"/>
      </symbol>
      <symbol id="sm-683">
         <name>__aeabi_dadd</name>
         <value>0x48c3</value>
         <object_component_ref idref="oc-1b2"/>
      </symbol>
      <symbol id="sm-697">
         <name>__aeabi_ddiv</name>
         <value>0x4bad</value>
         <object_component_ref idref="oc-1ad"/>
      </symbol>
      <symbol id="sm-6a2">
         <name>__aeabi_dmul</name>
         <value>0x5025</value>
         <object_component_ref idref="oc-1a3"/>
      </symbol>
      <symbol id="sm-6ac">
         <name>__aeabi_d2iz</name>
         <value>0x5899</value>
         <object_component_ref idref="oc-1b7"/>
      </symbol>
      <symbol id="sm-6b8">
         <name>__aeabi_d2f</name>
         <value>0x55c9</value>
         <object_component_ref idref="oc-1a8"/>
      </symbol>
      <symbol id="sm-6c3">
         <name>__aeabi_f2d</name>
         <value>0x5a65</value>
         <object_component_ref idref="oc-1bc"/>
      </symbol>
      <symbol id="sm-6cd">
         <name>__aeabi_i2d</name>
         <value>0x5a9d</value>
         <object_component_ref idref="oc-19e"/>
      </symbol>
      <symbol id="sm-6e6">
         <name>__TI_zero_init_nomemset</name>
         <value>0x5b73</value>
         <object_component_ref idref="oc-4a"/>
      </symbol>
      <symbol id="sm-6fd">
         <name>__TI_decompress_none</name>
         <value>0x5bc1</value>
         <object_component_ref idref="oc-18"/>
      </symbol>
      <symbol id="sm-720">
         <name>__TI_decompress_lzss</name>
         <value>0x5637</value>
         <object_component_ref idref="oc-12"/>
      </symbol>
      <symbol id="sm-747">
         <name>sprintf</name>
         <value>0x59ad</value>
         <object_component_ref idref="oc-1c7"/>
      </symbol>
      <symbol id="sm-75a">
         <name>__stack</name>
         <value>0x20000270</value>
         <object_component_ref idref="oc-21"/>
      </symbol>
      <symbol id="sm-75b">
         <name>_c_int00_noargs</name>
         <value>0x5a2d</value>
         <object_component_ref idref="oc-5c"/>
      </symbol>
      <symbol id="sm-765">
         <name>__aeabi_idiv0</name>
         <value>0x37cf</value>
         <object_component_ref idref="oc-254"/>
      </symbol>
      <symbol id="sm-766">
         <name>__aeabi_ldiv0</name>
         <value>0x37cf</value>
         <object_component_ref idref="oc-254"/>
      </symbol>
      <symbol id="sm-775">
         <name>__aeabi_memset</name>
         <value>0x54e3</value>
         <object_component_ref idref="oc-ca"/>
      </symbol>
      <symbol id="sm-776">
         <name>memset</name>
         <value>0x54e9</value>
         <object_component_ref idref="oc-ca"/>
      </symbol>
      <symbol id="sm-777">
         <name>__aeabi_memset8</name>
         <value>0x54e3</value>
         <object_component_ref idref="oc-ca"/>
      </symbol>
      <symbol id="sm-778">
         <name>__aeabi_memset4</name>
         <value>0x54e3</value>
         <object_component_ref idref="oc-ca"/>
      </symbol>
      <symbol id="sm-779">
         <name>__aeabi_memclr8</name>
         <value>0x54e1</value>
         <object_component_ref idref="oc-ca"/>
      </symbol>
      <symbol id="sm-77a">
         <name>__aeabi_memclr4</name>
         <value>0x54e1</value>
         <object_component_ref idref="oc-ca"/>
      </symbol>
      <symbol id="sm-77b">
         <name>__aeabi_memclr</name>
         <value>0x54e1</value>
         <object_component_ref idref="oc-ca"/>
      </symbol>
      <symbol id="sm-796">
         <name>memcpy</name>
         <value>0x52a3</value>
         <object_component_ref idref="oc-3e"/>
      </symbol>
      <symbol id="sm-797">
         <name>__aeabi_memcpy</name>
         <value>0x52a3</value>
         <object_component_ref idref="oc-3e"/>
      </symbol>
      <symbol id="sm-798">
         <name>__aeabi_memcpy8</name>
         <value>0x52a3</value>
         <object_component_ref idref="oc-3e"/>
      </symbol>
      <symbol id="sm-799">
         <name>__aeabi_memcpy4</name>
         <value>0x52a3</value>
         <object_component_ref idref="oc-3e"/>
      </symbol>
      <symbol id="sm-7c1">
         <name>__TI_auto_init_nobinit_nopinit</name>
         <value>0x5929</value>
         <object_component_ref idref="oc-1e4"/>
      </symbol>
      <symbol id="sm-7cb">
         <name>_system_pre_init</name>
         <value>0x5c71</value>
         <object_component_ref idref="oc-d0"/>
      </symbol>
      <symbol id="sm-7d7">
         <name>C$$EXIT</name>
         <value>0x5c75</value>
         <object_component_ref idref="oc-1d8"/>
      </symbol>
      <symbol id="sm-7d8">
         <name>abort</name>
         <value>0x5c75</value>
         <object_component_ref idref="oc-1d8"/>
      </symbol>
      <symbol id="sm-93e">
         <name>__TI_printfi</name>
         <value>0x2d71</value>
         <object_component_ref idref="oc-291"/>
      </symbol>
      <symbol id="sm-955">
         <name>atoi</name>
         <value>0x584d</value>
         <object_component_ref idref="oc-2e1"/>
      </symbol>
      <symbol id="sm-960">
         <name>_ctypes_</name>
         <value>0x5e28</value>
         <object_component_ref idref="oc-352"/>
      </symbol>
      <symbol id="sm-96f">
         <name>ltoa</name>
         <value>0x575b</value>
         <object_component_ref idref="oc-363"/>
      </symbol>
      <symbol id="sm-97f">
         <name>memccpy</name>
         <value>0x5aed</value>
         <object_component_ref idref="oc-30a"/>
      </symbol>
      <symbol id="sm-98f">
         <name>strchr</name>
         <value>0x5b21</value>
         <object_component_ref idref="oc-390"/>
      </symbol>
      <symbol id="sm-99d">
         <name>strlen</name>
         <value>0x5b5f</value>
         <object_component_ref idref="oc-2db"/>
      </symbol>
      <symbol id="sm-9b3">
         <name>__aeabi_errno_addr</name>
         <value>0x5c49</value>
         <object_component_ref idref="oc-316"/>
      </symbol>
      <symbol id="sm-9b4">
         <name>errno</name>
         <value>0x20000ac0</value>
         <object_component_ref idref="oc-3a0"/>
      </symbol>
      <symbol id="sm-9d4">
         <name>frexpl</name>
         <value>0x56a1</value>
         <object_component_ref idref="oc-384"/>
      </symbol>
      <symbol id="sm-9d5">
         <name>frexp</name>
         <value>0x56a1</value>
         <object_component_ref idref="oc-384"/>
      </symbol>
      <symbol id="sm-9f2">
         <name>scalbn</name>
         <value>0x4f15</value>
         <object_component_ref idref="oc-38a"/>
      </symbol>
      <symbol id="sm-9f3">
         <name>scalbnl</name>
         <value>0x4f15</value>
         <object_component_ref idref="oc-38a"/>
      </symbol>
      <symbol id="sm-9f4">
         <name>ldexpl</name>
         <value>0x4f15</value>
         <object_component_ref idref="oc-38a"/>
      </symbol>
      <symbol id="sm-9f5">
         <name>ldexp</name>
         <value>0x4f15</value>
         <object_component_ref idref="oc-38a"/>
      </symbol>
      <symbol id="sm-a0e">
         <name>wcslen</name>
         <value>0x5b85</value>
         <object_component_ref idref="oc-310"/>
      </symbol>
      <symbol id="sm-a18">
         <name>copysign</name>
         <value>0x5b4b</value>
         <object_component_ref idref="oc-3db"/>
      </symbol>
      <symbol id="sm-a19">
         <name>copysignl</name>
         <value>0x5b4b</value>
         <object_component_ref idref="oc-3db"/>
      </symbol>
      <symbol id="sm-a26">
         <name>__aeabi_uldivmod</name>
         <value>0x533f</value>
         <object_component_ref idref="oc-357"/>
      </symbol>
      <symbol id="sm-a48">
         <name>__aeabi_cdcmpeq</name>
         <value>0x53d5</value>
         <object_component_ref idref="oc-2ed"/>
      </symbol>
      <symbol id="sm-a49">
         <name>__aeabi_cdcmple</name>
         <value>0x53d5</value>
         <object_component_ref idref="oc-2ed"/>
      </symbol>
      <symbol id="sm-a4a">
         <name>__aeabi_cdrcmple</name>
         <value>0x545b</value>
         <object_component_ref idref="oc-35e"/>
      </symbol>
      <symbol id="sm-a4b">
         <name>__TI_static_base__</name>
         <value>0x0</value>
      </symbol>
      <symbol id="sm-a4e">
         <name>__mpu_init</name>
         <value>0x0</value>
      </symbol>
      <symbol id="sm-a4f">
         <name>_system_post_cinit</name>
         <value>0x0</value>
      </symbol>
   </symbol_table>
   <title>Link successful</title>
</link_info>
