******************************************************************************
                  TI ARM Linker Unix v18.1.3                   
******************************************************************************
>> Linked Mon Jun 17 15:29:33 2019

OUTPUT FILE NAME:   <mpu9250.out>
ENTRY POINT SYMBOL: "_c_int00_noargs"  address: 00005a2d


MEMORY CONFIGURATION

         name            origin    length      used     unused   attr    fill
----------------------  --------  ---------  --------  --------  ----  --------
  FLASH                 00000000   00040000  00006414  00039bec  R  X
  SRAM                  20000000   00008000  00000ac4  0000753c  RW X


SEGMENT ALLOCATION MAP

run origin  load origin   length   init length attrs members
----------  ----------- ---------- ----------- ----- -------
00000000    00000000    00006418   00006418    r-x
  00000000    00000000    0000026c   0000026c    r-- .intvecs
  0000026c    0000026c    00005a0c   00005a0c    r-x .text
  00005c78    00005c78    0000075c   0000075c    r-- .const
  000063d8    000063d8    00000040   00000040    r-- .cinit
20000000    20000000    00000ac8   00000000    rw-
  20000000    20000000    0000026c   00000000    rw- .vtable
  20000270    20000270    00000800   00000000    rw- .stack
  20000a70    20000a70    00000058   00000000    rw- .data


SECTION ALLOCATION MAP

 output                                  attributes/
section   page    origin      length       input sections
--------  ----  ----------  ----------   ----------------
.intvecs   0    00000000    0000026c     
                  00000000    0000026c     tm4c123gh6pm_startup_ccs.obj (.intvecs)

.text      0    0000026c    00005a0c     
                  0000026c    00002b04     timer.obj (.text)
                  00002d70    00000a5e     rtsv7M4_T_le_v4SPD16_eabi.lib : _printfi.c.obj (.text:__TI_printfi)
                  000037ce    00000002                                   : div0.asm.obj (.text)
                  000037d0    0000080c     main.obj (.text)
                  00003fdc    0000049c     uartstdio.obj (.text)
                  00004478    00000270     rtsv7M4_T_le_v4SPD16_eabi.lib : _printfi.c.obj (.text:_pconv_a)
                  000046e8    000001d0                                   : _printfi.c.obj (.text:_pconv_g)
                  000048b8    000001b6                                   : fd_add_t2.asm.obj (.text)
                  00004a6e    00000002     --HOLE-- [fill = 0]
                  00004a70    0000013c                                   : _printfi.c.obj (.text:_pconv_e)
                  00004bac    00000136                                   : fd_div_t2.asm.obj (.text)
                  00004ce2    00000002     --HOLE-- [fill = 0]
                  00004ce4    00000120                                   : _printfi.c.obj (.text:fcvt)
                  00004e04    00000110     i2c1.obj (.text)
                  00004f14    00000110     rtsv7M4_T_le_v4SPD16_eabi.lib : s_scalbn.c.obj (.text:scalbn)
                  00005024    000000fc                                   : fd_mul_t2.asm.obj (.text)
                  00005120    000000d0     uartout.obj (.text)
                  000051f0    000000b1     rtsv7M4_T_le_v4SPD16_eabi.lib : _printfi.c.obj (.text:_ltostr)
                  000052a1    00000001     --HOLE-- [fill = 0]
                  000052a2    0000009c                                   : memcpy_t2.asm.obj (.text)
                  0000533e    00000096                                   : ull_div_t2.asm.obj (.text)
                  000053d4    00000086                                   : fd_cmp_t2.asm.obj (.text:__aeabi_cdcmple)
                  0000545a    00000086                                   : fd_cmp_t2.asm.obj (.text:__aeabi_cdrcmple)
                  000054e0    0000007a                                   : memset_t2.asm.obj (.text)
                  0000555a    0000006e                                   : _printfi.c.obj (.text:_mcpy)
                  000055c8    0000006e                                   : fd_tos_t2.asm.obj (.text)
                  00005636    00000068                                   : copy_decompress_lzss.c.obj (.text:decompress:lzss:__TI_decompress_lzss)
                  0000569e    00000002     --HOLE-- [fill = 0]
                  000056a0    00000064                                   : s_frexp.c.obj (.text:frexp)
                  00005704    00000056                                   : _printfi.c.obj (.text:_pconv_f)
                  0000575a    00000054                                   : ltoa.c.obj (.text:ltoa)
                  000057ae    00000052                                   : _printfi.c.obj (.text:_ecpy)
                  00005800    0000004c     driverlib.lib : i2c.obj (.text:I2CMasterInitExpClk)
                  0000584c    0000004c     rtsv7M4_T_le_v4SPD16_eabi.lib : atoi.c.obj (.text:atoi)
                  00005898    00000048                                   : fd_toi_t2.asm.obj (.text)
                  000058e0    00000046     driverlib.lib : uart.obj (.text:UARTConfigSetExpClk)
                  00005926    00000002     --HOLE-- [fill = 0]
                  00005928    00000044     rtsv7M4_T_le_v4SPD16_eabi.lib : autoinit.c.obj (.text:__TI_auto_init_nobinit_nopinit:__TI_auto_init_nobinit_nopinit)
                  0000596c    00000040                                   : u_divt2.asm.obj (.text)
                  000059ac    00000040                                   : sprintf.c.obj (.text:sprintf)
                  000059ec    0000003e                                   : _printfi.c.obj (.text:_fcpy)
                  00005a2a    00000002     --HOLE-- [fill = 0]
                  00005a2c    00000038                                   : boot_cortex_m.c.obj (.text:_c_int00_noargs:_c_int00_noargs)
                  00005a64    00000038                                   : fs_tod_t2.asm.obj (.text)
                  00005a9c    0000002e                                   : i_tofd_t2.asm.obj (.text)
                  00005aca    00000002     --HOLE-- [fill = 0]
                  00005acc    00000020     driverlib.lib : uart.obj (.text:UARTDisable)
                  00005aec    0000001c     rtsv7M4_T_le_v4SPD16_eabi.lib : memccpy.c.obj (.text:memccpy)
                  00005b08    00000018                                   : sprintf.c.obj (.text:_outs)
                  00005b20    00000016                                   : strchr.c.obj (.text:strchr)
                  00005b36    00000014     driverlib.lib : uart.obj (.text:UARTEnable)
                  00005b4a    00000014     rtsv7M4_T_le_v4SPD16_eabi.lib : s_copysign.c.obj (.text:copysign)
                  00005b5e    00000014                                   : strlen.c.obj (.text:strlen)
                  00005b72    00000012                                   : copy_zero_init.c.obj (.text:decompress:ZI:__TI_zero_init_nomemset:__TI_zero_init_nomemset)
                  00005b84    00000012                                   : wcslen.c.obj (.text:wcslen)
                  00005b96    0000000e     driverlib.lib : uart.obj (.text:UARTCharGetNonBlocking)
                  00005ba4    0000000e                   : uart.obj (.text:UARTCharPutNonBlocking)
                  00005bb2    0000000e                   : uart.obj (.text:UARTCharsAvail)
                  00005bc0    0000000e     rtsv7M4_T_le_v4SPD16_eabi.lib : copy_decompress_none.c.obj (.text:decompress:none:__TI_decompress_none)
                  00005bce    0000000c     driverlib.lib : cpu.obj (.text:CPUcpsid)
                  00005bda    0000000c                   : cpu.obj (.text:CPUcpsie)
                  00005be6    0000000c     tm4c123gh6pm_startup_ccs.obj (.text)
                  00005bf2    0000000a     driverlib.lib : cpu.obj (.text:CPUbasepriGet)
                  00005bfc    0000000a                   : i2c.obj (.text:I2CMasterEnable)
                  00005c06    0000000a                   : uart.obj (.text:UARTCharGet)
                  00005c10    0000000a                   : uart.obj (.text:UARTCharPut)
                  00005c1a    0000000a                   : uart.obj (.text:UARTIntStatus)
                  00005c24    0000000a     rtsv7M4_T_le_v4SPD16_eabi.lib : sprintf.c.obj (.text:_outc)
                  00005c2e    00000008     driverlib.lib : i2c.obj (.text:I2CMasterBusy)
                  00005c36    00000008                   : i2c.obj (.text:I2CMasterSlaveAddrSet)
                  00005c3e    00000008                   : uart.obj (.text:UARTIntEnable)
                  00005c46    00000002     --HOLE-- [fill = 0]
                  00005c48    00000008     rtsv7M4_T_le_v4SPD16_eabi.lib : errno.c.obj (.text:__aeabi_errno_addr)
                  00005c50    00000006     driverlib.lib : cpu.obj (.text:CPUbasepriSet)
                  00005c56    00000006     timer.obj (.text:SysCtlDelay)
                  00005c5c    00000004     driverlib.lib : cpu.obj (.text:CPUwfi)
                  00005c60    00000004                   : i2c.obj (.text:I2CMasterControl)
                  00005c64    00000004                   : i2c.obj (.text:I2CMasterDataGet)
                  00005c68    00000004                   : i2c.obj (.text:I2CMasterDataPut)
                  00005c6c    00000004                   : uart.obj (.text:UARTIntClear)
                  00005c70    00000004     rtsv7M4_T_le_v4SPD16_eabi.lib : pre_init.c.obj (.text:_system_pre_init)
                  00005c74    00000004                                   : exit.c.obj (.text:abort:abort)

.const     0    00005c78    0000075c     
                  00005c78    000001b0     timer.obj (.const:g_pppui32XTALtoVCO)
                  00005e28    00000101     rtsv7M4_T_le_v4SPD16_eabi.lib : ctype.c.obj (.const:.string:_ctypes_)
                  00005f29    00000003     --HOLE-- [fill = 0]
                  00005f2c    000000d8     timer.obj (.const:g_ppui32GPIOIntMapSnowflake)
                  00006004    000000c0     timer.obj (.const:g_ppui32GPIOIntMapBlizzard)
                  000060c4    0000009c     timer.obj (.const:g_pui32Regs)
                  00006160    00000090     timer.obj (.const:g_pui32GPIOBaseAddrs)
                  000061f0    0000006c     timer.obj (.const:g_pui32Xtals)
                  0000625c    00000060     timer.obj (.const:g_ppui32TimerIntMap)
                  000062bc    00000040     timer.obj (.const:g_ppui32TimerIntMapSnowflake)
                  000062fc    00000030     timer.obj (.const:g_sXTALtoMEMTIM)
                  0000632c    00000020     timer.obj (.const:g_pui32Priority)
                  0000634c    00000014     timer.obj (.const:g_pui32Dii16Regs)
                  00006360    00000014     timer.obj (.const:g_pui32EnRegs)
                  00006374    00000014     timer.obj (.const:g_pui32PendRegs)
                  00006388    00000014     timer.obj (.const:g_pui32UnpendRegs)
                  0000639c    00000012     uartstdio.obj (.const:.string)
                  000063ae    00000002     --HOLE-- [fill = 0]
                  000063b0    0000000c     uartstdio.obj (.const:g_ui32UARTBase)
                  000063bc    0000000c     uartstdio.obj (.const:g_ui32UARTPeriph)
                  000063c8    00000008     timer.obj (.const:g_pui32VCOFrequencies)
                  000063d0    00000004     uartstdio.obj (.const)

.cinit     0    000063d8    00000040     
                  000063d8    00000016     (.cinit..data.load) [load image, compression = lzss]
                  000063ee    00000002     --HOLE-- [fill = 0]
                  000063f0    0000000c     (__TI_handler_table)
                  000063fc    00000004     --HOLE-- [fill = 0]
                  00006400    00000008     (.cinit..vtable.load) [load image, compression = zero_init]
                  00006408    00000010     (__TI_cinit_table)

.init_array 
*          0    00000000    00000000     UNINITIALIZED

.vtable    0    20000000    0000026c     UNINITIALIZED
                  20000000    0000026c     timer.obj (.vtable)

.data      0    20000a70    00000058     UNINITIALIZED
                  20000a70    00000018     main.obj (.data:mag_offset)
                  20000a88    00000018     main.obj (.data:mag_scale)
                  20000aa0    0000000c     main.obj (.data:acclBias)
                  20000aac    0000000c     main.obj (.data:gyroBias)
                  20000ab8    00000005     uartstdio.obj (.data)
                  20000abd    00000003     main.obj (.data:mag_aj)
                  20000ac0    00000004     rtsv7M4_T_le_v4SPD16_eabi.lib : errno.c.obj (.data)
                  20000ac4    00000004     timer.obj (.data)

.stack     0    20000270    00000800     UNINITIALIZED
                  20000270    00000004     rtsv7M4_T_le_v4SPD16_eabi.lib : boot_cortex_m.c.obj (.stack)
                  20000274    000007fc     --HOLE--

MODULE SUMMARY

       Module                         code    ro data   rw data
       ------                         ----    -------   -------
    ./
       timer.obj                      11018   1576      624    
       main.obj                       2060    0         75     
       uartstdio.obj                  1180    46        5      
       tm4c123gh6pm_startup_ccs.obj   12      620       0      
       i2c1.obj                       272     0         0      
       uartout.obj                    208     0         0      
    +--+------------------------------+-------+---------+---------+
       Total:                         14750   2242      704    
                                                               
    /home/mairon/ti/TivaWare_C_Series/driverlib/ccs/Debug/driverlib.lib
       uart.obj                       206     0         0      
       i2c.obj                        114     0         0      
       cpu.obj                        44      0         0      
    +--+------------------------------+-------+---------+---------+
       Total:                         364     0         0      
                                                               
    /home/mairon/ti/ccsv8/tools/compiler/ti-cgt-arm_18.1.3.LTS/lib/rtsv7M4_T_le_v4SPD16_eabi.lib
       _printfi.c.obj                 4863    0         0      
       fd_add_t2.asm.obj              438     0         0      
       fd_div_t2.asm.obj              310     0         0      
       s_scalbn.c.obj                 272     0         0      
       fd_cmp_t2.asm.obj              268     0         0      
       ctype.c.obj                    0       257       0      
       fd_mul_t2.asm.obj              252     0         0      
       memcpy_t2.asm.obj              156     0         0      
       ull_div_t2.asm.obj             150     0         0      
       memset_t2.asm.obj              122     0         0      
       fd_tos_t2.asm.obj              110     0         0      
       copy_decompress_lzss.c.obj     104     0         0      
       s_frexp.c.obj                  100     0         0      
       sprintf.c.obj                  98      0         0      
       ltoa.c.obj                     84      0         0      
       atoi.c.obj                     76      0         0      
       fd_toi_t2.asm.obj              72      0         0      
       autoinit.c.obj                 68      0         0      
       u_divt2.asm.obj                64      0         0      
       boot_cortex_m.c.obj            56      0         0      
       fs_tod_t2.asm.obj              56      0         0      
       i_tofd_t2.asm.obj              46      0         0      
       memccpy.c.obj                  28      0         0      
       strchr.c.obj                   22      0         0      
       s_copysign.c.obj               20      0         0      
       strlen.c.obj                   20      0         0      
       copy_zero_init.c.obj           18      0         0      
       wcslen.c.obj                   18      0         0      
       copy_decompress_none.c.obj     14      0         0      
       errno.c.obj                    8       0         4      
       exit.c.obj                     4       0         0      
       pre_init.c.obj                 4       0         0      
       div0.asm.obj                   2       0         0      
    +--+------------------------------+-------+---------+---------+
       Total:                         7923    257       4      
                                                               
       Stack:                         0       0         2048   
       Linker Generated:              0       58        0      
    +--+------------------------------+-------+---------+---------+
       Grand Total:                   23037   2557      2756   


LINKER GENERATED COPY TABLES

__TI_cinit_table @ 00006408 records: 2, size/record: 8, table size: 16
	.data: load addr=000063d8, load size=00000016 bytes, run addr=20000a70, run size=00000058 bytes, compression=lzss
	.vtable: load addr=00006400, load size=00000008 bytes, run addr=20000000, run size=0000026c bytes, compression=zero_init


LINKER GENERATED HANDLER TABLE

__TI_handler_table @ 000063f0 records: 3, size/record: 4, table size: 12
	index: 0, handler: __TI_zero_init
	index: 1, handler: __TI_decompress_lzss
	index: 2, handler: __TI_decompress_none


GLOBAL SYMBOLS: SORTED ALPHABETICALLY BY Name 

address   name                            
-------   ----                            
00005c75  C$$EXIT                         
00005bf3  CPUbasepriGet                   
00005c51  CPUbasepriSet                   
00005bcf  CPUcpsid                        
00005bdb  CPUcpsie                        
00005c5d  CPUwfi                          
000038bf  CalibrateMPU                    
00002ccd  GPIOADCTriggerDisable           
00002caf  GPIOADCTriggerEnable            
00002c91  GPIODMATriggerDisable           
00002c73  GPIODMATriggerEnable            
00002207  GPIODirModeGet                  
000021ab  GPIODirModeSet                  
00002783  GPIOIntClear                    
00002747  GPIOIntDisable                  
0000272d  GPIOIntEnable                   
00002797  GPIOIntRegister                 
000027cf  GPIOIntRegisterPin              
00002761  GPIOIntStatus                   
00002301  GPIOIntTypeGet                  
0000225d  GPIOIntTypeSet                  
000027b5  GPIOIntUnregister               
000027fd  GPIOIntUnregisterPin            
000025db  GPIOPadConfigGet                
000023a1  GPIOPadConfigSet                
00002c15  GPIOPinConfigure                
00002821  GPIOPinRead                     
00002859  GPIOPinTypeADC                  
0000287d  GPIOPinTypeCAN                  
000028a1  GPIOPinTypeComparator           
000028c5  GPIOPinTypeComparatorOutput     
000028e9  GPIOPinTypeDIVSCLK              
0000290d  GPIOPinTypeEPI                  
00002931  GPIOPinTypeEthernetLED          
00002955  GPIOPinTypeEthernetMII          
00002979  GPIOPinTypeGPIOInput            
0000299d  GPIOPinTypeGPIOOutput           
000029c1  GPIOPinTypeGPIOOutputOD         
000029e5  GPIOPinTypeHibernateRTCCLK      
00002a09  GPIOPinTypeI2C                  
00002a2d  GPIOPinTypeI2CSCL               
00002a51  GPIOPinTypeLCD                  
00002a75  GPIOPinTypeOneWire              
00002a99  GPIOPinTypePWM                  
00002abd  GPIOPinTypeQEI                  
00002ae1  GPIOPinTypeSSI                  
00002b05  GPIOPinTypeTimer                
00002b29  GPIOPinTypeTrace                
00002b4d  GPIOPinTypeUART                 
00002b71  GPIOPinTypeUSBAnalog            
00002b95  GPIOPinTypeUSBDigital           
00002bb9  GPIOPinTypeWakeHigh             
00002bdf  GPIOPinTypeWakeLow              
00002c05  GPIOPinWakeStatus               
00002839  GPIOPinWrite                    
00005c2f  I2CMasterBusy                   
00005c61  I2CMasterControl                
00005c65  I2CMasterDataGet                
00005c69  I2CMasterDataPut                
00005bfd  I2CMasterEnable                 
00005801  I2CMasterInitExpClk             
00005c37  I2CMasterSlaveAddrSet           
00004e05  InitI2C1                        
000004a9  IntDisable                      
00000437  IntEnable                       
00000525  IntIsEnabled                    
000002fb  IntMasterDisable                
000002eb  IntMasterEnable                 
0000061d  IntPendClear                    
000005ad  IntPendSet                      
00000413  IntPriorityGet                  
0000038b  IntPriorityGroupingGet          
00000371  IntPriorityGroupingSet          
00000677  IntPriorityMaskGet              
0000066b  IntPriorityMaskSet              
000003c3  IntPrioritySet                  
0000030b  IntRegister                     
0000067f  IntTrigger                      
0000035d  IntUnregister                   
00004ea7  ReadI2C1                        
000037d1  Read_Word_2c                    
00005be7  ResetISR                        
0000382b  Setup                           
0000387b  SetupMag                        
000015f5  SysCtlAltClkConfig              
00000d1d  SysCtlClockFreqSet              
000011e5  SysCtlClockGet                  
000015d9  SysCtlClockOutConfig            
00001015  SysCtlClockSet                  
00000c21  SysCtlDeepSleep                 
000013a9  SysCtlDeepSleepClockConfigSet   
0000138b  SysCtlDeepSleepClockSet         
00000c01  SysCtlDeepSleepPowerSet         
00005c57  SysCtlDelay                     
00000795  SysCtlFlashSectorSizeGet        
00000769  SysCtlFlashSizeGet              
0000147f  SysCtlGPIOAHBDisable            
00001463  SysCtlGPIOAHBEnable             
00000b95  SysCtlIntClear                  
00000b81  SysCtlIntDisable                
00000b69  SysCtlIntEnable                 
00000b45  SysCtlIntRegister               
00000ba5  SysCtlIntStatus                 
00000b59  SysCtlIntUnregister             
00000be7  SysCtlLDODeepSleepGet           
00000bd7  SysCtlLDODeepSleepSet           
00000bd1  SysCtlLDOSleepGet               
00000bc1  SysCtlLDOSleepSet               
00000c57  SysCtlMOSCConfigSet             
000015bd  SysCtlNMIClear                  
000015a9  SysCtlNMIStatus                 
00000c6d  SysCtlPIOSCCalibrate            
0000144d  SysCtlPWMClockGet               
00001433  SysCtlPWMClockSet               
00000aed  SysCtlPeripheralClockGating     
00000aad  SysCtlPeripheralDeepSleepDisable
00000a55  SysCtlPeripheralDeepSleepEnable 
00000995  SysCtlPeripheralDisable         
00000951  SysCtlPeripheralEnable          
00000885  SysCtlPeripheralPowerOff        
00000845  SysCtlPeripheralPowerOn         
000007c1  SysCtlPeripheralPresent         
00000801  SysCtlPeripheralReady           
000008c5  SysCtlPeripheralReset           
00000a19  SysCtlPeripheralSleepDisable    
000009d9  SysCtlPeripheralSleepEnable     
00000c11  SysCtlReset                     
00000ccd  SysCtlResetBehaviorGet          
00000cbd  SysCtlResetBehaviorSet          
00000c43  SysCtlResetCauseClear           
00000c3d  SysCtlResetCauseGet             
0000075f  SysCtlSRAMSizeGet               
00000c19  SysCtlSleep                     
00000bed  SysCtlSleepPowerSet             
000014a7  SysCtlUSBPLLDisable             
0000149b  SysCtlUSBPLLEnable              
000014ed  SysCtlVCOGet                    
000014d5  SysCtlVoltageEventClear         
000014b9  SysCtlVoltageEventConfig        
000014c9  SysCtlVoltageEventStatus        
00000279  SysTickDisable                  
0000026d  SysTickEnable                   
00002ceb  SysTickInt                      
000002bd  SysTickIntDisable               
000002b1  SysTickIntEnable                
00000285  SysTickIntRegister              
0000029d  SysTickIntUnregister            
000002db  SysTickPeriodGet                
000002c9  SysTickPeriodSet                
000002e3  SysTickValueGet                 
00001c01  TimerADCEventGet                
00001bef  TimerADCEventSet                
00002d0d  TimerBegin                      
0000191b  TimerClockSourceGet             
00001907  TimerClockSourceSet             
000016c9  TimerConfigure                  
00001801  TimerControlEvent               
00001749  TimerControlLevel               
0000182b  TimerControlStall               
0000178d  TimerControlTrigger             
0000186d  TimerControlWaitOnTrigger       
00001c21  TimerDMAEventGet                
00001c0f  TimerDMAEventSet                
000016a7  TimerDisable                    
00001689  TimerEnable                     
00001bcb  TimerIntClear                   
00001b95  TimerIntDisable                 
00001b7d  TimerIntEnable                  
00001b37  TimerIntRegister                
00001bad  TimerIntStatus                  
00001b5f  TimerIntUnregister              
000019ef  TimerLoadGet                    
00001a25  TimerLoadGet64                  
000019c5  TimerLoadSet                    
00001a0b  TimerLoadSet64                  
00001acf  TimerMatchGet                   
00001b05  TimerMatchGet64                 
00001aa5  TimerMatchSet                   
00001aeb  TimerMatchSet64                 
00001955  TimerPrescaleGet                
000019a9  TimerPrescaleMatchGet           
00001971  TimerPrescaleMatchSet           
0000192b  TimerPrescaleSet                
000018f1  TimerRTCDisable                 
000018d1  TimerRTCEnable                  
00001bdd  TimerSynchronize                
00001c2f  TimerUpdateMode                 
00001a57  TimerValueGet                   
00001a73  TimerValueGet64                 
00005c07  UARTCharGet                     
00005b97  UARTCharGetNonBlocking          
00005c11  UARTCharPut                     
00005ba5  UARTCharPutNonBlocking          
00005bb3  UARTCharsAvail                  
000058e1  UARTConfigSetExpClk             
00005acd  UARTDisable                     
00005b37  UARTEnable                      
00005c6d  UARTIntClear                    
00005c3f  UARTIntEnable                   
00005121  UARTIntHandler                  
00005c1b  UARTIntStatus                   
00003fdd  UARTStdioConfig                 
00004123  UARTgetc                        
00004069  UARTgets                        
00004443  UARTprintf                      
00005175  UARTsetup                       
00004149  UARTvprintf                     
00004023  UARTwrite                       
00004e53  WriteI2C1                       
20000a70  __STACK_END                     
00000800  __STACK_SIZE                    
20000470  __STACK_TOP                     
00006408  __TI_CINIT_Base                 
00006418  __TI_CINIT_Limit                
000063f0  __TI_Handler_Table_Base         
000063fc  __TI_Handler_Table_Limit        
00005929  __TI_auto_init_nobinit_nopinit  
00005637  __TI_decompress_lzss            
00005bc1  __TI_decompress_none            
ffffffff  __TI_pprof_out_hndl             
00002d71  __TI_printfi                    
ffffffff  __TI_prof_data_size             
ffffffff  __TI_prof_data_start            
00000000  __TI_static_base__              
00005b73  __TI_zero_init_nomemset         
000053d5  __aeabi_cdcmpeq                 
000053d5  __aeabi_cdcmple                 
0000545b  __aeabi_cdrcmple                
000055c9  __aeabi_d2f                     
00005899  __aeabi_d2iz                    
000048c3  __aeabi_dadd                    
00004bad  __aeabi_ddiv                    
00005025  __aeabi_dmul                    
000048b9  __aeabi_dsub                    
00005c49  __aeabi_errno_addr              
00005a65  __aeabi_f2d                     
00005a9d  __aeabi_i2d                     
000037cf  __aeabi_idiv0                   
000037cf  __aeabi_ldiv0                   
000054e1  __aeabi_memclr                  
000054e1  __aeabi_memclr4                 
000054e1  __aeabi_memclr8                 
000052a3  __aeabi_memcpy                  
000052a3  __aeabi_memcpy4                 
000052a3  __aeabi_memcpy8                 
000054e3  __aeabi_memset                  
000054e3  __aeabi_memset4                 
000054e3  __aeabi_memset8                 
0000596d  __aeabi_uidiv                   
0000596d  __aeabi_uidivmod                
0000533f  __aeabi_uldivmod                
ffffffff  __binit__                       
ffffffff  __c_args__                      
UNDEFED   __mpu_init                      
20000270  __stack                         
00005a2d  _c_int00_noargs                 
00005e28  _ctypes_                        
UNDEFED   _system_post_cinit              
00005c71  _system_pre_init                
00005c75  abort                           
20000aa0  acclBias                        
0000584d  atoi                            
ffffffff  binit                           
00005b4b  copysign                        
00005b4b  copysignl                       
20000ac0  errno                           
000056a1  frexp                           
000056a1  frexpl                          
20000000  g_pfnRAMVectors                 
00000000  g_pfnVectors                    
20000aac  gyroBias                        
00004f15  ldexp                           
00004f15  ldexpl                          
0000575b  ltoa                            
20000abd  mag_aj                          
20000a70  mag_offset                      
20000a88  mag_scale                       
00003b3d  main                            
00005aed  memccpy                         
000052a3  memcpy                          
000054e9  memset                          
20000ac4  millis                          
00004f15  scalbn                          
00004f15  scalbnl                         
000059ad  sprintf                         
00005b21  strchr                          
00005b5f  strlen                          
000020d9  uDMAChannelAssign               
00001d81  uDMAChannelAttributeDisable     
00001d2d  uDMAChannelAttributeEnable      
00001dd5  uDMAChannelAttributeGet         
00001e45  uDMAChannelControlSet           
00001cb9  uDMAChannelDisable              
00001ca1  uDMAChannelEnable               
00001cd1  uDMAChannelIsEnabled            
00002051  uDMAChannelModeGet              
00001d15  uDMAChannelRequest              
00001f7d  uDMAChannelScatterGatherSet     
00002135  uDMAChannelSelectDefault        
00002121  uDMAChannelSelectSecondary      
00002009  uDMAChannelSizeGet              
00001e85  uDMAChannelTransferSet          
00001d0f  uDMAControlAlternateBaseGet     
00001d09  uDMAControlBaseGet              
00001cf9  uDMAControlBaseSet              
00001c8b  uDMADisable                     
00001c83  uDMAEnable                      
00001c99  uDMAErrorStatusClear            
00001c93  uDMAErrorStatusGet              
000020c5  uDMAIntClear                    
00002097  uDMAIntRegister                 
000020bf  uDMAIntStatus                   
000020ad  uDMAIntUnregister               
00005b85  wcslen                          


GLOBAL SYMBOLS: SORTED BY Symbol Address 

address   name                            
-------   ----                            
00000000  __TI_static_base__              
00000000  g_pfnVectors                    
0000026d  SysTickEnable                   
00000279  SysTickDisable                  
00000285  SysTickIntRegister              
0000029d  SysTickIntUnregister            
000002b1  SysTickIntEnable                
000002bd  SysTickIntDisable               
000002c9  SysTickPeriodSet                
000002db  SysTickPeriodGet                
000002e3  SysTickValueGet                 
000002eb  IntMasterEnable                 
000002fb  IntMasterDisable                
0000030b  IntRegister                     
0000035d  IntUnregister                   
00000371  IntPriorityGroupingSet          
0000038b  IntPriorityGroupingGet          
000003c3  IntPrioritySet                  
00000413  IntPriorityGet                  
00000437  IntEnable                       
000004a9  IntDisable                      
00000525  IntIsEnabled                    
000005ad  IntPendSet                      
0000061d  IntPendClear                    
0000066b  IntPriorityMaskSet              
00000677  IntPriorityMaskGet              
0000067f  IntTrigger                      
0000075f  SysCtlSRAMSizeGet               
00000769  SysCtlFlashSizeGet              
00000795  SysCtlFlashSectorSizeGet        
000007c1  SysCtlPeripheralPresent         
00000800  __STACK_SIZE                    
00000801  SysCtlPeripheralReady           
00000845  SysCtlPeripheralPowerOn         
00000885  SysCtlPeripheralPowerOff        
000008c5  SysCtlPeripheralReset           
00000951  SysCtlPeripheralEnable          
00000995  SysCtlPeripheralDisable         
000009d9  SysCtlPeripheralSleepEnable     
00000a19  SysCtlPeripheralSleepDisable    
00000a55  SysCtlPeripheralDeepSleepEnable 
00000aad  SysCtlPeripheralDeepSleepDisable
00000aed  SysCtlPeripheralClockGating     
00000b45  SysCtlIntRegister               
00000b59  SysCtlIntUnregister             
00000b69  SysCtlIntEnable                 
00000b81  SysCtlIntDisable                
00000b95  SysCtlIntClear                  
00000ba5  SysCtlIntStatus                 
00000bc1  SysCtlLDOSleepSet               
00000bd1  SysCtlLDOSleepGet               
00000bd7  SysCtlLDODeepSleepSet           
00000be7  SysCtlLDODeepSleepGet           
00000bed  SysCtlSleepPowerSet             
00000c01  SysCtlDeepSleepPowerSet         
00000c11  SysCtlReset                     
00000c19  SysCtlSleep                     
00000c21  SysCtlDeepSleep                 
00000c3d  SysCtlResetCauseGet             
00000c43  SysCtlResetCauseClear           
00000c57  SysCtlMOSCConfigSet             
00000c6d  SysCtlPIOSCCalibrate            
00000cbd  SysCtlResetBehaviorSet          
00000ccd  SysCtlResetBehaviorGet          
00000d1d  SysCtlClockFreqSet              
00001015  SysCtlClockSet                  
000011e5  SysCtlClockGet                  
0000138b  SysCtlDeepSleepClockSet         
000013a9  SysCtlDeepSleepClockConfigSet   
00001433  SysCtlPWMClockSet               
0000144d  SysCtlPWMClockGet               
00001463  SysCtlGPIOAHBEnable             
0000147f  SysCtlGPIOAHBDisable            
0000149b  SysCtlUSBPLLEnable              
000014a7  SysCtlUSBPLLDisable             
000014b9  SysCtlVoltageEventConfig        
000014c9  SysCtlVoltageEventStatus        
000014d5  SysCtlVoltageEventClear         
000014ed  SysCtlVCOGet                    
000015a9  SysCtlNMIStatus                 
000015bd  SysCtlNMIClear                  
000015d9  SysCtlClockOutConfig            
000015f5  SysCtlAltClkConfig              
00001689  TimerEnable                     
000016a7  TimerDisable                    
000016c9  TimerConfigure                  
00001749  TimerControlLevel               
0000178d  TimerControlTrigger             
00001801  TimerControlEvent               
0000182b  TimerControlStall               
0000186d  TimerControlWaitOnTrigger       
000018d1  TimerRTCEnable                  
000018f1  TimerRTCDisable                 
00001907  TimerClockSourceSet             
0000191b  TimerClockSourceGet             
0000192b  TimerPrescaleSet                
00001955  TimerPrescaleGet                
00001971  TimerPrescaleMatchSet           
000019a9  TimerPrescaleMatchGet           
000019c5  TimerLoadSet                    
000019ef  TimerLoadGet                    
00001a0b  TimerLoadSet64                  
00001a25  TimerLoadGet64                  
00001a57  TimerValueGet                   
00001a73  TimerValueGet64                 
00001aa5  TimerMatchSet                   
00001acf  TimerMatchGet                   
00001aeb  TimerMatchSet64                 
00001b05  TimerMatchGet64                 
00001b37  TimerIntRegister                
00001b5f  TimerIntUnregister              
00001b7d  TimerIntEnable                  
00001b95  TimerIntDisable                 
00001bad  TimerIntStatus                  
00001bcb  TimerIntClear                   
00001bdd  TimerSynchronize                
00001bef  TimerADCEventSet                
00001c01  TimerADCEventGet                
00001c0f  TimerDMAEventSet                
00001c21  TimerDMAEventGet                
00001c2f  TimerUpdateMode                 
00001c83  uDMAEnable                      
00001c8b  uDMADisable                     
00001c93  uDMAErrorStatusGet              
00001c99  uDMAErrorStatusClear            
00001ca1  uDMAChannelEnable               
00001cb9  uDMAChannelDisable              
00001cd1  uDMAChannelIsEnabled            
00001cf9  uDMAControlBaseSet              
00001d09  uDMAControlBaseGet              
00001d0f  uDMAControlAlternateBaseGet     
00001d15  uDMAChannelRequest              
00001d2d  uDMAChannelAttributeEnable      
00001d81  uDMAChannelAttributeDisable     
00001dd5  uDMAChannelAttributeGet         
00001e45  uDMAChannelControlSet           
00001e85  uDMAChannelTransferSet          
00001f7d  uDMAChannelScatterGatherSet     
00002009  uDMAChannelSizeGet              
00002051  uDMAChannelModeGet              
00002097  uDMAIntRegister                 
000020ad  uDMAIntUnregister               
000020bf  uDMAIntStatus                   
000020c5  uDMAIntClear                    
000020d9  uDMAChannelAssign               
00002121  uDMAChannelSelectSecondary      
00002135  uDMAChannelSelectDefault        
000021ab  GPIODirModeSet                  
00002207  GPIODirModeGet                  
0000225d  GPIOIntTypeSet                  
00002301  GPIOIntTypeGet                  
000023a1  GPIOPadConfigSet                
000025db  GPIOPadConfigGet                
0000272d  GPIOIntEnable                   
00002747  GPIOIntDisable                  
00002761  GPIOIntStatus                   
00002783  GPIOIntClear                    
00002797  GPIOIntRegister                 
000027b5  GPIOIntUnregister               
000027cf  GPIOIntRegisterPin              
000027fd  GPIOIntUnregisterPin            
00002821  GPIOPinRead                     
00002839  GPIOPinWrite                    
00002859  GPIOPinTypeADC                  
0000287d  GPIOPinTypeCAN                  
000028a1  GPIOPinTypeComparator           
000028c5  GPIOPinTypeComparatorOutput     
000028e9  GPIOPinTypeDIVSCLK              
0000290d  GPIOPinTypeEPI                  
00002931  GPIOPinTypeEthernetLED          
00002955  GPIOPinTypeEthernetMII          
00002979  GPIOPinTypeGPIOInput            
0000299d  GPIOPinTypeGPIOOutput           
000029c1  GPIOPinTypeGPIOOutputOD         
000029e5  GPIOPinTypeHibernateRTCCLK      
00002a09  GPIOPinTypeI2C                  
00002a2d  GPIOPinTypeI2CSCL               
00002a51  GPIOPinTypeLCD                  
00002a75  GPIOPinTypeOneWire              
00002a99  GPIOPinTypePWM                  
00002abd  GPIOPinTypeQEI                  
00002ae1  GPIOPinTypeSSI                  
00002b05  GPIOPinTypeTimer                
00002b29  GPIOPinTypeTrace                
00002b4d  GPIOPinTypeUART                 
00002b71  GPIOPinTypeUSBAnalog            
00002b95  GPIOPinTypeUSBDigital           
00002bb9  GPIOPinTypeWakeHigh             
00002bdf  GPIOPinTypeWakeLow              
00002c05  GPIOPinWakeStatus               
00002c15  GPIOPinConfigure                
00002c73  GPIODMATriggerEnable            
00002c91  GPIODMATriggerDisable           
00002caf  GPIOADCTriggerEnable            
00002ccd  GPIOADCTriggerDisable           
00002ceb  SysTickInt                      
00002d0d  TimerBegin                      
00002d71  __TI_printfi                    
000037cf  __aeabi_idiv0                   
000037cf  __aeabi_ldiv0                   
000037d1  Read_Word_2c                    
0000382b  Setup                           
0000387b  SetupMag                        
000038bf  CalibrateMPU                    
00003b3d  main                            
00003fdd  UARTStdioConfig                 
00004023  UARTwrite                       
00004069  UARTgets                        
00004123  UARTgetc                        
00004149  UARTvprintf                     
00004443  UARTprintf                      
000048b9  __aeabi_dsub                    
000048c3  __aeabi_dadd                    
00004bad  __aeabi_ddiv                    
00004e05  InitI2C1                        
00004e53  WriteI2C1                       
00004ea7  ReadI2C1                        
00004f15  ldexp                           
00004f15  ldexpl                          
00004f15  scalbn                          
00004f15  scalbnl                         
00005025  __aeabi_dmul                    
00005121  UARTIntHandler                  
00005175  UARTsetup                       
000052a3  __aeabi_memcpy                  
000052a3  __aeabi_memcpy4                 
000052a3  __aeabi_memcpy8                 
000052a3  memcpy                          
0000533f  __aeabi_uldivmod                
000053d5  __aeabi_cdcmpeq                 
000053d5  __aeabi_cdcmple                 
0000545b  __aeabi_cdrcmple                
000054e1  __aeabi_memclr                  
000054e1  __aeabi_memclr4                 
000054e1  __aeabi_memclr8                 
000054e3  __aeabi_memset                  
000054e3  __aeabi_memset4                 
000054e3  __aeabi_memset8                 
000054e9  memset                          
000055c9  __aeabi_d2f                     
00005637  __TI_decompress_lzss            
000056a1  frexp                           
000056a1  frexpl                          
0000575b  ltoa                            
00005801  I2CMasterInitExpClk             
0000584d  atoi                            
00005899  __aeabi_d2iz                    
000058e1  UARTConfigSetExpClk             
00005929  __TI_auto_init_nobinit_nopinit  
0000596d  __aeabi_uidiv                   
0000596d  __aeabi_uidivmod                
000059ad  sprintf                         
00005a2d  _c_int00_noargs                 
00005a65  __aeabi_f2d                     
00005a9d  __aeabi_i2d                     
00005acd  UARTDisable                     
00005aed  memccpy                         
00005b21  strchr                          
00005b37  UARTEnable                      
00005b4b  copysign                        
00005b4b  copysignl                       
00005b5f  strlen                          
00005b73  __TI_zero_init_nomemset         
00005b85  wcslen                          
00005b97  UARTCharGetNonBlocking          
00005ba5  UARTCharPutNonBlocking          
00005bb3  UARTCharsAvail                  
00005bc1  __TI_decompress_none            
00005bcf  CPUcpsid                        
00005bdb  CPUcpsie                        
00005be7  ResetISR                        
00005bf3  CPUbasepriGet                   
00005bfd  I2CMasterEnable                 
00005c07  UARTCharGet                     
00005c11  UARTCharPut                     
00005c1b  UARTIntStatus                   
00005c2f  I2CMasterBusy                   
00005c37  I2CMasterSlaveAddrSet           
00005c3f  UARTIntEnable                   
00005c49  __aeabi_errno_addr              
00005c51  CPUbasepriSet                   
00005c57  SysCtlDelay                     
00005c5d  CPUwfi                          
00005c61  I2CMasterControl                
00005c65  I2CMasterDataGet                
00005c69  I2CMasterDataPut                
00005c6d  UARTIntClear                    
00005c71  _system_pre_init                
00005c75  C$$EXIT                         
00005c75  abort                           
00005e28  _ctypes_                        
000063f0  __TI_Handler_Table_Base         
000063fc  __TI_Handler_Table_Limit        
00006408  __TI_CINIT_Base                 
00006418  __TI_CINIT_Limit                
20000000  g_pfnRAMVectors                 
20000270  __stack                         
20000470  __STACK_TOP                     
20000a70  __STACK_END                     
20000a70  mag_offset                      
20000a88  mag_scale                       
20000aa0  acclBias                        
20000aac  gyroBias                        
20000abd  mag_aj                          
20000ac0  errno                           
20000ac4  millis                          
ffffffff  __TI_pprof_out_hndl             
ffffffff  __TI_prof_data_size             
ffffffff  __TI_prof_data_start            
ffffffff  __binit__                       
ffffffff  __c_args__                      
ffffffff  binit                           
UNDEFED   __mpu_init                      
UNDEFED   _system_post_cinit              

[314 symbols]
